Component: ARM Compiler 5.06 (build 20) Tool: armlink [4d35a3]

==============================================================================

Section Cross References

    stm32f7xx_ll_fmc.o(i.FMC_NAND_GetECC) refers to stm32f7xx_hal.o(i.HAL_GetTick) for HAL_GetTick
    stm32f7xx_ll_fmc.o(i.FMC_SDRAM_SendCommand) refers to stm32f7xx_hal.o(i.HAL_GetTick) for HAL_GetTick
    stm32f7xx_hal_rcc.o(i.HAL_RCC_ClockConfig) refers to stm32f7xx_hal.o(i.HAL_GetTick) for HAL_GetTick
    stm32f7xx_hal_rcc.o(i.HAL_RCC_ClockConfig) refers to stm32f7xx_hal.o(i.HAL_InitTick) for HAL_InitTick
    stm32f7xx_hal_rcc.o(i.HAL_RCC_GetHCLKFreq) refers to stm32f7xx_hal_rcc.o(i.HAL_RCC_GetSysClockFreq) for HAL_RCC_GetSysClockFreq
    stm32f7xx_hal_rcc.o(i.HAL_RCC_GetHCLKFreq) refers to system_stm32f7xx.o(.data) for SystemCoreClock
    stm32f7xx_hal_rcc.o(i.HAL_RCC_GetHCLKFreq) refers to stm32f7xx_hal_rcc.o(.constdata) for .constdata
    stm32f7xx_hal_rcc.o(i.HAL_RCC_GetPCLK1Freq) refers to stm32f7xx_hal_rcc.o(i.HAL_RCC_GetHCLKFreq) for HAL_RCC_GetHCLKFreq
    stm32f7xx_hal_rcc.o(i.HAL_RCC_GetPCLK1Freq) refers to stm32f7xx_hal_rcc.o(.constdata) for .constdata
    stm32f7xx_hal_rcc.o(i.HAL_RCC_GetPCLK2Freq) refers to stm32f7xx_hal_rcc.o(i.HAL_RCC_GetHCLKFreq) for HAL_RCC_GetHCLKFreq
    stm32f7xx_hal_rcc.o(i.HAL_RCC_GetPCLK2Freq) refers to stm32f7xx_hal_rcc.o(.constdata) for .constdata
    stm32f7xx_hal_rcc.o(i.HAL_RCC_MCOConfig) refers to stm32f7xx_hal_gpio.o(i.HAL_GPIO_Init) for HAL_GPIO_Init
    stm32f7xx_hal_rcc.o(i.HAL_RCC_NMI_IRQHandler) refers to stm32f7xx_hal_rcc.o(i.HAL_RCC_CSSCallback) for HAL_RCC_CSSCallback
    stm32f7xx_hal_rcc.o(i.HAL_RCC_OscConfig) refers to stm32f7xx_hal.o(i.HAL_GetTick) for HAL_GetTick
    stm32f7xx_hal_gpio.o(i.HAL_GPIO_EXTI_IRQHandler) refers to stm32f7xx_hal_gpio.o(i.HAL_GPIO_EXTI_Callback) for HAL_GPIO_EXTI_Callback
    stm32f7xx_hal_dma_ex.o(i.HAL_DMAEx_MultiBufferStart) refers to stm32f7xx_hal_dma_ex.o(i.DMA_MultiBufferSetConfig) for DMA_MultiBufferSetConfig
    stm32f7xx_hal_dma_ex.o(i.HAL_DMAEx_MultiBufferStart_IT) refers to stm32f7xx_hal_dma_ex.o(i.DMA_MultiBufferSetConfig) for DMA_MultiBufferSetConfig
    stm32f7xx_hal_cortex.o(i.HAL_NVIC_SetPriority) refers to stm32f7xx_hal_cortex.o(i.NVIC_SetPriority) for NVIC_SetPriority
    stm32f7xx_hal_cortex.o(i.HAL_SYSTICK_Config) refers to stm32f7xx_hal_cortex.o(i.NVIC_SetPriority) for NVIC_SetPriority
    stm32f7xx_hal_cortex.o(i.HAL_SYSTICK_IRQHandler) refers to stm32f7xx_hal_cortex.o(i.HAL_SYSTICK_Callback) for HAL_SYSTICK_Callback
    stm32f7xx_hal_dma2d.o(i.HAL_DMA2D_Abort) refers to stm32f7xx_hal.o(i.HAL_GetTick) for HAL_GetTick
    stm32f7xx_hal_dma2d.o(i.HAL_DMA2D_BlendingStart) refers to stm32f7xx_hal_dma2d.o(i.DMA2D_SetConfig) for DMA2D_SetConfig
    stm32f7xx_hal_dma2d.o(i.HAL_DMA2D_BlendingStart_IT) refers to stm32f7xx_hal_dma2d.o(i.DMA2D_SetConfig) for DMA2D_SetConfig
    stm32f7xx_hal_dma2d.o(i.HAL_DMA2D_DeInit) refers to stm32f7xx_hal_dma2d.o(i.HAL_DMA2D_MspDeInit) for HAL_DMA2D_MspDeInit
    stm32f7xx_hal_dma2d.o(i.HAL_DMA2D_Init) refers to stm32f7xx_hal_dma2d.o(i.HAL_DMA2D_MspInit) for HAL_DMA2D_MspInit
    stm32f7xx_hal_dma2d.o(i.HAL_DMA2D_PollForTransfer) refers to stm32f7xx_hal.o(i.HAL_GetTick) for HAL_GetTick
    stm32f7xx_hal_dma2d.o(i.HAL_DMA2D_Start) refers to stm32f7xx_hal_dma2d.o(i.DMA2D_SetConfig) for DMA2D_SetConfig
    stm32f7xx_hal_dma2d.o(i.HAL_DMA2D_Start_IT) refers to stm32f7xx_hal_dma2d.o(i.DMA2D_SetConfig) for DMA2D_SetConfig
    stm32f7xx_hal_dma2d.o(i.HAL_DMA2D_Suspend) refers to stm32f7xx_hal.o(i.HAL_GetTick) for HAL_GetTick
    stm32f7xx_hal_flash.o(i.FLASH_SetErrorCode) refers to stm32f7xx_hal_flash.o(.bss) for .bss
    stm32f7xx_hal_flash.o(i.FLASH_WaitForLastOperation) refers to stm32f7xx_hal.o(i.HAL_GetTick) for HAL_GetTick
    stm32f7xx_hal_flash.o(i.FLASH_WaitForLastOperation) refers to stm32f7xx_hal_flash.o(i.FLASH_SetErrorCode) for FLASH_SetErrorCode
    stm32f7xx_hal_flash.o(i.FLASH_WaitForLastOperation) refers to stm32f7xx_hal_flash.o(.bss) for .bss
    stm32f7xx_hal_flash.o(i.HAL_FLASH_GetError) refers to stm32f7xx_hal_flash.o(.bss) for .bss
    stm32f7xx_hal_flash.o(i.HAL_FLASH_IRQHandler) refers to stm32f7xx_hal_flash.o(i.HAL_FLASH_EndOfOperationCallback) for HAL_FLASH_EndOfOperationCallback
    stm32f7xx_hal_flash.o(i.HAL_FLASH_IRQHandler) refers to stm32f7xx_hal_flash_ex.o(i.FLASH_Erase_Sector) for FLASH_Erase_Sector
    stm32f7xx_hal_flash.o(i.HAL_FLASH_IRQHandler) refers to stm32f7xx_hal_flash.o(i.FLASH_SetErrorCode) for FLASH_SetErrorCode
    stm32f7xx_hal_flash.o(i.HAL_FLASH_IRQHandler) refers to stm32f7xx_hal_flash.o(i.HAL_FLASH_OperationErrorCallback) for HAL_FLASH_OperationErrorCallback
    stm32f7xx_hal_flash.o(i.HAL_FLASH_IRQHandler) refers to stm32f7xx_hal_flash.o(.bss) for .bss
    stm32f7xx_hal_flash.o(i.HAL_FLASH_OB_Launch) refers to stm32f7xx_hal_flash.o(i.FLASH_WaitForLastOperation) for FLASH_WaitForLastOperation
[...]
    __rt_final_exit                          0x080001d9   Thumb Code     0  entry11a.o(.ARM.Collect$$$$0000000F)
    Reset_Handler                            0x080001dd   Thumb Code     8  startup_stm32f746xx.o(.text)
    ADC_IRQHandler                           0x080001f7   Thumb Code     0  startup_stm32f746xx.o(.text)
    CAN1_RX0_IRQHandler                      0x080001f7   Thumb Code     0  startup_stm32f746xx.o(.text)
    CAN1_RX1_IRQHandler                      0x080001f7   Thumb Code     0  startup_stm32f746xx.o(.text)
    CAN1_SCE_IRQHandler                      0x080001f7   Thumb Code     0  startup_stm32f746xx.o(.text)
    CAN1_TX_IRQHandler                       0x080001f7   Thumb Code     0  startup_stm32f746xx.o(.text)
    CAN2_RX0_IRQHandler                      0x080001f7   Thumb Code     0  startup_stm32f746xx.o(.text)
    CAN2_RX1_IRQHandler                      0x080001f7   Thumb Code     0  startup_stm32f746xx.o(.text)
    CAN2_SCE_IRQHandler                      0x080001f7   Thumb Code     0  startup_stm32f746xx.o(.text)
    CAN2_TX_IRQHandler                       0x080001f7   Thumb Code     0  startup_stm32f746xx.o(.text)
    CEC_IRQHandler                           0x080001f7   Thumb Code     0  startup_stm32f746xx.o(.text)
    DCMI_IRQHandler                          0x080001f7   Thumb Code     0  startup_stm32f746xx.o(.text)
    DMA1_Stream0_IRQHandler                  0x080001f7   Thumb Code     0  startup_stm32f746xx.o(.text)
    DMA1_Stream1_IRQHandler                  0x080001f7   Thumb Code     0  startup_stm32f746xx.o(.text)
    DMA1_Stream2_IRQHandler                  0x080001f7   Thumb Code     0  startup_stm32f746xx.o(.text)
    DMA1_Stream3_IRQHandler                  0x080001f7   Thumb Code     0  startup_stm32f746xx.o(.text)
    DMA1_Stream4_IRQHandler                  0x080001f7   Thumb Code     0  startup_stm32f746xx.o(.text)
    DMA1_Stream5_IRQHandler                  0x080001f7   Thumb Code     0  startup_stm32f746xx.o(.text)
    DMA1_Stream6_IRQHandler                  0x080001f7   Thumb Code     0  startup_stm32f746xx.o(.text)
    DMA1_Stream7_IRQHandler                  0x080001f7   Thumb Code     0  startup_stm32f746xx.o(.text)
    DMA2D_IRQHandler                         0x080001f7   Thumb Code     0  startup_stm32f746xx.o(.text)
    DMA2_Stream0_IRQHandler                  0x080001f7   Thumb Code     0  startup_stm32f746xx.o(.text)
    DMA2_Stream1_IRQHandler                  0x080001f7   Thumb Code     0  startup_stm32f746xx.o(.text)
    DMA2_Stream2_IRQHandler                  0x080001f7   Thumb Code     0  startup_stm32f746xx.o(.text)
    DMA2_Stream3_IRQHandler                  0x080001f7   Thumb Code     0  startup_stm32f746xx.o(.text)
    DMA2_Stream5_IRQHandler                  0x080001f7   Thumb Code     0  startup_stm32f746xx.o(.text)
    DMA2_Stream6_IRQHandler                  0x080001f7   Thumb Code     0  startup_stm32f746xx.o(.text)
    ETH_IRQHandler                           0x080001f7   Thumb Code     0  startup_stm32f746xx.o(.text)
    ETH_WKUP_IRQHandler                      0x080001f7   Thumb Code     0  startup_stm32f746xx.o(.text)
    EXTI0_IRQHandler                         0x080001f7   Thumb Code     0  startup_stm32f746xx.o(.text)
    EXTI15_10_IRQHandler                     0x080001f7   Thumb Code     0  startup_stm32f746xx.o(.text)
    EXTI1_IRQHandler                         0x080001f7   Thumb Code     0  startup_stm32f746xx.o(.text)
    EXTI2_IRQHandler                         0x080001f7   Thumb Code     0  startup_stm32f746xx.o(.text)
    EXTI3_IRQHandler                         0x080001f7   Thumb Code     0  startup_stm32f746xx.o(.text)
    EXTI4_IRQHandler                         0x080001f7   Thumb Code     0  startup_stm32f746xx.o(.text)
    EXTI9_5_IRQHandler                       0x080001f7   Thumb Code     0  startup_stm32f746xx.o(.text)
    FLASH_IRQHandler                         0x080001f7   Thumb Code     0  startup_stm32f746xx.o(.text)
    FMC_IRQHandler                           0x080001f7   Thumb Code     0  startup_stm32f746xx.o(.text)
    FPU_IRQHandler                           0x080001f7   Thumb Code     0  startup_stm32f746xx.o(.text)
    I2C1_ER_IRQHandler                       0x080001f7   Thumb Code     0  startup_stm32f746xx.o(.text)
    I2C1_EV_IRQHandler                       0x080001f7   Thumb Code     0  startup_stm32f746xx.o(.text)
    I2C2_ER_IRQHandler                       0x080001f7   Thumb Code     0  startup_stm32f746xx.o(.text)
    I2C2_EV_IRQHandler                       0x080001f7   Thumb Code     0  startup_stm32f746xx.o(.text)
    I2C3_ER_IRQHandler                       0x080001f7   Thumb Code     0  startup_stm32f746xx.o(.text)
    I2C3_EV_IRQHandler                       0x080001f7   Thumb Code     0  startup_stm32f746xx.o(.text)
    I2C4_ER_IRQHandler                       0x080001f7   Thumb Code     0  startup_stm32f746xx.o(.text)
    I2C4_EV_IRQHandler                       0x080001f7   Thumb Code     0  startup_stm32f746xx.o(.text)
    LPTIM1_IRQHandler                        0x080001f7   Thumb Code     0  startup_stm32f746xx.o(.text)
    LTDC_ER_IRQHandler                       0x080001f7   Thumb Code     0  startup_stm32f746xx.o(.text)
    LTDC_IRQHandler                          0x080001f7   Thumb Code     0  startup_stm32f746xx.o(.text)
    OTG_FS_IRQHandler                        0x080001f7   Thumb Code     0  startup_stm32f746xx.o(.text)
    OTG_FS_WKUP_IRQHandler                   0x080001f7   Thumb Code     0  startup_stm32f746xx.o(.text)
    OTG_HS_EP1_IN_IRQHandler                 0x080001f7   Thumb Code     0  startup_stm32f746xx.o(.text)
    OTG_HS_EP1_OUT_IRQHandler                0x080001f7   Thumb Code     0  startup_stm32f746xx.o(.text)
    OTG_HS_IRQHandler                        0x080001f7   Thumb Code     0  startup_stm32f746xx.o(.text)
    OTG_HS_WKUP_IRQHandler                   0x080001f7   Thumb Code     0  startup_stm32f746xx.o(.text)
    PVD_IRQHandler                           0x080001f7   Thumb Code     0  startup_stm32f746xx.o(.text)
    QUADSPI_IRQHandler                       0x080001f7   Thumb Code     0  startup_stm32f746xx.o(.text)
    RCC_IRQHandler                           0x080001f7   Thumb Code     0  startup_stm32f746xx.o(.text)
    RNG_IRQHandler                           0x080001f7   Thumb Code     0  startup_stm32f746xx.o(.text)
    RTC_Alarm_IRQHandler                     0x080001f7   Thumb Code     0  startup_stm32f746xx.o(.text)
    RTC_WKUP_IRQHandler                      0x080001f7   Thumb Code     0  startup_stm32f746xx.o(.text)
    SAI1_IRQHandler                          0x080001f7   Thumb Code     0  startup_stm32f746xx.o(.text)
    SAI2_IRQHandler                          0x080001f7   Thumb Code     0  startup_stm32f746xx.o(.text)
    SDMMC1_IRQHandler                        0x080001f7   Thumb Code     0  startup_stm32f746xx.o(.text)
    SPDIF_RX_IRQHandler                      0x080001f7   Thumb Code     0  startup_stm32f746xx.o(.text)
    SPI1_IRQHandler                          0x080001f7   Thumb Code     0  startup_stm32f746xx.o(.text)
    SPI2_IRQHandler                          0x080001f7   Thumb Code     0  startup_stm32f746xx.o(.text)
    SPI3_IRQHandler                          0x080001f7   Thumb Code     0  startup_stm32f746xx.o(.text)
    SPI4_IRQHandler                          0x080001f7   Thumb Code     0  startup_stm32f746xx.o(.text)
    SPI5_IRQHandler                          0x080001f7   Thumb Code     0  startup_stm32f746xx.o(.text)
    SPI6_IRQHandler                          0x080001f7   Thumb Code     0  startup_stm32f746xx.o(.text)
    TAMP_STAMP_IRQHandler                    0x080001f7   Thumb Code     0  startup_stm32f746xx.o(.text)
    TIM1_BRK_TIM9_IRQHandler                 0x080001f7   Thumb Code     0  startup_stm32f746xx.o(.text)
    TIM1_CC_IRQHandler                       0x080001f7   Thumb Code     0  startup_stm32f746xx.o(.text)
    TIM1_TRG_COM_TIM11_IRQHandler            0x080001f7   Thumb Code     0  startup_stm32f746xx.o(.text)
    TIM1_UP_TIM10_IRQHandler                 0x080001f7   Thumb Code     0  startup_stm32f746xx.o(.text)
    TIM2_IRQHandler                          0x080001f7   Thumb Code     0  startup_stm32f746xx.o(.text)
    TIM3_IRQHandler                          0x080001f7   Thumb Code     0  startup_stm32f746xx.o(.text)
    TIM4_IRQHandler                          0x080001f7   Thumb Code     0  startup_stm32f746xx.o(.text)
    TIM5_IRQHandler                          0x080001f7   Thumb Code     0  startup_stm32f746xx.o(.text)
    TIM6_DAC_IRQHandler                      0x080001f7   Thumb Code     0  startup_stm32f746xx.o(.text)
    TIM7_IRQHandler                          0x080001f7   Thumb Code     0  startup_stm32f746xx.o(.text)
    TIM8_BRK_TIM12_IRQHandler                0x080001f7   Thumb Code     0  startup_stm32f746xx.o(.text)
    TIM8_CC_IRQHandler                       0x080001f7   Thumb Code     0  startup_stm32f746xx.o(.text)
    TIM8_TRG_COM_TIM14_IRQHandler            0x080001f7   Thumb Code     0  startup_stm32f746xx.o(.text)
    TIM8_UP_TIM13_IRQHandler                 0x080001f7   Thumb Code     0  startup_stm32f746xx.o(.text)
    UART4_IRQHandler                         0x080001f7   Thumb Code     0  startup_stm32f746xx.o(.text)
    UART5_IRQHandler                         0x080001f7   Thumb Code     0  startup_stm32f746xx.o(.text)
    UART7_IRQHandler                         0x080001f7   Thumb Code     0  startup_stm32f746xx.o(.text)
    UART8_IRQHandler                         0x080001f7   Thumb Code     0  startup_stm32f746xx.o(.text)
    USART1_IRQHandler                        0x080001f7   Thumb Code     0  startup_stm32f746xx.o(.text)
    USART2_IRQHandler                        0x080001f7   Thumb Code     0  startup_stm32f746xx.o(.text)
    USART3_IRQHandler                        0x080001f7   Thumb Code     0  startup_stm32f746xx.o(.text)
    USART6_IRQHandler                        0x080001f7   Thumb Code     0  startup_stm32f746xx.o(.text)
    WWDG_IRQHandler                          0x080001f7   Thumb Code     0  startup_stm32f746xx.o(.text)
    __aeabi_memcpy                           0x08000201   Thumb Code    36  memcpya.o(.text)
    __aeabi_memcpy4                          0x08000201   Thumb Code     0  memcpya.o(.text)
    __aeabi_memcpy8                          0x08000201   Thumb Code     0  memcpya.o(.text)
    __aeabi_memset                           0x08000225   Thumb Code    14  memseta.o(.text)
    __aeabi_memset4                          0x08000225   Thumb Code     0  memseta.o(.text)
    __aeabi_memset8                          0x08000225   Thumb Code     0  memseta.o(.text)
    __aeabi_memclr                           0x08000233   Thumb Code     4  memseta.o(.text)
    __aeabi_memclr4                          0x08000233   Thumb Code     0  memseta.o(.text)
    __aeabi_memclr8                          0x08000233   Thumb Code     0  memseta.o(.text)
    _memset$wrapper                          0x08000237   Thumb Code    18  memseta.o(.text)
    strncmp                                  0x08000249   Thumb Code    30  strncmp.o(.text)
    __aeabi_dmul                             0x08000267   Thumb Code   228  dmul.o(.text)
    __aeabi_ui2d                             0x0800034b   Thumb Code    26  dfltui.o(.text)
    __aeabi_d2f                              0x08000365   Thumb Code    56  d2f.o(.text)
    __aeabi_uldivmod                         0x0800039d   Thumb Code    98  uldiv.o(.text)
    __I$use$fp                               0x080003ff   Thumb Code     0  iusefp.o(.text)
    _float_round                             0x080003ff   Thumb Code    18  fepilogue.o(.text)
    _float_epilogue                          0x08000411   Thumb Code    92  fepilogue.o(.text)
    _double_round                            0x0800046d   Thumb Code    30  depilogue.o(.text)
    _double_epilogue                         0x0800048b   Thumb Code   156  depilogue.o(.text)
    __scatterload                            0x08000529   Thumb Code    28  init.o(.text)
    __scatterload_rt2                        0x08000529   Thumb Code     0  init.o(.text)
    __aeabi_llsl                             0x0800054d   Thumb Code    30  llshl.o(.text)
    _ll_shift_l                              0x0800054d   Thumb Code     0  llshl.o(.text)
    __aeabi_llsr                             0x0800056b   Thumb Code    32  llushr.o(.text)
    _ll_ushift_r                             0x0800056b   Thumb Code     0  llushr.o(.text)
    AUDIO_IO_DeInit                          0x0800058b   Thumb Code     2  stm32746g_discovery.o(i.AUDIO_IO_DeInit)
    AUDIO_IO_Delay                           0x0800058d   Thumb Code     4  stm32746g_discovery.o(i.AUDIO_IO_Delay)
    AUDIO_IO_Init                            0x08000591   Thumb Code     6  stm32746g_discovery.o(i.AUDIO_IO_Init)
    AUDIO_IO_Read                            0x0800059d   Thumb Code    46  stm32746g_discovery.o(i.AUDIO_IO_Read)
    AUDIO_IO_Write                           0x080005d1   Thumb Code    46  stm32746g_discovery.o(i.AUDIO_IO_Write)
    BSP_AUDIO_IN_Error_CallBack              0x08000605   Thumb Code     2  stm32746g_discovery_audio.o(i.BSP_AUDIO_IN_Error_CallBack)
    BSP_AUDIO_OUT_ClockConfig                0x08000607   Thumb Code    98  my_waveplayer.o(i.BSP_AUDIO_OUT_ClockConfig)
    BSP_AUDIO_OUT_Error_CallBack             0x08000669   Thumb Code     2  stm32746g_discovery_audio.o(i.BSP_AUDIO_OUT_Error_CallBack)
    BSP_AUDIO_OUT_HalfTransfer_CallBack      0x0800066d   Thumb Code    16  my_waveplayer.o(i.BSP_AUDIO_OUT_HalfTransfer_CallBack)
    BSP_AUDIO_OUT_Init                       0x08000685   Thumb Code   100  stm32746g_discovery_audio.o(i.BSP_AUDIO_OUT_Init)
    BSP_AUDIO_OUT_MspInit                    0x080006f9   Thumb Code   288  stm32746g_discovery_audio.o(i.BSP_AUDIO_OUT_MspInit)
    BSP_AUDIO_OUT_Play                       0x0800082d   Thumb Code    54  stm32746g_discovery_audio.o(i.BSP_AUDIO_OUT_Play)
    BSP_AUDIO_OUT_SetAudioFrameSlot          0x0800086d   Thumb Code    34  stm32746g_discovery_audio.o(i.BSP_AUDIO_OUT_SetAudioFrameSlot)
    BSP_AUDIO_OUT_Stop                       0x08000895   Thumb Code    42  stm32746g_discovery_audio.o(i.BSP_AUDIO_OUT_Stop)
    BSP_AUDIO_OUT_TransferComplete_CallBack  0x080008c9   Thumb Code    16  my_waveplayer.o(i.BSP_AUDIO_OUT_TransferComplete_CallBack)
    BSP_LCD_Clear                            0x080008e1   Thumb Code    48  stm32746g_discovery_lcd.o(i.BSP_LCD_Clear)
    BSP_LCD_ClockConfig                      0x08000919   Thumb Code    26  stm32746g_discovery_lcd.o(i.BSP_LCD_ClockConfig)
    BSP_LCD_DisplayOn                        0x08000939   Thumb Code    38  stm32746g_discovery_lcd.o(i.BSP_LCD_DisplayOn)
    BSP_LCD_GetXSize                         0x0800096d   Thumb Code    22  stm32746g_discovery_lcd.o(i.BSP_LCD_GetXSize)
    BSP_LCD_GetYSize                         0x0800098d   Thumb Code    22  stm32746g_discovery_lcd.o(i.BSP_LCD_GetYSize)
    BSP_LCD_Init                             0x080009ad   Thumb Code   142  stm32746g_discovery_lcd.o(i.BSP_LCD_Init)
    BSP_LCD_LayerDefaultInit                 0x08000a51   Thumb Code   112  stm32746g_discovery_lcd.o(i.BSP_LCD_LayerDefaultInit)
    BSP_LCD_MspInit                          0x08000ac9   Thumb Code   286  stm32746g_discovery_lcd.o(i.BSP_LCD_MspInit)
    BSP_LCD_SelectLayer                      0x08000c01   Thumb Code     6  stm32746g_discovery_lcd.o(i.BSP_LCD_SelectLayer)
    BSP_LCD_SetFont                          0x08000c0d   Thumb Code    18  stm32746g_discovery_lcd.o(i.BSP_LCD_SetFont)
    BSP_LCD_SetLayerWindow                   0x08000c29   Thumb Code    40  stm32746g_discovery_lcd.o(i.BSP_LCD_SetLayerWindow)
    BSP_SDRAM_Init                           0x08000c55   Thumb Code   108  stm32746g_discovery_sdram.o(i.BSP_SDRAM_Init)
    BSP_SDRAM_Initialization_sequence        0x08000ccd   Thumb Code   134  stm32746g_discovery_sdram.o(i.BSP_SDRAM_Initialization_sequence)
    BSP_SDRAM_MspInit                        0x08000d59   Thumb Code   320  stm32746g_discovery_sdram.o(i.BSP_SDRAM_MspInit)
    BSP_SD_Detect_MspInit                    0x08000ebd   Thumb Code    48  stm32746g_discovery_sd.o(i.BSP_SD_Detect_MspInit)
    BSP_SD_GetCardInfo                       0x08000ef5   Thumb Code     8  stm32746g_discovery_sd.o(i.BSP_SD_GetCardInfo)
    BSP_SD_GetStatus                         0x08000f01   Thumb Code     6  stm32746g_discovery_sd.o(i.BSP_SD_GetStatus)
    BSP_SD_Init                              0x08000f0d   Thumb Code    82  stm32746g_discovery_sd.o(i.BSP_SD_Init)
    BSP_SD_IsDetected                        0x08000f69   Thumb Code    32  stm32746g_discovery_sd.o(i.BSP_SD_IsDetected)
    BSP_SD_MspInit                           0x08000f8d   Thumb Code   308  stm32746g_discovery_sd.o(i.BSP_SD_MspInit)
    BSP_SD_ReadBlocks                        0x080010d5   Thumb Code    26  stm32746g_discovery_sd.o(i.BSP_SD_ReadBlocks)
    BSP_SD_WriteBlocks                       0x080010f5   Thumb Code    26  stm32746g_discovery_sd.o(i.BSP_SD_WriteBlocks)
    BusFault_Handler                         0x08001115   Thumb Code     2  stm32f7xx_it.o(i.BusFault_Handler)
    DMA2_Stream4_IRQHandler                  0x0800123d   Thumb Code     8  stm32f7xx_it.o(i.DMA2_Stream4_IRQHandler)
    DMA2_Stream7_IRQHandler                  0x08001249   Thumb Code     8  stm32f7xx_it.o(i.DMA2_Stream7_IRQHandler)
    DebugMon_Handler                         0x080012a5   Thumb Code     2  stm32f7xx_it.o(i.DebugMon_Handler)
    FATFS_LinkDriver                         0x080012a7   Thumb Code     6  ff_gen_drv.o(i.FATFS_LinkDriver)
    FATFS_LinkDriverEx                       0x080012ad   Thumb Code    60  ff_gen_drv.o(i.FATFS_LinkDriverEx)
    FMC_SDRAM_Init                           0x080012ed   Thumb Code    94  stm32f7xx_ll_fmc.o(i.FMC_SDRAM_Init)
    FMC_SDRAM_ProgramRefreshRate             0x0800134b   Thumb Code    12  stm32f7xx_ll_fmc.o(i.FMC_SDRAM_ProgramRefreshRate)
    FMC_SDRAM_SendCommand                    0x08001357   Thumb Code    72  stm32f7xx_ll_fmc.o(i.FMC_SDRAM_SendCommand)
    FMC_SDRAM_Timing_Init                    0x0800139f   Thumb Code   130  stm32f7xx_ll_fmc.o(i.FMC_SDRAM_Timing_Init)
    HAL_DMA2D_ConfigLayer                    0x08001421   Thumb Code   218  stm32f7xx_hal_dma2d.o(i.HAL_DMA2D_ConfigLayer)
    HAL_DMA2D_Init                           0x08001501   Thumb Code    90  stm32f7xx_hal_dma2d.o(i.HAL_DMA2D_Init)
    HAL_DMA2D_MspInit                        0x0800155b   Thumb Code     2  stm32f7xx_hal_dma2d.o(i.HAL_DMA2D_MspInit)
    HAL_DMA2D_PollForTransfer                0x0800155d   Thumb Code   220  stm32f7xx_hal_dma2d.o(i.HAL_DMA2D_PollForTransfer)
    HAL_DMA2D_Start                          0x08001639   Thumb Code    62  stm32f7xx_hal_dma2d.o(i.HAL_DMA2D_Start)
    HAL_DMA_Abort                            0x08001679   Thumb Code    86  stm32f7xx_hal_dma.o(i.HAL_DMA_Abort)
    HAL_DMA_DeInit                           0x080016cf   Thumb Code    86  stm32f7xx_hal_dma.o(i.HAL_DMA_DeInit)
    HAL_DMA_IRQHandler                       0x08001725   Thumb Code   404  stm32f7xx_hal_dma.o(i.HAL_DMA_IRQHandler)
    HAL_DMA_Init                             0x080018bd   Thumb Code   134  stm32f7xx_hal_dma.o(i.HAL_DMA_Init)
    HAL_DMA_Start_IT                         0x08001949   Thumb Code    78  stm32f7xx_hal_dma.o(i.HAL_DMA_Start_IT)
    HAL_Delay                                0x08001997   Thumb Code    22  stm32f7xx_hal.o(i.HAL_Delay)
    HAL_GPIO_Init                            0x080019ad   Thumb Code   418  stm32f7xx_hal_gpio.o(i.HAL_GPIO_Init)
    HAL_GPIO_ReadPin                         0x08001b85   Thumb Code    10  stm32f7xx_hal_gpio.o(i.HAL_GPIO_ReadPin)
    HAL_GPIO_WritePin                        0x08001b8f   Thumb Code    10  stm32f7xx_hal_gpio.o(i.HAL_GPIO_WritePin)
    HAL_GetTick                              0x08001b99   Thumb Code     6  stm32f7xx_hal.o(i.HAL_GetTick)
    HAL_I2C_DeInit                           0x08001ba5   Thumb Code    46  stm32f7xx_hal_i2c.o(i.HAL_I2C_DeInit)
    HAL_I2C_GetState                         0x08001bd3   Thumb Code     6  stm32f7xx_hal_i2c.o(i.HAL_I2C_GetState)
    HAL_I2C_Init                             0x08001bd9   Thumb Code   166  stm32f7xx_hal_i2c.o(i.HAL_I2C_Init)
    HAL_I2C_Mem_Read                         0x08001c85   Thumb Code   268  stm32f7xx_hal_i2c.o(i.HAL_I2C_Mem_Read)
    HAL_I2C_Mem_Write                        0x08001d95   Thumb Code   268  stm32f7xx_hal_i2c.o(i.HAL_I2C_Mem_Write)
    HAL_I2C_MspDeInit                        0x08001ea5   Thumb Code     2  stm32f7xx_hal_i2c.o(i.HAL_I2C_MspDeInit)
    HAL_I2C_MspInit                          0x08001ea7   Thumb Code     2  stm32f7xx_hal_i2c.o(i.HAL_I2C_MspInit)
    HAL_IncTick                              0x08001ea9   Thumb Code    10  stm32f7xx_hal.o(i.HAL_IncTick)
    HAL_Init                                 0x08001eb9   Thumb Code    32  stm32f7xx_hal.o(i.HAL_Init)
    HAL_InitTick                             0x08001edd   Thumb Code    34  stm32f7xx_hal.o(i.HAL_InitTick)
    HAL_LTDC_ConfigLayer                     0x08001eff   Thumb Code    82  stm32f7xx_hal_ltdc.o(i.HAL_LTDC_ConfigLayer)
    HAL_LTDC_GetState                        0x08001f51   Thumb Code     6  stm32f7xx_hal_ltdc.o(i.HAL_LTDC_GetState)
    HAL_LTDC_Init                            0x08001f59   Thumb Code   252  stm32f7xx_hal_ltdc.o(i.HAL_LTDC_Init)
    HAL_LTDC_MspInit                         0x08002059   Thumb Code     2  stm32f7xx_hal_ltdc.o(i.HAL_LTDC_MspInit)
    HAL_LTDC_SetWindowPosition               0x0800205b   Thumb Code    84  stm32f7xx_hal_ltdc.o(i.HAL_LTDC_SetWindowPosition)
    HAL_LTDC_SetWindowSize                   0x080020af   Thumb Code    86  stm32f7xx_hal_ltdc.o(i.HAL_LTDC_SetWindowSize)
    HAL_MspInit                              0x08002105   Thumb Code     8  stm32f7xx_hal.o(i.HAL_MspInit)
    HAL_NVIC_EnableIRQ                       0x0800210d   Thumb Code    22  stm32f7xx_hal_cortex.o(i.HAL_NVIC_EnableIRQ)
    HAL_NVIC_SetPriority                     0x08002125   Thumb Code    60  stm32f7xx_hal_cortex.o(i.HAL_NVIC_SetPriority)
    HAL_NVIC_SetPriorityGrouping             0x08002165   Thumb Code    28  stm32f7xx_hal_cortex.o(i.HAL_NVIC_SetPriorityGrouping)
    HAL_PWREx_EnableOverDrive                0x08002189   Thumb Code   100  stm32f7xx_hal_pwr_ex.o(i.HAL_PWREx_EnableOverDrive)
    HAL_RCCEx_GetPeriphCLKConfig             0x080021f5   Thumb Code   426  stm32f7xx_hal_rcc_ex.o(i.HAL_RCCEx_GetPeriphCLKConfig)
    HAL_RCCEx_GetPeriphCLKFreq               0x080023a9   Thumb Code   268  stm32f7xx_hal_rcc_ex.o(i.HAL_RCCEx_GetPeriphCLKFreq)
    HAL_RCCEx_PeriphCLKConfig                0x080024c9   Thumb Code  1708  stm32f7xx_hal_rcc_ex.o(i.HAL_RCCEx_PeriphCLKConfig)
    HAL_RCC_ClockConfig                      0x08002b79   Thumb Code   450  stm32f7xx_hal_rcc.o(i.HAL_RCC_ClockConfig)
    HAL_RCC_GetHCLKFreq                      0x08002d45   Thumb Code    38  stm32f7xx_hal_rcc.o(i.HAL_RCC_GetHCLKFreq)
    HAL_RCC_GetPCLK1Freq                     0x08002d79   Thumb Code    36  stm32f7xx_hal_rcc.o(i.HAL_RCC_GetPCLK1Freq)
    HAL_RCC_GetPCLK2Freq                     0x08002da5   Thumb Code    36  stm32f7xx_hal_rcc.o(i.HAL_RCC_GetPCLK2Freq)
    HAL_RCC_GetSysClockFreq                  0x08002dd1   Thumb Code   120  stm32f7xx_hal_rcc.o(i.HAL_RCC_GetSysClockFreq)
    HAL_RCC_OscConfig                        0x08002e55   Thumb Code   922  stm32f7xx_hal_rcc.o(i.HAL_RCC_OscConfig)
    HAL_SAI_DMAStop                          0x080031f9   Thumb Code    76  stm32f7xx_hal_sai.o(i.HAL_SAI_DMAStop)
    HAL_SAI_DeInit                           0x08003245   Thumb Code    66  stm32f7xx_hal_sai.o(i.HAL_SAI_DeInit)
    HAL_SAI_ErrorCallback                    0x08003289   Thumb Code    62  stm32746g_discovery_audio.o(i.HAL_SAI_ErrorCallback)
    HAL_SAI_GetState                         0x080032cd   Thumb Code     6  stm32f7xx_hal_sai.o(i.HAL_SAI_GetState)
    HAL_SAI_Init                             0x080032d5   Thumb Code   388  stm32f7xx_hal_sai.o(i.HAL_SAI_Init)
    HAL_SAI_MspDeInit                        0x08003461   Thumb Code     2  stm32f7xx_hal_sai.o(i.HAL_SAI_MspDeInit)
    HAL_SAI_MspInit                          0x08003463   Thumb Code     2  stm32f7xx_hal_sai.o(i.HAL_SAI_MspInit)
    HAL_SAI_Transmit_DMA                     0x08003465   Thumb Code   148  stm32f7xx_hal_sai.o(i.HAL_SAI_Transmit_DMA)
    HAL_SAI_TxCpltCallback                   0x08003505   Thumb Code     8  stm32746g_discovery_audio.o(i.HAL_SAI_TxCpltCallback)
    HAL_SAI_TxHalfCpltCallback               0x0800350d   Thumb Code     8  stm32746g_discovery_audio.o(i.HAL_SAI_TxHalfCpltCallback)
    HAL_SDRAM_Init                           0x08003515   Thumb Code    66  stm32f7xx_hal_sdram.o(i.HAL_SDRAM_Init)
    HAL_SDRAM_MspInit                        0x08003557   Thumb Code     2  stm32f7xx_hal_sdram.o(i.HAL_SDRAM_MspInit)
    HAL_SDRAM_ProgramRefreshRate             0x08003559   Thumb Code    34  stm32f7xx_hal_sdram.o(i.HAL_SDRAM_ProgramRefreshRate)
    HAL_SDRAM_SendCommand                    0x0800357d   Thumb Code    48  stm32f7xx_hal_sdram.o(i.HAL_SDRAM_SendCommand)
    HAL_SD_GetStatus                         0x080035ad   Thumb Code    78  stm32f7xx_hal_sd.o(i.HAL_SD_GetStatus)
    HAL_SD_Get_CardInfo                      0x080035fd   Thumb Code   698  stm32f7xx_hal_sd.o(i.HAL_SD_Get_CardInfo)
    HAL_SD_Init                              0x080038b7   Thumb Code   156  stm32f7xx_hal_sd.o(i.HAL_SD_Init)
    HAL_SD_MspInit                           0x08003953   Thumb Code     2  stm32f7xx_hal_sd.o(i.HAL_SD_MspInit)
    HAL_SD_ReadBlocks                        0x08003955   Thumb Code   368  stm32f7xx_hal_sd.o(i.HAL_SD_ReadBlocks)
    HAL_SD_StopTransfer                      0x08003ac5   Thumb Code    42  stm32f7xx_hal_sd.o(i.HAL_SD_StopTransfer)
    HAL_SD_WideBusOperation_Config           0x08003aef   Thumb Code    94  stm32f7xx_hal_sd.o(i.HAL_SD_WideBusOperation_Config)
    HAL_SD_WriteBlocks                       0x08003b4d   Thumb Code   454  stm32f7xx_hal_sd.o(i.HAL_SD_WriteBlocks)
    HAL_SYSTICK_Config                       0x08003d13   Thumb Code    38  stm32f7xx_hal_cortex.o(i.HAL_SYSTICK_Config)
    HAL_UART_Init                            0x08003d39   Thumb Code   106  stm32f7xx_hal_uart.o(i.HAL_UART_Init)
    HAL_UART_MspInit                         0x08003da3   Thumb Code     2  stm32f7xx_hal_uart.o(i.HAL_UART_MspInit)
    HAL_UART_Transmit                        0x08003da5   Thumb Code   200  stm32f7xx_hal_uart.o(i.HAL_UART_Transmit)
    HardFault_Handler                        0x08003e6d   Thumb Code     2  stm32f7xx_it.o(i.HardFault_Handler)
    Jpeg_CallbackFunction                    0x080042c9   Thumb Code   158  main.o(i.Jpeg_CallbackFunction)
    MemManage_Handler                        0x080045c5   Thumb Code     2  stm32f7xx_it.o(i.MemManage_Handler)
    NMI_Handler                              0x080045c7   Thumb Code     2  stm32f7xx_it.o(i.NMI_Handler)
    PendSV_Handler                           0x080045eb   Thumb Code     2  stm32f7xx_it.o(i.PendSV_Handler)
    Play_MOV                                 0x080045ed   Thumb Code  2072  mpeg.o(i.Play_MOV)
    Play_WAV                                 0x08004e75   Thumb Code   148  my_waveplayer.o(i.Play_WAV)
    PlayerInit                               0x08004f19   Thumb Code    32  my_waveplayer.o(i.PlayerInit)
    SAI_BlockSynchroConfig                   0x08004f3d   Thumb Code    60  stm32f7xx_hal_sai_ex.o(i.SAI_BlockSynchroConfig)
    SAI_GetInputClock                        0x08005025   Thumb Code    30  stm32f7xx_hal_sai_ex.o(i.SAI_GetInputClock)
    SDMMC_DataConfig                         0x08005105   Thumb Code    38  stm32f7xx_ll_sdmmc.o(i.SDMMC_DataConfig)
    SDMMC_GetCommandResponse                 0x0800512b   Thumb Code     6  stm32f7xx_ll_sdmmc.o(i.SDMMC_GetCommandResponse)
    SDMMC_GetPowerState                      0x08005131   Thumb Code     8  stm32f7xx_ll_sdmmc.o(i.SDMMC_GetPowerState)
    SDMMC_GetResponse                        0x08005139   Thumb Code    12  stm32f7xx_ll_sdmmc.o(i.SDMMC_GetResponse)
    SDMMC_Init                               0x08005145   Thumb Code    34  stm32f7xx_ll_sdmmc.o(i.SDMMC_Init)
    SDMMC_PowerState_ON                      0x08005167   Thumb Code     8  stm32f7xx_ll_sdmmc.o(i.SDMMC_PowerState_ON)
    SDMMC_ReadFIFO                           0x0800516f   Thumb Code     6  stm32f7xx_ll_sdmmc.o(i.SDMMC_ReadFIFO)
    SDMMC_SendCommand                        0x08005175   Thumb Code    34  stm32f7xx_ll_sdmmc.o(i.SDMMC_SendCommand)
    SDMMC_WriteFIFO                          0x08005197   Thumb Code    10  stm32f7xx_ll_sdmmc.o(i.SDMMC_WriteFIFO)
    SD_initialize                            0x08005909   Thumb Code    26  sd_diskio.o(i.SD_initialize)
    SD_ioctl                                 0x08005929   Thumb Code    80  sd_diskio.o(i.SD_ioctl)
    SD_read                                  0x0800597d   Thumb Code    30  sd_diskio.o(i.SD_read)
    SD_status                                0x0800599d   Thumb Code    26  sd_diskio.o(i.SD_status)
    SD_write                                 0x080059bd   Thumb Code    30  sd_diskio.o(i.SD_write)
    SVC_Handler                              0x080059db   Thumb Code     2  stm32f7xx_it.o(i.SVC_Handler)
    SysTick_Handler                          0x080059dd   Thumb Code     4  stm32f7xx_it.o(i.SysTick_Handler)
    SystemInit                               0x08005a5d   Thumb Code    68  system_stm32f7xx.o(i.SystemInit)
    UART_AdvFeatureConfig                    0x08005ab1   Thumb Code   200  stm32f7xx_hal_uart.o(i.UART_AdvFeatureConfig)
    UART_CheckIdleState                      0x08005b79   Thumb Code    78  stm32f7xx_hal_uart.o(i.UART_CheckIdleState)
    UART_SetConfig                           0x08005bc9   Thumb Code   534  stm32f7xx_hal_uart.o(i.UART_SetConfig)
    UART_WaitOnFlagUntilTimeout              0x08005e11   Thumb Code   146  stm32f7xx_hal_uart.o(i.UART_WaitOnFlagUntilTimeout)
    UsageFault_Handler                       0x08005ea3   Thumb Code     2  stm32f7xx_it.o(i.UsageFault_Handler)
    __0printf$8                              0x08005ea5   Thumb Code    22  printf8.o(i.__0printf$8)
    __1printf$8                              0x08005ea5   Thumb Code     0  printf8.o(i.__0printf$8)
    __2printf                                0x08005ea5   Thumb Code     0  printf8.o(i.__0printf$8)
    __0sprintf$8                             0x08005ec5   Thumb Code    34  printf8.o(i.__0sprintf$8)
    __1sprintf$8                             0x08005ec5   Thumb Code     0  printf8.o(i.__0sprintf$8)
    __2sprintf                               0x08005ec5   Thumb Code     0  printf8.o(i.__0sprintf$8)
    __scatterload_copy                       0x08005eed   Thumb Code    14  handlers.o(i.__scatterload_copy)
    __scatterload_null                       0x08005efb   Thumb Code     2  handlers.o(i.__scatterload_null)
    __scatterload_zeroinit                   0x08005efd   Thumb Code    14  handlers.o(i.__scatterload_zeroinit)
    b2l                                      0x08006935   Thumb Code    44  mpeg.o(i.b2l)
    clust2sect                               0x08006bbb   Thumb Code    30  ff.o(i.clust2sect)
    collectAtoms                             0x08006bd9   Thumb Code  1270  mpeg.o(i.collectAtoms)
    disk_initialize                          0x08008db9   Thumb Code    34  diskio.o(i.disk_initialize)
    disk_ioctl                               0x08008de1   Thumb Code    20  diskio.o(i.disk_ioctl)
    disk_read                                0x08008df9   Thumb Code    22  diskio.o(i.disk_read)
    disk_status                              0x08008e15   Thumb Code    16  diskio.o(i.disk_status)
    disk_write                               0x08008e29   Thumb Code    22  diskio.o(i.disk_write)
    f_close                                  0x0800914b   Thumb Code    42  ff.o(i.f_close)
    f_lseek                                  0x08009175   Thumb Code   652  ff.o(i.f_lseek)
    f_mount                                  0x08009401   Thumb Code    88  ff.o(i.f_mount)
    f_open                                   0x0800945d   Thumb Code   418  ff.o(i.f_open)
    f_read                                   0x08009605   Thumb Code   396  ff.o(i.f_read)
    f_sync                                   0x08009791   Thumb Code   184  ff.o(i.f_sync)
    fputc                                    0x08009fb1   Thumb Code    20  main.o(i.fputc)
    free                                     0x08009fc9   Thumb Code    76  malloc.o(i.free)
    get_fat                                  0x0800a763   Thumb Code   194  ff.o(i.get_fat)
    get_fattime                              0x0800a825   Thumb Code     4  diskio.o(i.get_fattime)
    jcopy_sample_rows                        0x0800b543   Thumb Code    38  jutils.o(i.jcopy_sample_rows)
    jdiv_round_up                            0x0800b569   Thumb Code    10  jutils.o(i.jdiv_round_up)
    jinit_1pass_quantizer                    0x0800b575   Thumb Code   124  jquant1.o(i.jinit_1pass_quantizer)
    jinit_2pass_quantizer                    0x0800b5fd   Thumb Code   234  jquant2.o(i.jinit_2pass_quantizer)
    jinit_arith_decoder                      0x0800b6f1   Thumb Code   100  jdarith.o(i.jinit_arith_decoder)
    jinit_color_deconverter                  0x0800b759   Thumb Code   358  jdcolor.o(i.jinit_color_deconverter)
    jinit_d_coef_controller                  0x0800b8e1   Thumb Code   116  jdcoefct.o(i.jinit_d_coef_controller)
    jinit_d_main_controller                  0x0800b965   Thumb Code   156  jdmainct.o(i.jinit_d_main_controller)
    jinit_d_post_controller                  0x0800ba05   Thumb Code   104  jdpostct.o(i.jinit_d_post_controller)
    jinit_huff_decoder                       0x0800ba71   Thumb Code   110  jdhuff.o(i.jinit_huff_decoder)
    jinit_input_controller                   0x0800bae5   Thumb Code    48  jdinput.o(i.jinit_input_controller)
    jinit_inverse_dct                        0x0800bb25   Thumb Code    86  jddctmgr.o(i.jinit_inverse_dct)
    jinit_marker_reader                      0x0800bb81   Thumb Code    74  jdmarker.o(i.jinit_marker_reader)
    jinit_master_decompress                  0x0800bbe1   Thumb Code    42  jdmaster.o(i.jinit_master_decompress)
    jinit_memory_mgr                         0x0800bc15   Thumb Code   134  jmemmgr.o(i.jinit_memory_mgr)
    jinit_merged_upsampler                   0x0800bcc9   Thumb Code    86  jdmerge.o(i.jinit_merged_upsampler)
    jinit_upsampler                          0x0800bd35   Thumb Code   266  jdsample.o(i.jinit_upsampler)
    jpeg_CreateDecompress                    0x0800be5d   Thumb Code   162  jdapimin.o(i.jpeg_CreateDecompress)
    jpeg_abort                               0x0800beff   Thumb Code    40  jcomapi.o(i.jpeg_abort)
    jpeg_alloc_huff_table                    0x0800bf27   Thumb Code    22  jcomapi.o(i.jpeg_alloc_huff_table)
    jpeg_alloc_quant_table                   0x0800bf3d   Thumb Code    20  jcomapi.o(i.jpeg_alloc_quant_table)
    jpeg_calc_output_dimensions              0x0800bf51   Thumb Code   108  jdmaster.o(i.jpeg_calc_output_dimensions)
    jpeg_consume_input                       0x0800bfbd   Thumb Code   122  jdapimin.o(i.jpeg_consume_input)
    jpeg_core_output_dimensions              0x0800c037   Thumb Code    10  jdinput.o(i.jpeg_core_output_dimensions)
    jpeg_decode                              0x0800c041   Thumb Code   116  decode.o(i.jpeg_decode)
    jpeg_destroy                             0x0800c0bd   Thumb Code    22  jcomapi.o(i.jpeg_destroy)
    jpeg_destroy_decompress                  0x0800c0d3   Thumb Code     4  jdapimin.o(i.jpeg_destroy_decompress)
    jpeg_finish_decompress                   0x0800c181   Thumb Code   126  jdapimin.o(i.jpeg_finish_decompress)
    jpeg_free_large                          0x0800c1ff   Thumb Code     6  jmemnobs.o(i.jpeg_free_large)
    jpeg_free_small                          0x0800c205   Thumb Code     6  jmemnobs.o(i.jpeg_free_small)
    jpeg_get_large                           0x0800c20b   Thumb Code     6  jmemnobs.o(i.jpeg_get_large)
    jpeg_get_small                           0x0800c211   Thumb Code     6  jmemnobs.o(i.jpeg_get_small)
    jpeg_idct_float                          0x0800c2ad   Thumb Code   810  jidctflt.o(i.jpeg_idct_float)
    jpeg_idct_ifast                          0x0800c5ed   Thumb Code   748  jidctfst.o(i.jpeg_idct_ifast)
    jpeg_idct_islow                          0x0800c8d9   Thumb Code   900  jidctint.o(i.jpeg_idct_islow)
    jpeg_mem_available                       0x0800ce49   Thumb Code     4  jmemnobs.o(i.jpeg_mem_available)
    jpeg_mem_init                            0x0800ce4d   Thumb Code     4  jmemnobs.o(i.jpeg_mem_init)
    jpeg_mem_term                            0x0800ce51   Thumb Code     2  jmemnobs.o(i.jpeg_mem_term)
    jpeg_open_backing_store                  0x0800ce53   Thumb Code    12  jmemnobs.o(i.jpeg_open_backing_store)
    jpeg_read_header                         0x0800ce5f   Thumb Code    80  jdapimin.o(i.jpeg_read_header)
    jpeg_read_scanlines                      0x0800ceaf   Thumb Code   120  jdapistd.o(i.jpeg_read_scanlines)
    jpeg_resync_to_restart                   0x0800cf27   Thumb Code   178  jdmarker.o(i.jpeg_resync_to_restart)
    jpeg_start_decompress                    0x0800cfd9   Thumb Code   102  jdapistd.o(i.jpeg_start_decompress)
    jpeg_std_error                           0x0800d041   Thumb Code    46  jerror.o(i.jpeg_std_error)
    jpeg_stdio_src                           0x0800d089   Thumb Code    74  jdatasrc.o(i.jpeg_stdio_src)
    jround_up                                0x0800d0e9   Thumb Code    16  jutils.o(i.jround_up)
    main                                     0x0800d121   Thumb Code   240  main.o(i.main)
    malloc                                   0x0800d2f9   Thumb Code    92  malloc.o(i.malloc)
    put_fat                                  0x0800e239   Thumb Code   248  ff.o(i.put_fat)
    setStrSec                                0x0800ecd5   Thumb Code   146  mpeg.o(i.setStrSec)
    wm8994_DeInit                            0x0800fdbd   Thumb Code     4  wm8994.o(i.wm8994_DeInit)
    wm8994_Init                              0x0800fdc1   Thumb Code  1150  wm8994.o(i.wm8994_Init)
    wm8994_Pause                             0x08010245   Thumb Code    26  wm8994.o(i.wm8994_Pause)
    wm8994_Play                              0x0801025f   Thumb Code     6  wm8994.o(i.wm8994_Play)
    wm8994_ReadID                            0x08010265   Thumb Code    20  wm8994.o(i.wm8994_ReadID)
    wm8994_Reset                             0x08010279   Thumb Code    22  wm8994.o(i.wm8994_Reset)
    wm8994_Resume                            0x08010295   Thumb Code     6  wm8994.o(i.wm8994_Resume)
    wm8994_SetFrequency                      0x0801029b   Thumb Code   118  wm8994.o(i.wm8994_SetFrequency)
    wm8994_SetMute                           0x08010311   Thumb Code    82  wm8994.o(i.wm8994_SetMute)
    wm8994_SetOutputMode                     0x08010369   Thumb Code   188  wm8994.o(i.wm8994_SetOutputMode)
    wm8994_SetVolume                         0x08010425   Thumb Code   280  wm8994.o(i.wm8994_SetVolume)
    wm8994_Stop                              0x08010541   Thumb Code   120  wm8994.o(i.wm8994_Stop)
    APBAHBPrescTable                         0x080106fe   Data          16  stm32f7xx_hal_rcc.o(.constdata)
    SD_Driver                                0x08010718   Data          20  sd_diskio.o(.constdata)
    Font24_Table                             0x080108d8   Data        6840  stm32746g_discovery_lcd.o(.constdata)
    jpeg_natural_order                       0x08012390   Data         320  jutils.o(.constdata)
    jpeg_natural_order7                      0x080124d0   Data         260  jutils.o(.constdata)
    jpeg_natural_order6                      0x080125d4   Data         208  jutils.o(.constdata)
    jpeg_natural_order5                      0x080126a4   Data         164  jutils.o(.constdata)
    jpeg_natural_order4                      0x08012748   Data         128  jutils.o(.constdata)
    jpeg_natural_order3                      0x080127c8   Data         100  jutils.o(.constdata)
    jpeg_natural_order2                      0x0801282c   Data          80  jutils.o(.constdata)
    jpeg_aritab                              0x08012940   Data         456  jaricom.o(.constdata)
    jpeg_std_message_table                   0x08012b18   Data         512  jerror.o(.constdata)
    Region$$Table$$Base                      0x080144a0   Number         0  anon$$obj.o(Region$$Table)
    Region$$Table$$Limit                     0x080144c0   Number         0  anon$$obj.o(Region$$Table)
    offset                                   0x20000008   Data           4  main.o(.data)
    line_counter                             0x2000000c   Data           4  main.o(.data)
    SDPath                                   0x20000014   Data           4  main.o(.data)
    info                                     0x20000018   Data           4  main.o(.data)
    AudioState                               0x20000060   Data           1  my_waveplayer.o(.data)
    SystemCoreClock                          0x20000068   Data           4  system_stm32f7xx.o(.data)
    AHBPrescTable                            0x2000006c   Data          16  system_stm32f7xx.o(.data)
    Font24                                   0x2000008c   Data           8  stm32746g_discovery_lcd.o(.data)
    AudioInVolume                            0x20000094   Data           2  stm32746g_discovery_audio.o(.data)
    audio_drv                                0x20000098   Data           4  stm32746g_discovery_audio.o(.data)
    wm8994_drv                               0x2000009c   Data          48  wm8994.o(.data)
    __stdout                                 0x200000d8   Data           4  stdout.o(.data)
    __microlib_freelist                      0x200000dc   Data           4  mvars.o(.data)
    __microlib_freelist_initialised          0x200000e0   Data           4  mvars.o(.data)
    _aucLine                                 0x20000124   Data        2048  main.o(.bss)
    UartHandle                               0x20000924   Data         112  main.o(.bss)
    SDFatFs                                  0x20000994   Data         560  main.o(.bss)
    MOV_File                                 0x20000bc4   Data         556  main.o(.bss)
    JPG_File                                 0x20000df0   Data         556  main.o(.bss)
    WAV_File                                 0x2000101c   Data         556  main.o(.bss)
    cinfo                                    0x20001248   Data         488  decode.o(.bss)
    jerr                                     0x20001430   Data         132  decode.o(.bss)
    dac_intr                                 0x200016e0   Data          28  mpeg.o(.bss)
    pv_src                                   0x200016fc   Data          40  mpeg.o(.bss)
    ps_src                                   0x20001724   Data          32  mpeg.o(.bss)
    sound_stts                               0x20001744   Data         560  mpeg.o(.bss)
    sound_stsc                               0x20001974   Data         560  mpeg.o(.bss)
    sound_stsz                               0x20001ba4   Data         564  mpeg.o(.bss)
    sound_stco                               0x20001dd8   Data         560  mpeg.o(.bss)
    video_stts                               0x20002008   Data         560  mpeg.o(.bss)
    video_stsc                               0x20002238   Data         560  mpeg.o(.bss)
    video_stsz                               0x20002468   Data         564  mpeg.o(.bss)
    video_stco                               0x2000269c   Data         560  mpeg.o(.bss)
    media                                    0x200028cc   Data          96  mpeg.o(.bss)
    fp_global                                0x2000292c   Data         556  mpeg.o(.bss)
    disk                                     0x20003b78   Data          12  ff_gen_drv.o(.bss)
    haudio_out_sai                           0x200040ac   Data         132  stm32746g_discovery_audio.o(.bss)
    haudio_in_sai                            0x20004130   Data         132  stm32746g_discovery_audio.o(.bss)
    __heap_base                              0x200042c0   Data           0  startup_stm32f746xx.o(HEAP)
    __heap_limit                             0x2000d2c0   Data           0  startup_stm32f746xx.o(HEAP)
    __initial_sp                             0x2000f2c0   Data           0  startup_stm32f746xx.o(STACK)



==============================================================================

Memory Map of the image

  Image Entry point : 0x080001c9

  Load Region LR_IROM1 (Base: 0x08000000, Size: 0x000145a4, Max: 0x00100000, ABSOLUTE)

    Execution Region ER_IROM1 (Base: 0x08000000, Size: 0x000144c0, Max: 0x00100000, ABSOLUTE)

    Base Addr    Size         Type   Attr      Idx    E Section Name        Object

    0x08000000   0x000001c8   Data   RO         3905    RESET               startup_stm32f746xx.o
    0x080001c8   0x00000000   Code   RO         7696  * .ARM.Collect$$$$00000000  mc_w.l(entry.o)
    0x080001c8   0x00000004   Code   RO         8004    .ARM.Collect$$$$00000001  mc_w.l(entry2.o)
    0x080001cc   0x00000004   Code   RO         8007    .ARM.Collect$$$$00000004  mc_w.l(entry5.o)
    0x080001d0   0x00000000   Code   RO         8009    .ARM.Collect$$$$00000008  mc_w.l(entry7b.o)
    0x080001d0   0x00000000   Code   RO         8011    .ARM.Collect$$$$0000000A  mc_w.l(entry8b.o)
    0x080001d0   0x00000008   Code   RO         8012    .ARM.Collect$$$$0000000B  mc_w.l(entry9a.o)
    0x080001d8   0x00000000   Code   RO         8014    .ARM.Collect$$$$0000000D  mc_w.l(entry10a.o)
    0x080001d8   0x00000000   Code   RO         8016    .ARM.Collect$$$$0000000F  mc_w.l(entry11a.o)
    0x080001d8   0x00000004   Code   RO         8005    .ARM.Collect$$$$00002712  mc_w.l(entry2.o)
    0x080001dc   0x00000024   Code   RO         3906    .text               startup_stm32f746xx.o
    0x08000200   0x00000024   Code   RO         7699    .text               mc_w.l(memcpya.o)
    0x08000224   0x00000024   Code   RO         7701    .text               mc_w.l(memseta.o)
    0x08000248   0x0000001e   Code   RO         7703    .text               mc_w.l(strncmp.o)
    0x08000266   0x000000e4   Code   RO         7996    .text               mf_w.l(dmul.o)
    0x0800034a   0x0000001a   Code   RO         8000    .text               mf_w.l(dfltui.o)
    0x08000364   0x00000038   Code   RO         8002    .text               mf_w.l(d2f.o)
    0x0800039c   0x00000062   Code   RO         8021    .text               mc_w.l(uldiv.o)
    0x080003fe   0x00000000   Code   RO         8025    .text               mc_w.l(iusefp.o)
    0x080003fe   0x0000006e   Code   RO         8026    .text               mf_w.l(fepilogue.o)
    0x0800046c   0x000000ba   Code   RO         8028    .text               mf_w.l(depilogue.o)
    0x08000526   0x00000002   PAD
    0x08000528   0x00000024   Code   RO         8036    .text               mc_w.l(init.o)
    0x0800054c   0x0000001e   Code   RO         8038    .text               mc_w.l(llshl.o)
    0x0800056a   0x00000020   Code   RO         8040    .text               mc_w.l(llushr.o)
    0x0800058a   0x00000002   Code   RO         4000    i.AUDIO_IO_DeInit   stm32746g_discovery.o
    0x0800058c   0x00000004   Code   RO         4001    i.AUDIO_IO_Delay    stm32746g_discovery.o
    0x08000590   0x0000000c   Code   RO         4002    i.AUDIO_IO_Init     stm32746g_discovery.o
    0x0800059c   0x00000034   Code   RO         4003    i.AUDIO_IO_Read     stm32746g_discovery.o
    0x080005d0   0x00000034   Code   RO         4004    i.AUDIO_IO_Write    stm32746g_discovery.o
    0x08000604   0x00000002   Code   RO         4677    i.BSP_AUDIO_IN_Error_CallBack  stm32746g_discovery_audio.o
    0x08000606   0x00000062   Code   RO         3391    i.BSP_AUDIO_OUT_ClockConfig  my_waveplayer.o
    0x08000668   0x00000002   Code   RO         4692    i.BSP_AUDIO_OUT_Error_CallBack  stm32746g_discovery_audio.o
    0x0800066a   0x00000002   PAD
    0x0800066c   0x00000018   Code   RO         3392    i.BSP_AUDIO_OUT_HalfTransfer_CallBack  my_waveplayer.o
    0x08000684   0x00000074   Code   RO         4694    i.BSP_AUDIO_OUT_Init  stm32746g_discovery_audio.o
    0x080006f8   0x00000134   Code   RO         4696    i.BSP_AUDIO_OUT_MspInit  stm32746g_discovery_audio.o
    0x0800082c   0x00000040   Code   RO         4698    i.BSP_AUDIO_OUT_Play  stm32746g_discovery_audio.o
    0x0800086c   0x00000028   Code   RO         4700    i.BSP_AUDIO_OUT_SetAudioFrameSlot  stm32746g_discovery_audio.o
    0x08000894   0x00000034   Code   RO         4705    i.BSP_AUDIO_OUT_Stop  stm32746g_discovery_audio.o
    0x080008c8   0x00000018   Code   RO         3393    i.BSP_AUDIO_OUT_TransferComplete_CallBack  my_waveplayer.o
    0x080008e0   0x00000038   Code   RO         4338    i.BSP_LCD_Clear     stm32746g_discovery_lcd.o
    0x08000918   0x00000020   Code   RO         4340    i.BSP_LCD_ClockConfig  stm32746g_discovery_lcd.o
    0x08000938   0x00000034   Code   RO         4344    i.BSP_LCD_DisplayOn  stm32746g_discovery_lcd.o
    0x0800096c   0x00000020   Code   RO         4363    i.BSP_LCD_GetXSize  stm32746g_discovery_lcd.o
    0x0800098c   0x00000020   Code   RO         4364    i.BSP_LCD_GetYSize  stm32746g_discovery_lcd.o
    0x080009ac   0x000000a4   Code   RO         4365    i.BSP_LCD_Init      stm32746g_discovery_lcd.o
    0x08000a50   0x00000078   Code   RO         4366    i.BSP_LCD_LayerDefaultInit  stm32746g_discovery_lcd.o
    0x08000ac8   0x00000138   Code   RO         4369    i.BSP_LCD_MspInit   stm32746g_discovery_lcd.o
    0x08000c00   0x0000000c   Code   RO         4372    i.BSP_LCD_SelectLayer  stm32746g_discovery_lcd.o
    0x08000c0c   0x0000001c   Code   RO         4375    i.BSP_LCD_SetFont   stm32746g_discovery_lcd.o
    0x08000c28   0x0000002c   Code   RO         4378    i.BSP_LCD_SetLayerWindow  stm32746g_discovery_lcd.o
    0x08000c54   0x00000078   Code   RO         3915    i.BSP_SDRAM_Init    stm32746g_discovery_sdram.o
    0x08000ccc   0x0000008c   Code   RO         3916    i.BSP_SDRAM_Initialization_sequence  stm32746g_discovery_sdram.o
    0x08000d58   0x00000164   Code   RO         3918    i.BSP_SDRAM_MspInit  stm32746g_discovery_sdram.o
    0x08000ebc   0x00000038   Code   RO         4219    i.BSP_SD_Detect_MspInit  stm32746g_discovery_sd.o
    0x08000ef4   0x0000000c   Code   RO         4221    i.BSP_SD_GetCardInfo  stm32746g_discovery_sd.o
    0x08000f00   0x0000000c   Code   RO         4222    i.BSP_SD_GetStatus  stm32746g_discovery_sd.o
    0x08000f0c   0x0000005c   Code   RO         4225    i.BSP_SD_Init       stm32746g_discovery_sd.o
    0x08000f68   0x00000024   Code   RO         4226    i.BSP_SD_IsDetected  stm32746g_discovery_sd.o
    0x08000f8c   0x00000148   Code   RO         4228    i.BSP_SD_MspInit    stm32746g_discovery_sd.o
    0x080010d4   0x00000020   Code   RO         4229    i.BSP_SD_ReadBlocks  stm32746g_discovery_sd.o
    0x080010f4   0x00000020   Code   RO         4231    i.BSP_SD_WriteBlocks  stm32746g_discovery_sd.o
    0x08001114   0x00000002   Code   RO         3076    i.BusFault_Handler  stm32f7xx_it.o
    0x08001116   0x0000000a   Code   RO         4935    i.CODEC_IO_Write    wm8994.o
    0x08001120   0x00000090   Code   RO         3213    i.CPU_CACHE_Enable  main.o
    0x080011b0   0x0000008c   Code   RO          627    i.DMA2D_SetConfig   stm32f7xx_hal_dma2d.o
    0x0800123c   0x0000000c   Code   RO         3077    i.DMA2_Stream4_IRQHandler  stm32f7xx_it.o
    0x08001248   0x0000000c   Code   RO         3078    i.DMA2_Stream7_IRQHandler  stm32f7xx_it.o
    0x08001254   0x00000028   Code   RO         1020    i.DMA_CalcBaseAndBitshift  stm32f7xx_hal_dma.o
    0x0800127c   0x00000028   Code   RO         1021    i.DMA_SetConfig     stm32f7xx_hal_dma.o
    0x080012a4   0x00000002   Code   RO         3079    i.DebugMon_Handler  stm32f7xx_it.o
    0x080012a6   0x00000006   Code   RO         3801    i.FATFS_LinkDriver  ff_gen_drv.o
    0x080012ac   0x00000040   Code   RO         3802    i.FATFS_LinkDriverEx  ff_gen_drv.o
    0x080012ec   0x0000005e   Code   RO           19    i.FMC_SDRAM_Init    stm32f7xx_ll_fmc.o
    0x0800134a   0x0000000c   Code   RO           20    i.FMC_SDRAM_ProgramRefreshRate  stm32f7xx_ll_fmc.o
    0x08001356   0x00000048   Code   RO           21    i.FMC_SDRAM_SendCommand  stm32f7xx_ll_fmc.o
    0x0800139e   0x00000082   Code   RO           23    i.FMC_SDRAM_Timing_Init  stm32f7xx_ll_fmc.o
    0x08001420   0x000000e0   Code   RO          632    i.HAL_DMA2D_ConfigLayer  stm32f7xx_hal_dma2d.o
    0x08001500   0x0000005a   Code   RO          639    i.HAL_DMA2D_Init    stm32f7xx_hal_dma2d.o
    0x0800155a   0x00000002   Code   RO          641    i.HAL_DMA2D_MspInit  stm32f7xx_hal_dma2d.o
    0x0800155c   0x000000dc   Code   RO          642    i.HAL_DMA2D_PollForTransfer  stm32f7xx_hal_dma2d.o
    0x08001638   0x0000003e   Code   RO          645    i.HAL_DMA2D_Start   stm32f7xx_hal_dma2d.o
    0x08001676   0x00000002   PAD
    0x08001678   0x00000056   Code   RO         1022    i.HAL_DMA_Abort     stm32f7xx_hal_dma.o
    0x080016ce   0x00000056   Code   RO         1023    i.HAL_DMA_DeInit    stm32f7xx_hal_dma.o
    0x08001724   0x00000198   Code   RO         1026    i.HAL_DMA_IRQHandler  stm32f7xx_hal_dma.o
    0x080018bc   0x0000008c   Code   RO         1027    i.HAL_DMA_Init      stm32f7xx_hal_dma.o
    0x08001948   0x0000004e   Code   RO         1030    i.HAL_DMA_Start_IT  stm32f7xx_hal_dma.o
    0x08001996   0x00000016   Code   RO         1110    i.HAL_Delay         stm32f7xx_hal.o
    0x080019ac   0x000001d8   Code   RO          400    i.HAL_GPIO_Init     stm32f7xx_hal_gpio.o
    0x08001b84   0x0000000a   Code   RO          402    i.HAL_GPIO_ReadPin  stm32f7xx_hal_gpio.o
    0x08001b8e   0x0000000a   Code   RO          404    i.HAL_GPIO_WritePin  stm32f7xx_hal_gpio.o
    0x08001b98   0x0000000c   Code   RO         1118    i.HAL_GetTick       stm32f7xx_hal.o
    0x08001ba4   0x0000002e   Code   RO         1920    i.HAL_I2C_DeInit    stm32f7xx_hal_i2c.o
    0x08001bd2   0x00000006   Code   RO         1925    i.HAL_I2C_GetState  stm32f7xx_hal_i2c.o
    0x08001bd8   0x000000ac   Code   RO         1926    i.HAL_I2C_Init      stm32f7xx_hal_i2c.o
    0x08001c84   0x00000110   Code   RO         1938    i.HAL_I2C_Mem_Read  stm32f7xx_hal_i2c.o
    0x08001d94   0x00000110   Code   RO         1941    i.HAL_I2C_Mem_Write  stm32f7xx_hal_i2c.o
    0x08001ea4   0x00000002   Code   RO         1944    i.HAL_I2C_MspDeInit  stm32f7xx_hal_i2c.o
    0x08001ea6   0x00000002   Code   RO         1945    i.HAL_I2C_MspInit   stm32f7xx_hal_i2c.o
    0x08001ea8   0x00000010   Code   RO         1119    i.HAL_IncTick       stm32f7xx_hal.o
    0x08001eb8   0x00000024   Code   RO         1120    i.HAL_Init          stm32f7xx_hal.o
    0x08001edc   0x00000022   Code   RO         1121    i.HAL_InitTick      stm32f7xx_hal.o
    0x08001efe   0x00000052   Code   RO         2303    i.HAL_LTDC_ConfigLayer  stm32f7xx_hal_ltdc.o
    0x08001f50   0x00000006   Code   RO         2313    i.HAL_LTDC_GetState  stm32f7xx_hal_ltdc.o
    0x08001f56   0x00000002   PAD
    0x08001f58   0x00000100   Code   RO         2315    i.HAL_LTDC_Init     stm32f7xx_hal_ltdc.o
    0x08002058   0x00000002   Code   RO         2318    i.HAL_LTDC_MspInit  stm32f7xx_hal_ltdc.o
    0x0800205a   0x00000054   Code   RO         2323    i.HAL_LTDC_SetWindowPosition  stm32f7xx_hal_ltdc.o
    0x080020ae   0x00000056   Code   RO         2324    i.HAL_LTDC_SetWindowSize  stm32f7xx_hal_ltdc.o
    0x08002104   0x00000008   Code   RO         1123    i.HAL_MspInit       stm32f7xx_hal.o
    0x0800210c   0x00000016   Code   RO          507    i.HAL_NVIC_EnableIRQ  stm32f7xx_hal_cortex.o
    0x08002122   0x00000002   PAD
    0x08002124   0x00000040   Code   RO          513    i.HAL_NVIC_SetPriority  stm32f7xx_hal_cortex.o
    0x08002164   0x00000024   Code   RO          514    i.HAL_NVIC_SetPriorityGrouping  stm32f7xx_hal_cortex.o
    0x08002188   0x0000006c   Code   RO          898    i.HAL_PWREx_EnableOverDrive  stm32f7xx_hal_pwr_ex.o
    0x080021f4   0x000001b4   Code   RO          984    i.HAL_RCCEx_GetPeriphCLKConfig  stm32f7xx_hal_rcc_ex.o
    0x080023a8   0x00000120   Code   RO          985    i.HAL_RCCEx_GetPeriphCLKFreq  stm32f7xx_hal_rcc_ex.o
    0x080024c8   0x000006b0   Code   RO          986    i.HAL_RCCEx_PeriphCLKConfig  stm32f7xx_hal_rcc_ex.o
    0x08002b78   0x000001cc   Code   RO          293    i.HAL_RCC_ClockConfig  stm32f7xx_hal_rcc.o
    0x08002d44   0x00000034   Code   RO          298    i.HAL_RCC_GetHCLKFreq  stm32f7xx_hal_rcc.o
    0x08002d78   0x0000002c   Code   RO          300    i.HAL_RCC_GetPCLK1Freq  stm32f7xx_hal_rcc.o
    0x08002da4   0x0000002c   Code   RO          301    i.HAL_RCC_GetPCLK2Freq  stm32f7xx_hal_rcc.o
    0x08002dd0   0x00000084   Code   RO          302    i.HAL_RCC_GetSysClockFreq  stm32f7xx_hal_rcc.o
    0x08002e54   0x000003a4   Code   RO          305    i.HAL_RCC_OscConfig  stm32f7xx_hal_rcc.o
    0x080031f8   0x0000004c   Code   RO         2709    i.HAL_SAI_DMAStop   stm32f7xx_hal_sai.o
    0x08003244   0x00000042   Code   RO         2710    i.HAL_SAI_DeInit    stm32f7xx_hal_sai.o
    0x08003286   0x00000002   PAD
    0x08003288   0x00000044   Code   RO         4707    i.HAL_SAI_ErrorCallback  stm32746g_discovery_audio.o
    0x080032cc   0x00000006   Code   RO         2717    i.HAL_SAI_GetState  stm32f7xx_hal_sai.o
    0x080032d2   0x00000002   PAD
    0x080032d4   0x0000018c   Code   RO         2719    i.HAL_SAI_Init      stm32f7xx_hal_sai.o
    0x08003460   0x00000002   Code   RO         2721    i.HAL_SAI_MspDeInit  stm32f7xx_hal_sai.o
    0x08003462   0x00000002   Code   RO         2722    i.HAL_SAI_MspInit   stm32f7xx_hal_sai.o
    0x08003464   0x000000a0   Code   RO         2729    i.HAL_SAI_Transmit_DMA  stm32f7xx_hal_sai.o
    0x08003504   0x00000008   Code   RO         4710    i.HAL_SAI_TxCpltCallback  stm32746g_discovery_audio.o
    0x0800350c   0x00000008   Code   RO         4711    i.HAL_SAI_TxHalfCpltCallback  stm32746g_discovery_audio.o
    0x08003514   0x00000042   Code   RO         1267    i.HAL_SDRAM_Init    stm32f7xx_hal_sdram.o
    0x08003556   0x00000002   Code   RO         1269    i.HAL_SDRAM_MspInit  stm32f7xx_hal_sdram.o
    0x08003558   0x00000022   Code   RO         1270    i.HAL_SDRAM_ProgramRefreshRate  stm32f7xx_hal_sdram.o
    0x0800357a   0x00000002   PAD
    0x0800357c   0x00000030   Code   RO         1276    i.HAL_SDRAM_SendCommand  stm32f7xx_hal_sdram.o
    0x080035ac   0x0000004e   Code   RO         2477    i.HAL_SD_GetStatus  stm32f7xx_hal_sd.o
    0x080035fa   0x00000002   PAD
    0x080035fc   0x000002ba   Code   RO         2478    i.HAL_SD_Get_CardInfo  stm32f7xx_hal_sd.o
    0x080038b6   0x0000009c   Code   RO         2481    i.HAL_SD_Init       stm32f7xx_hal_sd.o
    0x08003952   0x00000002   Code   RO         2483    i.HAL_SD_MspInit    stm32f7xx_hal_sd.o
    0x08003954   0x00000170   Code   RO         2484    i.HAL_SD_ReadBlocks  stm32f7xx_hal_sd.o
    0x08003ac4   0x0000002a   Code   RO         2487    i.HAL_SD_StopTransfer  stm32f7xx_hal_sd.o
    0x08003aee   0x0000005e   Code   RO         2488    i.HAL_SD_WideBusOperation_Config  stm32f7xx_hal_sd.o
    0x08003b4c   0x000001c6   Code   RO         2489    i.HAL_SD_WriteBlocks  stm32f7xx_hal_sd.o
    0x08003d12   0x00000026   Code   RO          518    i.HAL_SYSTICK_Config  stm32f7xx_hal_cortex.o
    0x08003d38   0x0000006a   Code   RO         1434    i.HAL_UART_Init     stm32f7xx_hal_uart.o
    0x08003da2   0x00000002   Code   RO         1436    i.HAL_UART_MspInit  stm32f7xx_hal_uart.o
    0x08003da4   0x000000c8   Code   RO         1442    i.HAL_UART_Transmit  stm32f7xx_hal_uart.o
    0x08003e6c   0x00000002   Code   RO         3080    i.HardFault_Handler  stm32f7xx_it.o
    0x08003e6e   0x00000002   PAD
    0x08003e70   0x00000080   Code   RO         1961    i.I2C_IsAcknowledgeFailed  stm32f7xx_hal_i2c.o
    0x08003ef0   0x00000066   Code   RO         1964    i.I2C_RequestMemoryRead  stm32f7xx_hal_i2c.o
    0x08003f56   0x00000066   Code   RO         1965    i.I2C_RequestMemoryWrite  stm32f7xx_hal_i2c.o
    0x08003fbc   0x00000024   Code   RO         1968    i.I2C_TransferConfig  stm32f7xx_hal_i2c.o
    0x08003fe0   0x0000006e   Code   RO         1969    i.I2C_WaitOnFlagUntilTimeout  stm32f7xx_hal_i2c.o
    0x0800404e   0x0000004e   Code   RO         1971    i.I2C_WaitOnSTOPFlagUntilTimeout  stm32f7xx_hal_i2c.o
    0x0800409c   0x00000052   Code   RO         1972    i.I2C_WaitOnTXISFlagUntilTimeout  stm32f7xx_hal_i2c.o
    0x080040ee   0x00000012   Code   RO         4024    i.I2Cx_Error        stm32746g_discovery.o
    0x08004100   0x00000050   Code   RO         4025    i.I2Cx_Init         stm32746g_discovery.o
    0x08004150   0x00000124   Code   RO         4026    i.I2Cx_MspInit      stm32746g_discovery.o
    0x08004274   0x0000002a   Code   RO         4027    i.I2Cx_ReadMultiple  stm32746g_discovery.o
    0x0800429e   0x0000002a   Code   RO         4028    i.I2Cx_WriteMultiple  stm32746g_discovery.o
    0x080042c8   0x000000ac   Code   RO         3214    i.Jpeg_CallbackFunction  main.o
    0x08004374   0x00000080   Code   RO         4386    i.LL_FillBuffer     stm32746g_discovery_lcd.o
    0x080043f4   0x000001d0   Code   RO         2325    i.LTDC_SetConfig    stm32f7xx_hal_ltdc.o
    0x080045c4   0x00000002   Code   RO         3081    i.MemManage_Handler  stm32f7xx_it.o
    0x080045c6   0x00000002   Code   RO         3082    i.NMI_Handler       stm32f7xx_it.o
    0x080045c8   0x00000022   Code   RO          520    i.NVIC_SetPriority  stm32f7xx_hal_cortex.o
    0x080045ea   0x00000002   Code   RO         3083    i.PendSV_Handler    stm32f7xx_it.o
    0x080045ec   0x00000888   Code   RO         3311    i.Play_MOV          mpeg.o
    0x08004e74   0x000000a4   Code   RO         3394    i.Play_WAV          my_waveplayer.o
    0x08004f18   0x00000024   Code   RO         3395    i.PlayerInit        my_waveplayer.o
    0x08004f3c   0x00000044   Code   RO         2966    i.SAI_BlockSynchroConfig  stm32f7xx_hal_sai_ex.o
    0x08004f80   0x0000001e   Code   RO         2733    i.SAI_DMAError      stm32f7xx_hal_sai.o
    0x08004f9e   0x0000003c   Code   RO         2736    i.SAI_DMATxCplt     stm32f7xx_hal_sai.o
    0x08004fda   0x0000000a   Code   RO         2737    i.SAI_DMATxHalfCplt  stm32f7xx_hal_sai.o
    0x08004fe4   0x0000003e   Code   RO         2738    i.SAI_Disable       stm32f7xx_hal_sai.o
    0x08005022   0x00000002   PAD
    0x08005024   0x00000024   Code   RO         2967    i.SAI_GetInputClock  stm32f7xx_hal_sai_ex.o
    0x08005048   0x00000032   Code   RO         2742    i.SAI_InterruptFlag  stm32f7xx_hal_sai.o
    0x0800507a   0x00000002   PAD
    0x0800507c   0x0000001c   Code   RO         4714    i.SAIx_Out_DeInit   stm32746g_discovery_audio.o
    0x08005098   0x0000006c   Code   RO         4715    i.SAIx_Out_Init     stm32746g_discovery_audio.o
    0x08005104   0x00000026   Code   RO         1674    i.SDMMC_DataConfig  stm32f7xx_ll_sdmmc.o
    0x0800512a   0x00000006   Code   RO         1675    i.SDMMC_GetCommandResponse  stm32f7xx_ll_sdmmc.o
    0x08005130   0x00000008   Code   RO         1678    i.SDMMC_GetPowerState  stm32f7xx_ll_sdmmc.o
    0x08005138   0x0000000c   Code   RO         1679    i.SDMMC_GetResponse  stm32f7xx_ll_sdmmc.o
    0x08005144   0x00000022   Code   RO         1680    i.SDMMC_Init        stm32f7xx_ll_sdmmc.o
    0x08005166   0x00000008   Code   RO         1682    i.SDMMC_PowerState_ON  stm32f7xx_ll_sdmmc.o
    0x0800516e   0x00000006   Code   RO         1683    i.SDMMC_ReadFIFO    stm32f7xx_ll_sdmmc.o
    0x08005174   0x00000022   Code   RO         1684    i.SDMMC_SendCommand  stm32f7xx_ll_sdmmc.o
    0x08005196   0x0000000a   Code   RO         1686    i.SDMMC_WriteFIFO   stm32f7xx_ll_sdmmc.o
    0x080051a0   0x000000ec   Code   RO         2493    i.SD_CmdResp1Error  stm32f7xx_hal_sd.o
    0x0800528c   0x0000002c   Code   RO         2494    i.SD_CmdResp2Error  stm32f7xx_hal_sd.o
    0x080052b8   0x00000074   Code   RO         2495    i.SD_CmdResp6Error  stm32f7xx_hal_sd.o
    0x0800532c   0x00000040   Code   RO         2496    i.SD_CmdResp7Error  stm32f7xx_hal_sd.o
    0x0800536c   0x000000f8   Code   RO         2501    i.SD_FindSCR        stm32f7xx_hal_sd.o
    0x08005464   0x000000f4   Code   RO         2502    i.SD_Initialize_Cards  stm32f7xx_hal_sd.o
    0x08005558   0x00000140   Code   RO         2503    i.SD_IsCardProgramming  stm32f7xx_hal_sd.o
    0x08005698   0x00000180   Code   RO         2504    i.SD_PowerON        stm32f7xx_hal_sd.o
    0x08005818   0x00000076   Code   RO         2505    i.SD_WideBus_Disable  stm32f7xx_hal_sd.o
    0x0800588e   0x00000078   Code   RO         2506    i.SD_WideBus_Enable  stm32f7xx_hal_sd.o
    0x08005906   0x00000002   PAD
    0x08005908   0x00000020   Code   RO         2996    i.SD_initialize     sd_diskio.o
    0x08005928   0x00000054   Code   RO         2997    i.SD_ioctl          sd_diskio.o
    0x0800597c   0x0000001e   Code   RO         2998    i.SD_read           sd_diskio.o
    0x0800599a   0x00000002   PAD
    0x0800599c   0x00000020   Code   RO         2999    i.SD_status         sd_diskio.o
    0x080059bc   0x0000001e   Code   RO         3000    i.SD_write          sd_diskio.o
    0x080059da   0x00000002   Code   RO         3084    i.SVC_Handler       stm32f7xx_it.o
    0x080059dc   0x00000004   Code   RO         3085    i.SysTick_Handler   stm32f7xx_it.o
    0x080059e0   0x0000007a   Code   RO         3215    i.SystemClock_Config  main.o
    0x08005a5a   0x00000002   PAD
    0x08005a5c   0x00000054   Code   RO         3445    i.SystemInit        system_stm32f7xx.o
    0x08005ab0   0x000000c8   Code   RO         1447    i.UART_AdvFeatureConfig  stm32f7xx_hal_uart.o
    0x08005b78   0x0000004e   Code   RO         1448    i.UART_CheckIdleState  stm32f7xx_hal_uart.o
    0x08005bc6   0x00000002   PAD
    0x08005bc8   0x00000248   Code   RO         1455    i.UART_SetConfig    stm32f7xx_hal_uart.o
    0x08005e10   0x00000092   Code   RO         1457    i.UART_WaitOnFlagUntilTimeout  stm32f7xx_hal_uart.o
    0x08005ea2   0x00000002   Code   RO         3086    i.UsageFault_Handler  stm32f7xx_it.o
    0x08005ea4   0x00000020   Code   RO         7914    i.__0printf$8       mc_w.l(printf8.o)
    0x08005ec4   0x00000028   Code   RO         7916    i.__0sprintf$8      mc_w.l(printf8.o)
    0x08005eec   0x0000000e   Code   RO         8046    i.__scatterload_copy  mc_w.l(handlers.o)
    0x08005efa   0x00000002   Code   RO         8047    i.__scatterload_null  mc_w.l(handlers.o)
    0x08005efc   0x0000000e   Code   RO         8048    i.__scatterload_zeroinit  mc_w.l(handlers.o)
    0x08005f0a   0x00000002   PAD
    0x08005f0c   0x00000410   Code   RO         7921    i._printf_core      mc_w.l(printf8.o)
    0x0800631c   0x00000024   Code   RO         7922    i._printf_post_padding  mc_w.l(printf8.o)
    0x08006340   0x0000002e   Code   RO         7923    i._printf_pre_padding  mc_w.l(printf8.o)
    0x0800636e   0x0000000a   Code   RO         7925    i._sputc            mc_w.l(printf8.o)
    0x08006378   0x00000102   Code   RO         6141    i.access_virt_barray  jmemmgr.o
    0x0800647a   0x00000100   Code   RO         6142    i.access_virt_sarray  jmemmgr.o
    0x0800657a   0x00000002   PAD
    0x0800657c   0x0000007e   Code   RO         6143    i.alloc_barray      jmemmgr.o
    0x080065fa   0x00000032   Code   RO         7033    i.alloc_fs_workspace  jquant1.o
    0x0800662c   0x00000074   Code   RO         6424    i.alloc_funny_pointers  jdmainct.o
    0x080066a0   0x0000007a   Code   RO         6144    i.alloc_large       jmemmgr.o
    0x0800671a   0x00000002   PAD
    0x0800671c   0x00000078   Code   RO         6145    i.alloc_sarray      jmemmgr.o
    0x08006794   0x000000d8   Code   RO         6146    i.alloc_small       jmemmgr.o
    0x0800686c   0x000000c8   Code   RO         6355    i.arith_decode      jdarith.o
    0x08006934   0x0000002c   Code   RO         3312    i.b2l               mpeg.o
    0x08006960   0x000000a0   Code   RO         5345    i.build_ycc_rgb_table  jdcolor.o
    0x08006a00   0x000000a0   Code   RO         7129    i.build_ycc_rgb_table  jdmerge.o
    0x08006aa0   0x00000060   Code   RO         3480    i.check_fs          ff.o
    0x08006b00   0x0000006c   Code   RO         3481    i.chk_lock          ff.o
    0x08006b6c   0x00000024   Code   RO         3482    i.clear_lock        ff.o
    0x08006b90   0x0000002a   Code   RO         3483    i.clmt_clust        ff.o
    0x08006bba   0x0000001e   Code   RO         3484    i.clust2sect        ff.o
    0x08006bd8   0x00000500   Code   RO         3313    i.collectAtoms      mpeg.o
    0x080070d8   0x00000056   Code   RO         7034    i.color_quantize    jquant1.o
    0x0800712e   0x00000002   PAD
    0x08007130   0x0000005c   Code   RO         7035    i.color_quantize3   jquant1.o
    0x0800718c   0x000000c6   Code   RO         5414    i.compute_color     jquant2.o
    0x08007252   0x00000002   PAD
    0x08007254   0x000000a6   Code   RO         5169    i.consume_markers   jdinput.o
    0x080072fa   0x000000b2   Code   RO         3485    i.create_chain      ff.o
    0x080073ac   0x000000d0   Code   RO         7036    i.create_colorindex  jquant1.o
    0x0800747c   0x000000c6   Code   RO         7037    i.create_colormap   jquant1.o
    0x08007542   0x00000002   PAD
    0x08007544   0x00000100   Code   RO         3486    i.create_name       ff.o
    0x08007644   0x000000a0   Code   RO         7038    i.create_odither_tables  jquant1.o
    0x080076e4   0x0000003c   Code   RO         3487    i.dec_lock          ff.o
    0x08007720   0x0000022a   Code   RO         6356    i.decode_mcu        jdarith.o
    0x0800794a   0x00000002   PAD
    0x0800794c   0x000002dc   Code   RO         7296    i.decode_mcu        jdhuff.o
    0x08007c28   0x0000013a   Code   RO         6357    i.decode_mcu_AC_first  jdarith.o
    0x08007d62   0x00000002   PAD
    0x08007d64   0x0000016c   Code   RO         7297    i.decode_mcu_AC_first  jdhuff.o
    0x08007ed0   0x0000010e   Code   RO         6358    i.decode_mcu_AC_refine  jdarith.o
    0x08007fde   0x00000002   PAD
    0x08007fe0   0x00000290   Code   RO         7298    i.decode_mcu_AC_refine  jdhuff.o
    0x08008270   0x00000148   Code   RO         6359    i.decode_mcu_DC_first  jdarith.o
    0x080083b8   0x0000015c   Code   RO         7299    i.decode_mcu_DC_first  jdhuff.o
    0x08008514   0x00000054   Code   RO         6360    i.decode_mcu_DC_refine  jdarith.o
    0x08008568   0x00000092   Code   RO         7300    i.decode_mcu_DC_refine  jdhuff.o
    0x080085fa   0x00000002   PAD
    0x080085fc   0x000002f0   Code   RO         7301    i.decode_mcu_sub    jdhuff.o
    0x080088ec   0x00000178   Code   RO         5854    i.decompress_onepass  jdcoefct.o
    0x08008a64   0x0000012c   Code   RO         6036    i.default_decompress_parms  jdapimin.o
    0x08008b90   0x0000011e   Code   RO         3488    i.dir_next          ff.o
    0x08008cae   0x00000076   Code   RO         3490    i.dir_register      ff.o
    0x08008d24   0x00000094   Code   RO         3492    i.dir_sdi           ff.o
    0x08008db8   0x00000028   Code   RO         3851    i.disk_initialize   diskio.o
    0x08008de0   0x00000018   Code   RO         3852    i.disk_ioctl        diskio.o
    0x08008df8   0x0000001c   Code   RO         3853    i.disk_read         diskio.o
    0x08008e14   0x00000014   Code   RO         3854    i.disk_status       diskio.o
    0x08008e28   0x0000001c   Code   RO         3855    i.disk_write        diskio.o
    0x08008e44   0x00000076   Code   RO         6147    i.do_barray_io      jmemmgr.o
    0x08008eba   0x00000074   Code   RO         6148    i.do_sarray_io      jmemmgr.o
    0x08008f2e   0x00000004   Code   RO         5855    i.dummy_consume_data  jdcoefct.o
    0x08008f32   0x0000002c   Code   RO         6478    i.emit_message      jerror.o
    0x08008f5e   0x00000016   Code   RO         6479    i.error_exit        jerror.o
    0x08008f74   0x00000154   Code   RO         6540    i.examine_app0      jdmarker.o
    0x080090c8   0x00000082   Code   RO         6541    i.examine_app14     jdmarker.o
    0x0800914a   0x0000002a   Code   RO         3495    i.f_close           ff.o
    0x08009174   0x0000028c   Code   RO         3499    i.f_lseek           ff.o
    0x08009400   0x0000005c   Code   RO         3502    i.f_mount           ff.o
    0x0800945c   0x000001a8   Code   RO         3503    i.f_open            ff.o
    0x08009604   0x0000018c   Code   RO         3507    i.f_read            ff.o
    0x08009790   0x000000b8   Code   RO         3511    i.f_sync            ff.o
    0x08009848   0x00000060   Code   RO         6656    i.fill_input_buffer  jdatasrc.o
    0x080098a8   0x00000094   Code   RO         5415    i.fill_inverse_cmap  jquant2.o
    0x0800993c   0x000000d2   Code   RO         5416    i.find_best_colors  jquant2.o
    0x08009a0e   0x00000002   PAD
    0x08009a10   0x0000014e   Code   RO         5417    i.find_nearby_colors  jquant2.o
    0x08009b5e   0x00000002   PAD
    0x08009b60   0x00000258   Code   RO         3516    i.find_volume       ff.o
    0x08009db8   0x00000010   Code   RO         5170    i.finish_input_pass  jdinput.o
    0x08009dc8   0x0000001a   Code   RO         5768    i.finish_output_pass  jdmaster.o
    0x08009de2   0x00000018   Code   RO         5418    i.finish_pass1      jquant2.o
    0x08009dfa   0x00000002   Code   RO         5419    i.finish_pass2      jquant2.o
    0x08009dfc   0x00000002   Code   RO         7039    i.finish_pass_1_quant  jquant1.o
    0x08009dfe   0x00000068   Code   RO         6542    i.first_marker      jdmarker.o
    0x08009e66   0x00000002   PAD
    0x08009e68   0x000000c0   Code   RO         3517    i.follow_path       ff.o
    0x08009f28   0x00000088   Code   RO         6480    i.format_message    jerror.o
    0x08009fb0   0x00000018   Code   RO         3217    i.fputc             main.o
    0x08009fc8   0x00000050   Code   RO         7968    i.free              mc_w.l(malloc.o)
    0x0800a018   0x000000c6   Code   RO         6149    i.free_pool         jmemmgr.o
    0x0800a0de   0x00000004   Code   RO         5572    i.fullsize_upsample  jdsample.o
    0x0800a0e2   0x00000016   Code   RO         3314    i.getSampleSize     mpeg.o
    0x0800a0f8   0x00000050   Code   RO         3315    i.getVideoSampleTime  mpeg.o
    0x0800a148   0x00000030   Code   RO         6361    i.get_byte          jdarith.o
    0x0800a178   0x00000108   Code   RO         6543    i.get_dac           jdmarker.o
    0x0800a280   0x00000204   Code   RO         6544    i.get_dht           jdmarker.o
    0x0800a484   0x00000238   Code   RO         6545    i.get_dqt           jdmarker.o
    0x0800a6bc   0x000000a6   Code   RO         6546    i.get_dri           jdmarker.o
    0x0800a762   0x000000c2   Code   RO         3518    i.get_fat           ff.o
    0x0800a824   0x00000004   Code   RO         3856    i.get_fattime       diskio.o
    0x0800a828   0x000000e8   Code   RO         6547    i.get_interesting_appn  jdmarker.o
    0x0800a910   0x0000003c   Code   RO         3520    i.get_ldnumber      ff.o
    0x0800a94c   0x0000021e   Code   RO         6548    i.get_sof           jdmarker.o
    0x0800ab6a   0x0000007c   Code   RO         6549    i.get_soi           jdmarker.o
    0x0800abe6   0x000001fa   Code   RO         6550    i.get_sos           jdmarker.o
    0x0800ade0   0x00000034   Code   RO         5346    i.gray_rgb_convert  jdcolor.o
    0x0800ae14   0x0000001c   Code   RO         5347    i.grayscale_convert  jdcolor.o
    0x0800ae30   0x000000f0   Code   RO         7130    i.h2v1_merged_upsample  jdmerge.o
    0x0800af20   0x00000032   Code   RO         5573    i.h2v1_upsample     jdsample.o
    0x0800af52   0x00000002   PAD
    0x0800af54   0x00000176   Code   RO         7131    i.h2v2_merged_upsample  jdmerge.o
    0x0800b0ca   0x00000002   PAD
    0x0800b0cc   0x00000052   Code   RO         5574    i.h2v2_upsample     jdsample.o
    0x0800b11e   0x00000002   PAD
    0x0800b120   0x000000a0   Code   RO         3521    i.inc_lock          ff.o
    0x0800b1c0   0x00000064   Code   RO         5420    i.init_error_limit  jquant2.o
    0x0800b224   0x00000008   Code   RO         6659    i.init_source       jdatasrc.o
    0x0800b22c   0x000002a0   Code   RO         5171    i.initial_setup     jdinput.o
    0x0800b4cc   0x00000076   Code   RO         5575    i.int_upsample      jdsample.o
    0x0800b542   0x00000026   Code   RO         5112    i.jcopy_sample_rows  jutils.o
    0x0800b568   0x0000000a   Code   RO         5113    i.jdiv_round_up     jutils.o
    0x0800b572   0x00000002   PAD
    0x0800b574   0x00000088   Code   RO         7040    i.jinit_1pass_quantizer  jquant1.o
    0x0800b5fc   0x000000f4   Code   RO         5421    i.jinit_2pass_quantizer  jquant2.o
    0x0800b6f0   0x00000068   Code   RO         6362    i.jinit_arith_decoder  jdarith.o
    0x0800b758   0x00000188   Code   RO         5348    i.jinit_color_deconverter  jdcolor.o
    0x0800b8e0   0x00000084   Code   RO         5856    i.jinit_d_coef_controller  jdcoefct.o
    0x0800b964   0x000000a0   Code   RO         6425    i.jinit_d_main_controller  jdmainct.o
    0x0800ba04   0x0000006c   Code   RO         7419    i.jinit_d_post_controller  jdpostct.o
    0x0800ba70   0x00000074   Code   RO         7302    i.jinit_huff_decoder  jdhuff.o
    0x0800bae4   0x00000040   Code   RO         5172    i.jinit_input_controller  jdinput.o
    0x0800bb24   0x0000005c   Code   RO         5542    i.jinit_inverse_dct  jddctmgr.o
    0x0800bb80   0x00000060   Code   RO         6551    i.jinit_marker_reader  jdmarker.o
    0x0800bbe0   0x00000034   Code   RO         5769    i.jinit_master_decompress  jdmaster.o
    0x0800bc14   0x000000b4   Code   RO         6150    i.jinit_memory_mgr  jmemmgr.o
    0x0800bcc8   0x0000006c   Code   RO         7132    i.jinit_merged_upsampler  jdmerge.o
    0x0800bd34   0x00000128   Code   RO         5576    i.jinit_upsampler   jdsample.o
    0x0800be5c   0x000000a2   Code   RO         6037    i.jpeg_CreateDecompress  jdapimin.o
    0x0800befe   0x00000028   Code   RO         7377    i.jpeg_abort        jcomapi.o
    0x0800bf26   0x00000016   Code   RO         7378    i.jpeg_alloc_huff_table  jcomapi.o
    0x0800bf3c   0x00000014   Code   RO         7379    i.jpeg_alloc_quant_table  jcomapi.o
    0x0800bf50   0x0000006c   Code   RO         5770    i.jpeg_calc_output_dimensions  jdmaster.o
    0x0800bfbc   0x0000007a   Code   RO         6039    i.jpeg_consume_input  jdapimin.o
    0x0800c036   0x0000000a   Code   RO         5173    i.jpeg_core_output_dimensions  jdinput.o
    0x0800c040   0x0000007c   Code   RO         3278    i.jpeg_decode       decode.o
    0x0800c0bc   0x00000016   Code   RO         7380    i.jpeg_destroy      jcomapi.o
    0x0800c0d2   0x00000004   Code   RO         6040    i.jpeg_destroy_decompress  jdapimin.o
    0x0800c0d6   0x000000aa   Code   RO         7303    i.jpeg_fill_bit_buffer  jdhuff.o
    0x0800c180   0x0000007e   Code   RO         6041    i.jpeg_finish_decompress  jdapimin.o
    0x0800c1fe   0x00000006   Code   RO         7606    i.jpeg_free_large   jmemnobs.o
    0x0800c204   0x00000006   Code   RO         7607    i.jpeg_free_small   jmemnobs.o
    0x0800c20a   0x00000006   Code   RO         7608    i.jpeg_get_large    jmemnobs.o
    0x0800c210   0x00000006   Code   RO         7609    i.jpeg_get_small    jmemnobs.o
    0x0800c216   0x00000002   PAD
    0x0800c218   0x00000094   Code   RO         7304    i.jpeg_huff_decode  jdhuff.o
    0x0800c2ac   0x00000340   Code   RO         6960    i.jpeg_idct_float   jidctflt.o
    0x0800c5ec   0x000002ec   Code   RO         5903    i.jpeg_idct_ifast   jidctfst.o
    0x0800c8d8   0x00000394   Code   RO         5279    i.jpeg_idct_islow   jidctint.o
    0x0800cc6c   0x000001dc   Code   RO         7305    i.jpeg_make_d_derived_tbl  jdhuff.o
    0x0800ce48   0x00000004   Code   RO         7610    i.jpeg_mem_available  jmemnobs.o
    0x0800ce4c   0x00000004   Code   RO         7611    i.jpeg_mem_init     jmemnobs.o
    0x0800ce50   0x00000002   Code   RO         7612    i.jpeg_mem_term     jmemnobs.o
    0x0800ce52   0x0000000c   Code   RO         7613    i.jpeg_open_backing_store  jmemnobs.o
    0x0800ce5e   0x00000050   Code   RO         6044    i.jpeg_read_header  jdapimin.o
    0x0800ceae   0x00000078   Code   RO         7256    i.jpeg_read_scanlines  jdapistd.o
    0x0800cf26   0x000000b2   Code   RO         6552    i.jpeg_resync_to_restart  jdmarker.o
    0x0800cfd8   0x00000066   Code   RO         7257    i.jpeg_start_decompress  jdapistd.o
    0x0800d03e   0x00000002   PAD
    0x0800d040   0x00000048   Code   RO         6481    i.jpeg_std_error    jerror.o
    0x0800d088   0x00000060   Code   RO         6661    i.jpeg_stdio_src    jdatasrc.o
    0x0800d0e8   0x00000010   Code   RO         5114    i.jround_up         jutils.o
    0x0800d0f8   0x00000014   Code   RO         7041    i.largest_input_value  jquant1.o
    0x0800d10c   0x00000012   Code   RO         3522    i.ld_clust          ff.o
    0x0800d11e   0x00000002   PAD
    0x0800d120   0x00000134   Code   RO         3218    i.main              main.o
    0x0800d254   0x000000a2   Code   RO         6426    i.make_funny_pointers  jdmainct.o
    0x0800d2f6   0x00000002   PAD
    0x0800d2f8   0x0000006c   Code   RO         7969    i.malloc            mc_w.l(malloc.o)
    0x0800d364   0x00000156   Code   RO         5771    i.master_selection  jdmaster.o
    0x0800d4ba   0x00000002   PAD
    0x0800d4bc   0x0000012c   Code   RO         5422    i.median_cut        jquant2.o
    0x0800d5e8   0x00000012   Code   RO         3523    i.mem_cpy           ff.o
    0x0800d5fa   0x0000000e   Code   RO         3524    i.mem_set           ff.o
    0x0800d608   0x0000002a   Code   RO         7133    i.merged_1v_upsample  jdmerge.o
    0x0800d632   0x00000092   Code   RO         7134    i.merged_2v_upsample  jdmerge.o
    0x0800d6c4   0x00000036   Code   RO         3525    i.move_window       ff.o
    0x0800d6fa   0x0000000c   Code   RO         7042    i.new_color_map_1_quant  jquant1.o
    0x0800d706   0x0000000a   Code   RO         5423    i.new_color_map_2_quant  jquant2.o
    0x0800d710   0x000000aa   Code   RO         6554    i.next_marker       jdmarker.o
    0x0800d7ba   0x00000006   Code   RO         5577    i.noop_upsample     jdsample.o
    0x0800d7c0   0x00000046   Code   RO         5349    i.null_convert      jdcolor.o
    0x0800d806   0x00000010   Code   RO         6151    i.out_of_memory     jmemmgr.o
    0x0800d816   0x00000010   Code   RO         6482    i.output_message    jerror.o
    0x0800d826   0x00000096   Code   RO         7258    i.output_pass_setup  jdapistd.o
    0x0800d8bc   0x000001e6   Code   RO         5424    i.pass2_fs_dither   jquant2.o
    0x0800daa2   0x00000068   Code   RO         5425    i.pass2_no_dither   jquant2.o
    0x0800db0a   0x00000002   PAD
    0x0800db0c   0x0000011a   Code   RO         5174    i.per_scan_setup    jdinput.o
    0x0800dc26   0x00000058   Code   RO         7420    i.post_process_1pass  jdpostct.o
    0x0800dc7e   0x00000082   Code   RO         7421    i.post_process_2pass  jdpostct.o
    0x0800dd00   0x0000008a   Code   RO         7422    i.post_process_prepass  jdpostct.o
    0x0800dd8a   0x00000108   Code   RO         5772    i.prepare_for_output_pass  jdmaster.o
    0x0800de92   0x00000068   Code   RO         5426    i.prescan_quantize  jquant2.o
    0x0800defa   0x000001d6   Code   RO         6427    i.process_data_context_main  jdmainct.o
    0x0800e0d0   0x00000016   Code   RO         6428    i.process_data_crank_post  jdmainct.o
    0x0800e0e6   0x0000005a   Code   RO         6429    i.process_data_simple_main  jdmainct.o
    0x0800e140   0x0000009e   Code   RO         6363    i.process_restart   jdarith.o
    0x0800e1de   0x00000002   PAD
    0x0800e1e0   0x00000058   Code   RO         7306    i.process_restart   jdhuff.o
    0x0800e238   0x000000f8   Code   RO         3526    i.put_fat           ff.o
    0x0800e330   0x000000b0   Code   RO         7043    i.quantize3_ord_dither  jquant1.o
    0x0800e3e0   0x0000011a   Code   RO         7044    i.quantize_fs_dither  jquant1.o
    0x0800e4fa   0x00000094   Code   RO         7045    i.quantize_ord_dither  jquant1.o
    0x0800e58e   0x00000002   PAD
    0x0800e590   0x00000014   Code   RO         3316    i.read_file         mpeg.o
    0x0800e5a4   0x00000198   Code   RO         6555    i.read_markers      jdmarker.o
    0x0800e73c   0x00000066   Code   RO         6556    i.read_restart_marker  jdmarker.o
    0x0800e7a2   0x00000002   PAD
    0x0800e7a4   0x0000011c   Code   RO         6152    i.realize_virt_arrays  jmemmgr.o
    0x0800e8c0   0x0000006e   Code   RO         3528    i.remove_chain      ff.o
    0x0800e92e   0x0000004c   Code   RO         6153    i.request_virt_barray  jmemmgr.o
    0x0800e97a   0x0000004c   Code   RO         6154    i.request_virt_sarray  jmemmgr.o
    0x0800e9c6   0x0000000c   Code   RO         6483    i.reset_error_mgr   jerror.o
    0x0800e9d2   0x00000002   PAD
    0x0800e9d4   0x00000034   Code   RO         5175    i.reset_input_controller  jdinput.o
    0x0800ea08   0x0000001e   Code   RO         6557    i.reset_marker_reader  jdmarker.o
    0x0800ea26   0x00000002   PAD
    0x0800ea28   0x00000054   Code   RO         5350    i.rgb_convert       jdcolor.o
    0x0800ea7c   0x00000070   Code   RO         5351    i.rgb_gray_convert  jdcolor.o
    0x0800eaec   0x00000072   Code   RO         5427    i.select_colors     jquant2.o
    0x0800eb5e   0x00000002   PAD
    0x0800eb60   0x00000098   Code   RO         7046    i.select_ncolors    jquant1.o
    0x0800ebf8   0x0000002a   Code   RO         6155    i.self_destruct     jmemmgr.o
    0x0800ec22   0x000000b0   Code   RO         5578    i.sep_upsample      jdsample.o
    0x0800ecd2   0x00000002   PAD
    0x0800ecd4   0x000000a0   Code   RO         3317    i.setStrSec         mpeg.o
    0x0800ed74   0x00000028   Code   RO         6662    i.skip_input_data   jdatasrc.o
    0x0800ed9c   0x00000076   Code   RO         6558    i.skip_variable     jdmarker.o
    0x0800ee12   0x00000012   Code   RO         3529    i.st_clust          ff.o
    0x0800ee24   0x00000032   Code   RO         5857    i.start_iMCU_row    jdcoefct.o
    0x0800ee56   0x00000002   PAD
    0x0800ee58   0x0000008e   Code   RO         5176    i.start_input_pass  jdinput.o
    0x0800eee6   0x0000000a   Code   RO         5858    i.start_input_pass  jdcoefct.o
    0x0800eef0   0x00000008   Code   RO         5859    i.start_output_pass  jdcoefct.o
    0x0800eef8   0x000001a8   Code   RO         5543    i.start_pass        jddctmgr.o
    0x0800f0a0   0x00000260   Code   RO         6364    i.start_pass        jdarith.o
    0x0800f300   0x000000bc   Code   RO         7047    i.start_pass_1_quant  jquant1.o
    0x0800f3bc   0x000000f0   Code   RO         5428    i.start_pass_2_quant  jquant2.o
    0x0800f4ac   0x00000002   Code   RO         5352    i.start_pass_dcolor  jdcolor.o
    0x0800f4ae   0x00000002   PAD
    0x0800f4b0   0x00000080   Code   RO         7423    i.start_pass_dpost  jdpostct.o
    0x0800f530   0x000003f0   Code   RO         7307    i.start_pass_huff_decoder  jdhuff.o
    0x0800f920   0x00000054   Code   RO         6430    i.start_pass_main   jdmainct.o
    0x0800f974   0x0000000e   Code   RO         7135    i.start_pass_merged_upsample  jdmerge.o
    0x0800f982   0x00000010   Code   RO         5579    i.start_pass_upsample  jdsample.o
    0x0800f992   0x000000c2   Code   RO         3530    i.sync_fs           ff.o
    0x0800fa54   0x00000060   Code   RO         3531    i.sync_window       ff.o
    0x0800fab4   0x00000002   Code   RO         6663    i.term_source       jdatasrc.o
    0x0800fab6   0x00000002   PAD
    0x0800fab8   0x00000248   Code   RO         5429    i.update_box        jquant2.o
    0x0800fd00   0x00000090   Code   RO         5773    i.use_merged_upsample  jdmaster.o
    0x0800fd90   0x0000002c   Code   RO         3532    i.validate          ff.o
    0x0800fdbc   0x00000004   Code   RO         4936    i.wm8994_DeInit     wm8994.o
    0x0800fdc0   0x00000484   Code   RO         4937    i.wm8994_Init       wm8994.o
    0x08010244   0x0000001a   Code   RO         4938    i.wm8994_Pause      wm8994.o
    0x0801025e   0x00000006   Code   RO         4939    i.wm8994_Play       wm8994.o
    0x08010264   0x00000014   Code   RO         4940    i.wm8994_ReadID     wm8994.o
    0x08010278   0x0000001c   Code   RO         4941    i.wm8994_Reset      wm8994.o
    0x08010294   0x00000006   Code   RO         4942    i.wm8994_Resume     wm8994.o
    0x0801029a   0x00000076   Code   RO         4943    i.wm8994_SetFrequency  wm8994.o
    0x08010310   0x00000058   Code   RO         4944    i.wm8994_SetMute    wm8994.o
    0x08010368   0x000000bc   Code   RO         4945    i.wm8994_SetOutputMode  wm8994.o
    0x08010424   0x0000011c   Code   RO         4946    i.wm8994_SetVolume  wm8994.o
    0x08010540   0x0000007c   Code   RO         4947    i.wm8994_Stop       wm8994.o
    0x080105bc   0x00000092   Code   RO         5353    i.ycc_rgb_convert   jdcolor.o
    0x0801064e   0x000000b0   Code   RO         5354    i.ycck_cmyk_convert  jdcolor.o
    0x080106fe   0x00000010   Data   RO          306    .constdata          stm32f7xx_hal_rcc.o
    0x0801070e   0x00000008   Data   RO         1031    .constdata          stm32f7xx_hal_dma.o
    0x08010716   0x00000002   PAD
    0x08010718   0x00000014   Data   RO         3001    .constdata          sd_diskio.o
    0x0801072c   0x000000ff   Data   RO         3319    .constdata          mpeg.o
    0x0801082b   0x00000001   PAD
    0x0801082c   0x000000ac   Data   RO         3534    .constdata          ff.o
    0x080108d8   0x00001ab8   Data   RO         4388    .constdata          stm32746g_discovery_lcd.o
    0x08012390   0x00000140   Data   RO         5115    .constdata          jutils.o
    0x080124d0   0x00000104   Data   RO         5116    .constdata          jutils.o
    0x080125d4   0x000000d0   Data   RO         5117    .constdata          jutils.o
    0x080126a4   0x000000a4   Data   RO         5118    .constdata          jutils.o
    0x08012748   0x00000080   Data   RO         5119    .constdata          jutils.o
    0x080127c8   0x00000064   Data   RO         5120    .constdata          jutils.o
    0x0801282c   0x00000050   Data   RO         5121    .constdata          jutils.o
    0x0801287c   0x00000004   PAD
    0x08012880   0x000000c0   Data   RO         5544    .constdata          jddctmgr.o
    0x08012940   0x000001c8   Data   RO         5740    .constdata          jaricom.o
    0x08012b08   0x00000010   Data   RO         6156    .constdata          jmemmgr.o
    0x08012b18   0x00000200   Data   RO         6484    .constdata          jerror.o
    0x08012d18   0x0000010c   Data   RO         7048    .constdata          jquant1.o
    0x08012e24   0x0000036c   Data   RO         7308    .constdata          jdhuff.o
    0x08013190   0x0000130d   Data   RO         6485    .conststring        jerror.o
    0x0801449d   0x00000003   PAD
    0x080144a0   0x00000020   Data   RO         8044    Region$$Table       anon$$obj.o


    Execution Region RW_IRAM1 (Base: 0x20000000, Size: 0x0000f2c0, Max: 0x00050000, ABSOLUTE)

    Base Addr    Size         Type   Attr      Idx    E Section Name        Object

    0x20000000   0x00000004   Data   RW         1126    .data               stm32f7xx_hal.o
    0x20000004   0x00000001   Data   RW         3002    .data               sd_diskio.o
    0x20000005   0x00000003   PAD
    0x20000008   0x00000014   Data   RW         3220    .data               main.o
    0x2000001c   0x00000043   Data   RW         3320    .data               mpeg.o
    0x2000005f   0x00000001   PAD
    0x20000060   0x00000008   Data   RW         3398    .data               my_waveplayer.o
    0x20000068   0x00000014   Data   RW         3446    .data               system_stm32f7xx.o
    0x2000007c   0x00000008   Data   RW         3535    .data               ff.o
    0x20000084   0x00000002   Data   RW         3925    .data               stm32746g_discovery_sdram.o
    0x20000086   0x00000002   PAD
    0x20000088   0x0000000c   Data   RW         4393    .data               stm32746g_discovery_lcd.o
    0x20000094   0x00000008   Data   RW         4718    .data               stm32746g_discovery_audio.o
    0x2000009c   0x00000030   Data   RW         4948    .data               wm8994.o
    0x200000cc   0x00000008   Data   RW         4949    .data               wm8994.o
    0x200000d4   0x00000004   Data   RW         6665    .data               jdatasrc.o
    0x200000d8   0x00000004   Data   RW         8018    .data               mc_w.l(stdout.o)
    0x200000dc   0x00000004   Data   RW         8023    .data               mc_w.l(mvars.o)
    0x200000e0   0x00000004   Data   RW         8024    .data               mc_w.l(mvars.o)
    0x200000e4   0x00001164   Zero   RW         3219    .bss                main.o
    0x20001248   0x0000026c   Zero   RW         3280    .bss                decode.o
    0x200014b4   0x000016a4   Zero   RW         3318    .bss                mpeg.o
    0x20002b58   0x00001008   Zero   RW         3396    .bss                my_waveplayer.o
    0x20003b60   0x00000018   Zero   RW         3533    .bss                ff.o
    0x20003b78   0x0000000c   Zero   RW         3805    .bss                ff_gen_drv.o
    0x20003b84   0x00000110   Zero   RW         3924    .bss                stm32746g_discovery_sdram.o
    0x20003c94   0x00000078   Zero   RW         4033    .bss                stm32746g_discovery.o
    0x20003d0c   0x00000004   PAD
    0x20003d10   0x00000218   Zero   RW         4233    .bss                stm32746g_discovery_sd.o
    0x20003f28   0x00000184   Zero   RW         4387    .bss                stm32746g_discovery_lcd.o
    0x200040ac   0x00000210   Zero   RW         4716    .bss                stm32746g_discovery_audio.o
    0x200042bc   0x00000004   PAD
    0x200042c0   0x00009000   Zero   RW         3904    HEAP                startup_stm32f746xx.o
    0x2000d2c0   0x00002000   Zero   RW         3903    STACK               startup_stm32f746xx.o

