<!doctype html public "-//w3c//dtd html 4.0 transitional//en">
<html><head>
<title>Static Call Graph - [STM32746G-DISCOVERY\STM32746G-DISCOVERY.axf]</title></head>
<body><HR>
<H1>Static Call Graph for image STM32746G-DISCOVERY\STM32746G-DISCOVERY.axf</H1><HR>
<BR><P>#&#060CALLGRAPH&#062# ARM Linker, 5060020: Last Updated: Mon Apr 18 22:40:48 2016
<BR><P>
<H3>Maximum Stack Usage =      67344 bytes + Unknown(Cycles, Untraceable Function Pointers)</H3><H3>
Call chain for Maximum Stack Depth:</H3>
main &rArr; Play_MOV &rArr; collectAtoms &rArr;  collectAtoms (Cycle)
<P>
<H3>
Mutually Recursive functions
</H3> <LI><a href="#[1c]">ADC_IRQHandler</a>&nbsp;&nbsp;&nbsp;&rArr;&nbsp;&nbsp;&nbsp;<a href="#[1c]">ADC_IRQHandler</a><BR>
 <LI><a href="#[4]">BusFault_Handler</a>&nbsp;&nbsp;&nbsp;&rArr;&nbsp;&nbsp;&nbsp;<a href="#[4]">BusFault_Handler</a><BR>
 <LI><a href="#[2]">HardFault_Handler</a>&nbsp;&nbsp;&nbsp;&rArr;&nbsp;&nbsp;&nbsp;<a href="#[2]">HardFault_Handler</a><BR>
 <LI><a href="#[3]">MemManage_Handler</a>&nbsp;&nbsp;&nbsp;&rArr;&nbsp;&nbsp;&nbsp;<a href="#[3]">MemManage_Handler</a><BR>
 <LI><a href="#[5]">UsageFault_Handler</a>&nbsp;&nbsp;&nbsp;&rArr;&nbsp;&nbsp;&nbsp;<a href="#[5]">UsageFault_Handler</a><BR>
 <LI><a href="#[18c]">collectAtoms</a>&nbsp;&nbsp;&nbsp;&rArr;&nbsp;&nbsp;&nbsp;<a href="#[18c]">collectAtoms</a><BR>
</UL>
<P>
<H3>
Function Pointers
</H3><UL>
 <LI><a href="#[1c]">ADC_IRQHandler</a> from startup_stm32f746xx.o(.text) referenced from startup_stm32f746xx.o(RESET)
 <LI><a href="#[4]">BusFault_Handler</a> from stm32f7xx_it.o(i.BusFault_Handler) referenced from startup_stm32f746xx.o(RESET)
 <LI><a href="#[1e]">CAN1_RX0_IRQHandler</a> from startup_stm32f746xx.o(.text) referenced from startup_stm32f746xx.o(RESET)
 <LI><a href="#[1f]">CAN1_RX1_IRQHandler</a> from startup_stm32f746xx.o(.text) referenced from startup_stm32f746xx.o(RESET)
 <LI><a href="#[20]">CAN1_SCE_IRQHandler</a> from startup_stm32f746xx.o(.text) referenced from startup_stm32f746xx.o(RESET)
 <LI><a href="#[1d]">CAN1_TX_IRQHandler</a> from startup_stm32f746xx.o(.text) referenced from startup_stm32f746xx.o(RESET)
 <LI><a href="#[4a]">CAN2_RX0_IRQHandler</a> from startup_stm32f746xx.o(.text) referenced from startup_stm32f746xx.o(RESET)
 <LI><a href="#[4b]">CAN2_RX1_IRQHandler</a> from startup_stm32f746xx.o(.text) referenced from startup_stm32f746xx.o(RESET)
 <LI><a href="#[4c]">CAN2_SCE_IRQHandler</a> from startup_stm32f746xx.o(.text) referenced from startup_stm32f746xx.o(RESET)
 <LI><a href="#[49]">CAN2_TX_IRQHandler</a> from startup_stm32f746xx.o(.text) referenced from startup_stm32f746xx.o(RESET)
 <LI><a href="#[67]">CEC_IRQHandler</a> from startup_stm32f746xx.o(.text) referenced from startup_stm32f746xx.o(RESET)
 <LI><a href="#[58]">DCMI_IRQHandler</a> from startup_stm32f746xx.o(.text) referenced from startup_stm32f746xx.o(RESET)
 <LI><a href="#[15]">DMA1_Stream0_IRQHandler</a> from startup_stm32f746xx.o(.text) referenced from startup_stm32f746xx.o(RESET)
 <LI><a href="#[16]">DMA1_Stream1_IRQHandler</a> from startup_stm32f746xx.o(.text) referenced from startup_stm32f746xx.o(RESET)
 <LI><a href="#[17]">DMA1_Stream2_IRQHandler</a> from startup_stm32f746xx.o(.text) referenced from startup_stm32f746xx.o(RESET)
 <LI><a href="#[18]">DMA1_Stream3_IRQHandler</a> from startup_stm32f746xx.o(.text) referenced from startup_stm32f746xx.o(RESET)
 <LI><a href="#[19]">DMA1_Stream4_IRQHandler</a> from startup_stm32f746xx.o(.text) referenced from startup_stm32f746xx.o(RESET)
 <LI><a href="#[1a]">DMA1_Stream5_IRQHandler</a> from startup_stm32f746xx.o(.text) referenced from startup_stm32f746xx.o(RESET)
 <LI><a href="#[1b]">DMA1_Stream6_IRQHandler</a> from startup_stm32f746xx.o(.text) referenced from startup_stm32f746xx.o(RESET)
 <LI><a href="#[39]">DMA1_Stream7_IRQHandler</a> from startup_stm32f746xx.o(.text) referenced from startup_stm32f746xx.o(RESET)
 <LI><a href="#[63]">DMA2D_IRQHandler</a> from startup_stm32f746xx.o(.text) referenced from startup_stm32f746xx.o(RESET)
 <LI><a href="#[42]">DMA2_Stream0_IRQHandler</a> from startup_stm32f746xx.o(.text) referenced from startup_stm32f746xx.o(RESET)
 <LI><a href="#[43]">DMA2_Stream1_IRQHandler</a> from startup_stm32f746xx.o(.text) referenced from startup_stm32f746xx.o(RESET)
 <LI><a href="#[44]">DMA2_Stream2_IRQHandler</a> from startup_stm32f746xx.o(.text) referenced from startup_stm32f746xx.o(RESET)
 <LI><a href="#[45]">DMA2_Stream3_IRQHandler</a> from startup_stm32f746xx.o(.text) referenced from startup_stm32f746xx.o(RESET)
 <LI><a href="#[46]">DMA2_Stream4_IRQHandler</a> from stm32f7xx_it.o(i.DMA2_Stream4_IRQHandler) referenced from startup_stm32f746xx.o(RESET)
 <LI><a href="#[4e]">DMA2_Stream5_IRQHandler</a> from startup_stm32f746xx.o(.text) referenced from startup_stm32f746xx.o(RESET)
 <LI><a href="#[4f]">DMA2_Stream6_IRQHandler</a> from startup_stm32f746xx.o(.text) referenced from startup_stm32f746xx.o(RESET)
 <LI><a href="#[50]">DMA2_Stream7_IRQHandler</a> from stm32f7xx_it.o(i.DMA2_Stream7_IRQHandler) referenced from startup_stm32f746xx.o(RESET)
 <LI><a href="#[7]">DebugMon_Handler</a> from stm32f7xx_it.o(i.DebugMon_Handler) referenced from startup_stm32f746xx.o(RESET)
 <LI><a href="#[47]">ETH_IRQHandler</a> from startup_stm32f746xx.o(.text) referenced from startup_stm32f746xx.o(RESET)
 <LI><a href="#[48]">ETH_WKUP_IRQHandler</a> from startup_stm32f746xx.o(.text) referenced from startup_stm32f746xx.o(RESET)
 <LI><a href="#[10]">EXTI0_IRQHandler</a> from startup_stm32f746xx.o(.text) referenced from startup_stm32f746xx.o(RESET)
 <LI><a href="#[32]">EXTI15_10_IRQHandler</a> from startup_stm32f746xx.o(.text) referenced from startup_stm32f746xx.o(RESET)
 <LI><a href="#[11]">EXTI1_IRQHandler</a> from startup_stm32f746xx.o(.text) referenced from startup_stm32f746xx.o(RESET)
 <LI><a href="#[12]">EXTI2_IRQHandler</a> from startup_stm32f746xx.o(.text) referenced from startup_stm32f746xx.o(RESET)
 <LI><a href="#[13]">EXTI3_IRQHandler</a> from startup_stm32f746xx.o(.text) referenced from startup_stm32f746xx.o(RESET)
 <LI><a href="#[14]">EXTI4_IRQHandler</a> from startup_stm32f746xx.o(.text) referenced from startup_stm32f746xx.o(RESET)
 <LI><a href="#[21]">EXTI9_5_IRQHandler</a> from startup_stm32f746xx.o(.text) referenced from startup_stm32f746xx.o(RESET)
 <LI><a href="#[e]">FLASH_IRQHandler</a> from startup_stm32f746xx.o(.text) referenced from startup_stm32f746xx.o(RESET)
 <LI><a href="#[3a]">FMC_IRQHandler</a> from startup_stm32f746xx.o(.text) referenced from startup_stm32f746xx.o(RESET)
 <LI><a href="#[5a]">FPU_IRQHandler</a> from startup_stm32f746xx.o(.text) referenced from startup_stm32f746xx.o(RESET)
 <LI><a href="#[2]">HardFault_Handler</a> from stm32f7xx_it.o(i.HardFault_Handler) referenced from startup_stm32f746xx.o(RESET)
 <LI><a href="#[2a]">I2C1_ER_IRQHandler</a> from startup_stm32f746xx.o(.text) referenced from startup_stm32f746xx.o(RESET)
 <LI><a href="#[29]">I2C1_EV_IRQHandler</a> from startup_stm32f746xx.o(.text) referenced from startup_stm32f746xx.o(RESET)
 <LI><a href="#[2c]">I2C2_ER_IRQHandler</a> from startup_stm32f746xx.o(.text) referenced from startup_stm32f746xx.o(RESET)
 <LI><a href="#[2b]">I2C2_EV_IRQHandler</a> from startup_stm32f746xx.o(.text) referenced from startup_stm32f746xx.o(RESET)
 <LI><a href="#[53]">I2C3_ER_IRQHandler</a> from startup_stm32f746xx.o(.text) referenced from startup_stm32f746xx.o(RESET)
 <LI><a href="#[52]">I2C3_EV_IRQHandler</a> from startup_stm32f746xx.o(.text) referenced from startup_stm32f746xx.o(RESET)
 <LI><a href="#[69]">I2C4_ER_IRQHandler</a> from startup_stm32f746xx.o(.text) referenced from startup_stm32f746xx.o(RESET)
 <LI><a href="#[68]">I2C4_EV_IRQHandler</a> from startup_stm32f746xx.o(.text) referenced from startup_stm32f746xx.o(RESET)
 <LI><a href="#[b5]">Jpeg_CallbackFunction</a> from main.o(i.Jpeg_CallbackFunction) referenced from main.o(i.main)
 <LI><a href="#[66]">LPTIM1_IRQHandler</a> from startup_stm32f746xx.o(.text) referenced from startup_stm32f746xx.o(RESET)
 <LI><a href="#[62]">LTDC_ER_IRQHandler</a> from startup_stm32f746xx.o(.text) referenced from startup_stm32f746xx.o(RESET)
 <LI><a href="#[61]">LTDC_IRQHandler</a> from startup_stm32f746xx.o(.text) referenced from startup_stm32f746xx.o(RESET)
 <LI><a href="#[3]">MemManage_Handler</a> from stm32f7xx_it.o(i.MemManage_Handler) referenced from startup_stm32f746xx.o(RESET)
 <LI><a href="#[1]">NMI_Handler</a> from stm32f7xx_it.o(i.NMI_Handler) referenced from startup_stm32f746xx.o(RESET)
 <LI><a href="#[4d]">OTG_FS_IRQHandler</a> from startup_stm32f746xx.o(.text) referenced from startup_stm32f746xx.o(RESET)
 <LI><a href="#[34]">OTG_FS_WKUP_IRQHandler</a> from startup_stm32f746xx.o(.text) referenced from startup_stm32f746xx.o(RESET)
 <LI><a href="#[55]">OTG_HS_EP1_IN_IRQHandler</a> from startup_stm32f746xx.o(.text) referenced from startup_stm32f746xx.o(RESET)
 <LI><a href="#[54]">OTG_HS_EP1_OUT_IRQHandler</a> from startup_stm32f746xx.o(.text) referenced from startup_stm32f746xx.o(RESET)
 <LI><a href="#[57]">OTG_HS_IRQHandler</a> from startup_stm32f746xx.o(.text) referenced from startup_stm32f746xx.o(RESET)
 <LI><a href="#[56]">OTG_HS_WKUP_IRQHandler</a> from startup_stm32f746xx.o(.text) referenced from startup_stm32f746xx.o(RESET)
 <LI><a href="#[b]">PVD_IRQHandler</a> from startup_stm32f746xx.o(.text) referenced from startup_stm32f746xx.o(RESET)
 <LI><a href="#[8]">PendSV_Handler</a> from stm32f7xx_it.o(i.PendSV_Handler) referenced from startup_stm32f746xx.o(RESET)
 <LI><a href="#[65]">QUADSPI_IRQHandler</a> from startup_stm32f746xx.o(.text) referenced from startup_stm32f746xx.o(RESET)
 <LI><a href="#[f]">RCC_IRQHandler</a> from startup_stm32f746xx.o(.text) referenced from startup_stm32f746xx.o(RESET)
 <LI><a href="#[59]">RNG_IRQHandler</a> from startup_stm32f746xx.o(.text) referenced from startup_stm32f746xx.o(RESET)
 <LI><a href="#[33]">RTC_Alarm_IRQHandler</a> from startup_stm32f746xx.o(.text) referenced from startup_stm32f746xx.o(RESET)
 <LI><a href="#[d]">RTC_WKUP_IRQHandler</a> from startup_stm32f746xx.o(.text) referenced from startup_stm32f746xx.o(RESET)
 <LI><a href="#[0]">Reset_Handler</a> from startup_stm32f746xx.o(.text) referenced from startup_stm32f746xx.o(RESET)
 <LI><a href="#[60]">SAI1_IRQHandler</a> from startup_stm32f746xx.o(.text) referenced from startup_stm32f746xx.o(RESET)
 <LI><a href="#[64]">SAI2_IRQHandler</a> from startup_stm32f746xx.o(.text) referenced from startup_stm32f746xx.o(RESET)
 <LI><a href="#[70]">SAI_DMAError</a> from stm32f7xx_hal_sai.o(i.SAI_DMAError) referenced from stm32f7xx_hal_sai.o(i.HAL_SAI_Transmit_DMA)
 <LI><a href="#[6f]">SAI_DMATxCplt</a> from stm32f7xx_hal_sai.o(i.SAI_DMATxCplt) referenced from stm32f7xx_hal_sai.o(i.HAL_SAI_Transmit_DMA)
 <LI><a href="#[6e]">SAI_DMATxHalfCplt</a> from stm32f7xx_hal_sai.o(i.SAI_DMATxHalfCplt) referenced from stm32f7xx_hal_sai.o(i.HAL_SAI_Transmit_DMA)
 <LI><a href="#[3b]">SDMMC1_IRQHandler</a> from startup_stm32f746xx.o(.text) referenced from startup_stm32f746xx.o(RESET)
 <LI><a href="#[d4]">SD_initialize</a> from sd_diskio.o(i.SD_initialize) referenced from sd_diskio.o(.constdata)
 <LI><a href="#[d8]">SD_ioctl</a> from sd_diskio.o(i.SD_ioctl) referenced from sd_diskio.o(.constdata)
 <LI><a href="#[d6]">SD_read</a> from sd_diskio.o(i.SD_read) referenced from sd_diskio.o(.constdata)
 <LI><a href="#[d5]">SD_status</a> from sd_diskio.o(i.SD_status) referenced from sd_diskio.o(.constdata)
 <LI><a href="#[d7]">SD_write</a> from sd_diskio.o(i.SD_write) referenced from sd_diskio.o(.constdata)
 <LI><a href="#[6a]">SPDIF_RX_IRQHandler</a> from startup_stm32f746xx.o(.text) referenced from startup_stm32f746xx.o(RESET)
 <LI><a href="#[2d]">SPI1_IRQHandler</a> from startup_stm32f746xx.o(.text) referenced from startup_stm32f746xx.o(RESET)
 <LI><a href="#[2e]">SPI2_IRQHandler</a> from startup_stm32f746xx.o(.text) referenced from startup_stm32f746xx.o(RESET)
 <LI><a href="#[3d]">SPI3_IRQHandler</a> from startup_stm32f746xx.o(.text) referenced from startup_stm32f746xx.o(RESET)
 <LI><a href="#[5d]">SPI4_IRQHandler</a> from startup_stm32f746xx.o(.text) referenced from startup_stm32f746xx.o(RESET)
 <LI><a href="#[5e]">SPI5_IRQHandler</a> from startup_stm32f746xx.o(.text) referenced from startup_stm32f746xx.o(RESET)
 <LI><a href="#[5f]">SPI6_IRQHandler</a> from startup_stm32f746xx.o(.text) referenced from startup_stm32f746xx.o(RESET)
 <LI><a href="#[6]">SVC_Handler</a> from stm32f7xx_it.o(i.SVC_Handler) referenced from startup_stm32f746xx.o(RESET)
 <LI><a href="#[9]">SysTick_Handler</a> from stm32f7xx_it.o(i.SysTick_Handler) referenced from startup_stm32f746xx.o(RESET)
 <LI><a href="#[6c]">SystemInit</a> from system_stm32f7xx.o(i.SystemInit) referenced from startup_stm32f746xx.o(.text)
 <LI><a href="#[c]">TAMP_STAMP_IRQHandler</a> from startup_stm32f746xx.o(.text) referenced from startup_stm32f746xx.o(RESET)
 <LI><a href="#[22]">TIM1_BRK_TIM9_IRQHandler</a> from startup_stm32f746xx.o(.text) referenced from startup_stm32f746xx.o(RESET)
 <LI><a href="#[25]">TIM1_CC_IRQHandler</a> from startup_stm32f746xx.o(.text) referenced from startup_stm32f746xx.o(RESET)
 <LI><a href="#[24]">TIM1_TRG_COM_TIM11_IRQHandler</a> from startup_stm32f746xx.o(.text) referenced from startup_stm32f746xx.o(RESET)
 <LI><a href="#[23]">TIM1_UP_TIM10_IRQHandler</a> from startup_stm32f746xx.o(.text) referenced from startup_stm32f746xx.o(RESET)
 <LI><a href="#[26]">TIM2_IRQHandler</a> from startup_stm32f746xx.o(.text) referenced from startup_stm32f746xx.o(RESET)
 <LI><a href="#[27]">TIM3_IRQHandler</a> from startup_stm32f746xx.o(.text) referenced from startup_stm32f746xx.o(RESET)
 <LI><a href="#[28]">TIM4_IRQHandler</a> from startup_stm32f746xx.o(.text) referenced from startup_stm32f746xx.o(RESET)
 <LI><a href="#[3c]">TIM5_IRQHandler</a> from startup_stm32f746xx.o(.text) referenced from startup_stm32f746xx.o(RESET)
 <LI><a href="#[40]">TIM6_DAC_IRQHandler</a> from startup_stm32f746xx.o(.text) referenced from startup_stm32f746xx.o(RESET)
 <LI><a href="#[41]">TIM7_IRQHandler</a> from startup_stm32f746xx.o(.text) referenced from startup_stm32f746xx.o(RESET)
 <LI><a href="#[35]">TIM8_BRK_TIM12_IRQHandler</a> from startup_stm32f746xx.o(.text) referenced from startup_stm32f746xx.o(RESET)
 <LI><a href="#[38]">TIM8_CC_IRQHandler</a> from startup_stm32f746xx.o(.text) referenced from startup_stm32f746xx.o(RESET)
 <LI><a href="#[37]">TIM8_TRG_COM_TIM14_IRQHandler</a> from startup_stm32f746xx.o(.text) referenced from startup_stm32f746xx.o(RESET)
 <LI><a href="#[36]">TIM8_UP_TIM13_IRQHandler</a> from startup_stm32f746xx.o(.text) referenced from startup_stm32f746xx.o(RESET)
 <LI><a href="#[3e]">UART4_IRQHandler</a> from startup_stm32f746xx.o(.text) referenced from startup_stm32f746xx.o(RESET)
 <LI><a href="#[3f]">UART5_IRQHandler</a> from startup_stm32f746xx.o(.text) referenced from startup_stm32f746xx.o(RESET)
 <LI><a href="#[5b]">UART7_IRQHandler</a> from startup_stm32f746xx.o(.text) referenced from startup_stm32f746xx.o(RESET)
 <LI><a href="#[5c]">UART8_IRQHandler</a> from startup_stm32f746xx.o(.text) referenced from startup_stm32f746xx.o(RESET)
 <LI><a href="#[2f]">USART1_IRQHandler</a> from startup_stm32f746xx.o(.text) referenced from startup_stm32f746xx.o(RESET)
 <LI><a href="#[30]">USART2_IRQHandler</a> from startup_stm32f746xx.o(.text) referenced from startup_stm32f746xx.o(RESET)
 <LI><a href="#[31]">USART3_IRQHandler</a> from startup_stm32f746xx.o(.text) referenced from startup_stm32f746xx.o(RESET)
 <LI><a href="#[51]">USART6_IRQHandler</a> from startup_stm32f746xx.o(.text) referenced from startup_stm32f746xx.o(RESET)
 <LI><a href="#[5]">UsageFault_Handler</a> from stm32f7xx_it.o(i.UsageFault_Handler) referenced from startup_stm32f746xx.o(RESET)
 <LI><a href="#[a]">WWDG_IRQHandler</a> from startup_stm32f746xx.o(.text) referenced from startup_stm32f746xx.o(RESET)
 <LI><a href="#[6d]">__main</a> from entry.o(.ARM.Collect$$$$00000000) referenced from startup_stm32f746xx.o(.text)
 <LI><a href="#[72]">_sputc</a> from printf8.o(i._sputc) referenced from printf8.o(i.__0sprintf$8)
 <LI><a href="#[9c]">access_virt_barray</a> from jmemmgr.o(i.access_virt_barray) referenced from jmemmgr.o(i.jinit_memory_mgr)
 <LI><a href="#[9b]">access_virt_sarray</a> from jmemmgr.o(i.access_virt_sarray) referenced from jmemmgr.o(i.jinit_memory_mgr)
 <LI><a href="#[97]">alloc_barray</a> from jmemmgr.o(i.alloc_barray) referenced from jmemmgr.o(i.jinit_memory_mgr)
 <LI><a href="#[95]">alloc_large</a> from jmemmgr.o(i.alloc_large) referenced from jmemmgr.o(i.jinit_memory_mgr)
 <LI><a href="#[96]">alloc_sarray</a> from jmemmgr.o(i.alloc_sarray) referenced from jmemmgr.o(i.jinit_memory_mgr)
 <LI><a href="#[94]">alloc_small</a> from jmemmgr.o(i.alloc_small) referenced from jmemmgr.o(i.jinit_memory_mgr)
 <LI><a href="#[be]">color_quantize</a> from jquant1.o(i.color_quantize) referenced from jquant1.o(i.start_pass_1_quant)
 <LI><a href="#[bf]">color_quantize3</a> from jquant1.o(i.color_quantize3) referenced from jquant1.o(i.start_pass_1_quant)
 <LI><a href="#[73]">consume_markers</a> from jdinput.o(i.consume_markers) referenced from jdinput.o(i.finish_input_pass)
 <LI><a href="#[73]">consume_markers</a> from jdinput.o(i.consume_markers) referenced from jdinput.o(i.jinit_input_controller)
 <LI><a href="#[73]">consume_markers</a> from jdinput.o(i.consume_markers) referenced from jdinput.o(i.reset_input_controller)
 <LI><a href="#[bd]">decode_mcu</a> from jdarith.o(i.decode_mcu) referenced from jdarith.o(i.start_pass)
 <LI><a href="#[d0]">decode_mcu</a> from jdhuff.o(i.decode_mcu) referenced from jdhuff.o(i.start_pass_huff_decoder)
 <LI><a href="#[ba]">decode_mcu_AC_first</a> from jdarith.o(i.decode_mcu_AC_first) referenced from jdarith.o(i.start_pass)
 <LI><a href="#[cc]">decode_mcu_AC_first</a> from jdhuff.o(i.decode_mcu_AC_first) referenced from jdhuff.o(i.start_pass_huff_decoder)
 <LI><a href="#[b9]">decode_mcu_AC_refine</a> from jdarith.o(i.decode_mcu_AC_refine) referenced from jdarith.o(i.start_pass)
 <LI><a href="#[cb]">decode_mcu_AC_refine</a> from jdhuff.o(i.decode_mcu_AC_refine) referenced from jdhuff.o(i.start_pass_huff_decoder)
 <LI><a href="#[bb]">decode_mcu_DC_first</a> from jdarith.o(i.decode_mcu_DC_first) referenced from jdarith.o(i.start_pass)
 <LI><a href="#[cd]">decode_mcu_DC_first</a> from jdhuff.o(i.decode_mcu_DC_first) referenced from jdhuff.o(i.start_pass_huff_decoder)
 <LI><a href="#[bc]">decode_mcu_DC_refine</a> from jdarith.o(i.decode_mcu_DC_refine) referenced from jdarith.o(i.start_pass)
 <LI><a href="#[ce]">decode_mcu_DC_refine</a> from jdhuff.o(i.decode_mcu_DC_refine) referenced from jdhuff.o(i.start_pass_huff_decoder)
 <LI><a href="#[cf]">decode_mcu_sub</a> from jdhuff.o(i.decode_mcu_sub) referenced from jdhuff.o(i.start_pass_huff_decoder)
 <LI><a href="#[85]">decompress_onepass</a> from jdcoefct.o(i.decompress_onepass) referenced from jdcoefct.o(i.jinit_d_coef_controller)
 <LI><a href="#[84]">dummy_consume_data</a> from jdcoefct.o(i.dummy_consume_data) referenced from jdcoefct.o(i.jinit_d_coef_controller)
 <LI><a href="#[ac]">emit_message</a> from jerror.o(i.emit_message) referenced from jerror.o(i.jpeg_std_error)
 <LI><a href="#[ab]">error_exit</a> from jerror.o(i.error_exit) referenced from jerror.o(i.jpeg_std_error)
 <LI><a href="#[b1]">fill_input_buffer</a> from jdatasrc.o(i.fill_input_buffer) referenced from jdatasrc.o(i.jpeg_stdio_src)
 <LI><a href="#[8b]">finish_input_pass</a> from jdinput.o(i.finish_input_pass) referenced from jdinput.o(i.jinit_input_controller)
 <LI><a href="#[93]">finish_output_pass</a> from jdmaster.o(i.finish_output_pass) referenced from jdmaster.o(i.jinit_master_decompress)
 <LI><a href="#[c4]">finish_pass1</a> from jquant2.o(i.finish_pass1) referenced from jquant2.o(i.start_pass_2_quant)
 <LI><a href="#[c6]">finish_pass2</a> from jquant2.o(i.finish_pass2) referenced from jquant2.o(i.start_pass_2_quant)
 <LI><a href="#[75]">finish_pass_1_quant</a> from jquant1.o(i.finish_pass_1_quant) referenced from jquant1.o(i.jinit_1pass_quantizer)
 <LI><a href="#[ae]">format_message</a> from jerror.o(i.format_message) referenced from jerror.o(i.jpeg_std_error)
 <LI><a href="#[71]">fputc</a> from main.o(i.fputc) referenced from printf8.o(i.__0printf$8)
 <LI><a href="#[9d]">free_pool</a> from jmemmgr.o(i.free_pool) referenced from jmemmgr.o(i.jinit_memory_mgr)
 <LI><a href="#[a6]">fullsize_upsample</a> from jdsample.o(i.fullsize_upsample) referenced from jdsample.o(i.jinit_upsampler)
 <LI><a href="#[91]">get_interesting_appn</a> from jdmarker.o(i.get_interesting_appn) referenced from jdmarker.o(i.jinit_marker_reader)
 <LI><a href="#[7f]">gray_rgb_convert</a> from jdcolor.o(i.gray_rgb_convert) referenced from jdcolor.o(i.jinit_color_deconverter)
 <LI><a href="#[7c]">grayscale_convert</a> from jdcolor.o(i.grayscale_convert) referenced from jdcolor.o(i.jinit_color_deconverter)
 <LI><a href="#[a1]">h2v1_merged_upsample</a> from jdmerge.o(i.h2v1_merged_upsample) referenced from jdmerge.o(i.jinit_merged_upsampler)
 <LI><a href="#[a8]">h2v1_upsample</a> from jdsample.o(i.h2v1_upsample) referenced from jdsample.o(i.jinit_upsampler)
 <LI><a href="#[a3]">h2v2_merged_upsample</a> from jdmerge.o(i.h2v2_merged_upsample) referenced from jdmerge.o(i.jinit_merged_upsampler)
 <LI><a href="#[a9]">h2v2_upsample</a> from jdsample.o(i.h2v2_upsample) referenced from jdsample.o(i.jinit_upsampler)
 <LI><a href="#[b0]">init_source</a> from jdatasrc.o(i.init_source) referenced from jdatasrc.o(i.jpeg_stdio_src)
 <LI><a href="#[aa]">int_upsample</a> from jdsample.o(i.int_upsample) referenced from jdsample.o(i.jinit_upsampler)
 <LI><a href="#[b8]">jpeg_idct_float</a> from jidctflt.o(i.jpeg_idct_float) referenced from jddctmgr.o(i.start_pass)
 <LI><a href="#[b7]">jpeg_idct_ifast</a> from jidctfst.o(i.jpeg_idct_ifast) referenced from jddctmgr.o(i.start_pass)
 <LI><a href="#[b6]">jpeg_idct_islow</a> from jidctint.o(i.jpeg_idct_islow) referenced from jddctmgr.o(i.start_pass)
 <LI><a href="#[b3]">jpeg_resync_to_restart</a> from jdmarker.o(i.jpeg_resync_to_restart) referenced from jdatasrc.o(i.jpeg_stdio_src)
 <LI><a href="#[6b]">main</a> from main.o(i.main) referenced from entry9a.o(.ARM.Collect$$$$0000000B)
 <LI><a href="#[a0]">merged_1v_upsample</a> from jdmerge.o(i.merged_1v_upsample) referenced from jdmerge.o(i.jinit_merged_upsampler)
 <LI><a href="#[a2]">merged_2v_upsample</a> from jdmerge.o(i.merged_2v_upsample) referenced from jdmerge.o(i.jinit_merged_upsampler)
 <LI><a href="#[76]">new_color_map_1_quant</a> from jquant1.o(i.new_color_map_1_quant) referenced from jquant1.o(i.jinit_1pass_quantizer)
 <LI><a href="#[78]">new_color_map_2_quant</a> from jquant2.o(i.new_color_map_2_quant) referenced from jquant2.o(i.jinit_2pass_quantizer)
 <LI><a href="#[a7]">noop_upsample</a> from jdsample.o(i.noop_upsample) referenced from jdsample.o(i.jinit_upsampler)
 <LI><a href="#[7b]">null_convert</a> from jdcolor.o(i.null_convert) referenced from jdcolor.o(i.jinit_color_deconverter)
 <LI><a href="#[ad]">output_message</a> from jerror.o(i.output_message) referenced from jerror.o(i.jpeg_std_error)
 <LI><a href="#[c7]">pass2_fs_dither</a> from jquant2.o(i.pass2_fs_dither) referenced from jquant2.o(i.start_pass_2_quant)
 <LI><a href="#[c5]">pass2_no_dither</a> from jquant2.o(i.pass2_no_dither) referenced from jquant2.o(i.start_pass_2_quant)
 <LI><a href="#[c8]">post_process_1pass</a> from jdpostct.o(i.post_process_1pass) referenced from jdpostct.o(i.start_pass_dpost)
 <LI><a href="#[ca]">post_process_2pass</a> from jdpostct.o(i.post_process_2pass) referenced from jdpostct.o(i.start_pass_dpost)
 <LI><a href="#[c9]">post_process_prepass</a> from jdpostct.o(i.post_process_prepass) referenced from jdpostct.o(i.start_pass_dpost)
 <LI><a href="#[92]">prepare_for_output_pass</a> from jdmaster.o(i.prepare_for_output_pass) referenced from jdmaster.o(i.jinit_master_decompress)
 <LI><a href="#[c3]">prescan_quantize</a> from jquant2.o(i.prescan_quantize) referenced from jquant2.o(i.start_pass_2_quant)
 <LI><a href="#[d1]">process_data_context_main</a> from jdmainct.o(i.process_data_context_main) referenced from jdmainct.o(i.start_pass_main)
 <LI><a href="#[d3]">process_data_crank_post</a> from jdmainct.o(i.process_data_crank_post) referenced from jdmainct.o(i.start_pass_main)
 <LI><a href="#[d2]">process_data_simple_main</a> from jdmainct.o(i.process_data_simple_main) referenced from jdmainct.o(i.start_pass_main)
 <LI><a href="#[c1]">quantize3_ord_dither</a> from jquant1.o(i.quantize3_ord_dither) referenced from jquant1.o(i.start_pass_1_quant)
 <LI><a href="#[c2]">quantize_fs_dither</a> from jquant1.o(i.quantize_fs_dither) referenced from jquant1.o(i.start_pass_1_quant)
 <LI><a href="#[c0]">quantize_ord_dither</a> from jquant1.o(i.quantize_ord_dither) referenced from jquant1.o(i.start_pass_1_quant)
 <LI><a href="#[8f]">read_markers</a> from jdmarker.o(i.read_markers) referenced from jdmarker.o(i.jinit_marker_reader)
 <LI><a href="#[90]">read_restart_marker</a> from jdmarker.o(i.read_restart_marker) referenced from jdmarker.o(i.jinit_marker_reader)
 <LI><a href="#[9a]">realize_virt_arrays</a> from jmemmgr.o(i.realize_virt_arrays) referenced from jmemmgr.o(i.jinit_memory_mgr)
 <LI><a href="#[99]">request_virt_barray</a> from jmemmgr.o(i.request_virt_barray) referenced from jmemmgr.o(i.jinit_memory_mgr)
 <LI><a href="#[98]">request_virt_sarray</a> from jmemmgr.o(i.request_virt_sarray) referenced from jmemmgr.o(i.jinit_memory_mgr)
 <LI><a href="#[af]">reset_error_mgr</a> from jerror.o(i.reset_error_mgr) referenced from jerror.o(i.jpeg_std_error)
 <LI><a href="#[89]">reset_input_controller</a> from jdinput.o(i.reset_input_controller) referenced from jdinput.o(i.jinit_input_controller)
 <LI><a href="#[8e]">reset_marker_reader</a> from jdmarker.o(i.reset_marker_reader) referenced from jdmarker.o(i.jinit_marker_reader)
 <LI><a href="#[80]">rgb_convert</a> from jdcolor.o(i.rgb_convert) referenced from jdcolor.o(i.jinit_color_deconverter)
 <LI><a href="#[7d]">rgb_gray_convert</a> from jdcolor.o(i.rgb_gray_convert) referenced from jdcolor.o(i.jinit_color_deconverter)
 <LI><a href="#[9e]">self_destruct</a> from jmemmgr.o(i.self_destruct) referenced from jmemmgr.o(i.jinit_memory_mgr)
 <LI><a href="#[a5]">sep_upsample</a> from jdsample.o(i.sep_upsample) referenced from jdsample.o(i.jinit_upsampler)
 <LI><a href="#[b2]">skip_input_data</a> from jdatasrc.o(i.skip_input_data) referenced from jdatasrc.o(i.jpeg_stdio_src)
 <LI><a href="#[8d]">skip_variable</a> from jdmarker.o(i.skip_variable) referenced from jdmarker.o(i.jinit_marker_reader)
 <LI><a href="#[82]">start_input_pass</a> from jdcoefct.o(i.start_input_pass) referenced from jdcoefct.o(i.jinit_d_coef_controller)
 <LI><a href="#[8a]">start_input_pass</a> from jdinput.o(i.start_input_pass) referenced from jdinput.o(i.jinit_input_controller)
 <LI><a href="#[83]">start_output_pass</a> from jdcoefct.o(i.start_output_pass) referenced from jdcoefct.o(i.jinit_d_coef_controller)
 <LI><a href="#[79]">start_pass</a> from jdarith.o(i.start_pass) referenced from jdarith.o(i.jinit_arith_decoder)
 <LI><a href="#[8c]">start_pass</a> from jddctmgr.o(i.start_pass) referenced from jddctmgr.o(i.jinit_inverse_dct)
 <LI><a href="#[74]">start_pass_1_quant</a> from jquant1.o(i.start_pass_1_quant) referenced from jquant1.o(i.jinit_1pass_quantizer)
 <LI><a href="#[77]">start_pass_2_quant</a> from jquant2.o(i.start_pass_2_quant) referenced from jquant2.o(i.jinit_2pass_quantizer)
 <LI><a href="#[7a]">start_pass_dcolor</a> from jdcolor.o(i.start_pass_dcolor) referenced from jdcolor.o(i.jinit_color_deconverter)
 <LI><a href="#[87]">start_pass_dpost</a> from jdpostct.o(i.start_pass_dpost) referenced from jdpostct.o(i.jinit_d_post_controller)
 <LI><a href="#[88]">start_pass_huff_decoder</a> from jdhuff.o(i.start_pass_huff_decoder) referenced from jdhuff.o(i.jinit_huff_decoder)
 <LI><a href="#[86]">start_pass_main</a> from jdmainct.o(i.start_pass_main) referenced from jdmainct.o(i.jinit_d_main_controller)
 <LI><a href="#[9f]">start_pass_merged_upsample</a> from jdmerge.o(i.start_pass_merged_upsample) referenced from jdmerge.o(i.jinit_merged_upsampler)
 <LI><a href="#[a4]">start_pass_upsample</a> from jdsample.o(i.start_pass_upsample) referenced from jdsample.o(i.jinit_upsampler)
 <LI><a href="#[b4]">term_source</a> from jdatasrc.o(i.term_source) referenced from jdatasrc.o(i.jpeg_stdio_src)
 <LI><a href="#[da]">wm8994_DeInit</a> from wm8994.o(i.wm8994_DeInit) referenced from wm8994.o(.data)
 <LI><a href="#[d9]">wm8994_Init</a> from wm8994.o(i.wm8994_Init) referenced from wm8994.o(.data)
 <LI><a href="#[dd]">wm8994_Pause</a> from wm8994.o(i.wm8994_Pause) referenced from wm8994.o(.data)
 <LI><a href="#[dc]">wm8994_Play</a> from wm8994.o(i.wm8994_Play) referenced from wm8994.o(.data)
 <LI><a href="#[db]">wm8994_ReadID</a> from wm8994.o(i.wm8994_ReadID) referenced from wm8994.o(.data)
 <LI><a href="#[e4]">wm8994_Reset</a> from wm8994.o(i.wm8994_Reset) referenced from wm8994.o(.data)
 <LI><a href="#[de]">wm8994_Resume</a> from wm8994.o(i.wm8994_Resume) referenced from wm8994.o(.data)
 <LI><a href="#[e0]">wm8994_SetFrequency</a> from wm8994.o(i.wm8994_SetFrequency) referenced from wm8994.o(.data)
 <LI><a href="#[e2]">wm8994_SetMute</a> from wm8994.o(i.wm8994_SetMute) referenced from wm8994.o(.data)
 <LI><a href="#[e3]">wm8994_SetOutputMode</a> from wm8994.o(i.wm8994_SetOutputMode) referenced from wm8994.o(.data)
 <LI><a href="#[e1]">wm8994_SetVolume</a> from wm8994.o(i.wm8994_SetVolume) referenced from wm8994.o(.data)
 <LI><a href="#[df]">wm8994_Stop</a> from wm8994.o(i.wm8994_Stop) referenced from wm8994.o(.data)
 <LI><a href="#[7e]">ycc_rgb_convert</a> from jdcolor.o(i.ycc_rgb_convert) referenced from jdcolor.o(i.jinit_color_deconverter)
 <LI><a href="#[81]">ycck_cmyk_convert</a> from jdcolor.o(i.ycck_cmyk_convert) referenced from jdcolor.o(i.jinit_color_deconverter)
</UL>
<P>
<H3>
Global Symbols
</H3>
<P><STRONG><a name="[6d]"></a>__main</STRONG> (Thumb, 0 bytes, Stack size unknown bytes, entry.o(.ARM.Collect$$$$00000000))
<BR>[Address Reference Count : 1]<UL><LI> startup_stm32f746xx.o(.text)
</UL>
<P><STRONG><a name="[22b]"></a>_main_stk</STRONG> (Thumb, 0 bytes, Stack size unknown bytes, entry2.o(.ARM.Collect$$$$00000001))

<P><STRONG><a name="[e5]"></a>_main_scatterload</STRONG> (Thumb, 0 bytes, Stack size unknown bytes, entry5.o(.ARM.Collect$$$$00000004))
<BR><BR>[Calls]<UL><LI><a href="#[e6]">&gt;&gt;</a>&nbsp;&nbsp;&nbsp;__scatterload
</UL>

<P><STRONG><a name="[f3]"></a>__main_after_scatterload</STRONG> (Thumb, 0 bytes, Stack size unknown bytes, entry5.o(.ARM.Collect$$$$00000004))
<BR><BR>[Called By]<UL><LI><a href="#[e6]">&gt;&gt;</a>&nbsp;&nbsp;&nbsp;__scatterload
</UL>

<P><STRONG><a name="[22c]"></a>_main_clock</STRONG> (Thumb, 0 bytes, Stack size unknown bytes, entry7b.o(.ARM.Collect$$$$00000008))

<P><STRONG><a name="[22d]"></a>_main_cpp_init</STRONG> (Thumb, 0 bytes, Stack size unknown bytes, entry8b.o(.ARM.Collect$$$$0000000A))

<P><STRONG><a name="[22e]"></a>_main_init</STRONG> (Thumb, 0 bytes, Stack size unknown bytes, entry9a.o(.ARM.Collect$$$$0000000B))

<P><STRONG><a name="[22f]"></a>__rt_final_cpp</STRONG> (Thumb, 0 bytes, Stack size unknown bytes, entry10a.o(.ARM.Collect$$$$0000000D))

<P><STRONG><a name="[230]"></a>__rt_final_exit</STRONG> (Thumb, 0 bytes, Stack size unknown bytes, entry11a.o(.ARM.Collect$$$$0000000F))

<P><STRONG><a name="[0]"></a>Reset_Handler</STRONG> (Thumb, 8 bytes, Stack size 0 bytes, startup_stm32f746xx.o(.text))
<BR>[Address Reference Count : 1]<UL><LI> startup_stm32f746xx.o(RESET)
</UL>
<P><STRONG><a name="[1c]"></a>ADC_IRQHandler</STRONG> (Thumb, 0 bytes, Stack size 0 bytes, startup_stm32f746xx.o(.text))
<BR><BR>[Calls]<UL><LI><a href="#[1c]">&gt;&gt;</a>&nbsp;&nbsp;&nbsp;ADC_IRQHandler
</UL>
<BR>[Called By]<UL><LI><a href="#[1c]">&gt;&gt;</a>&nbsp;&nbsp;&nbsp;ADC_IRQHandler
</UL>
<BR>[Address Reference Count : 1]<UL><LI> startup_stm32f746xx.o(RESET)
</UL>
<P><STRONG><a name="[1e]"></a>CAN1_RX0_IRQHandler</STRONG> (Thumb, 0 bytes, Stack size 0 bytes, startup_stm32f746xx.o(.text))
<BR>[Address Reference Count : 1]<UL><LI> startup_stm32f746xx.o(RESET)
</UL>
<P><STRONG><a name="[1f]"></a>CAN1_RX1_IRQHandler</STRONG> (Thumb, 0 bytes, Stack size 0 bytes, startup_stm32f746xx.o(.text))
<BR>[Address Reference Count : 1]<UL><LI> startup_stm32f746xx.o(RESET)
</UL>
<P><STRONG><a name="[20]"></a>CAN1_SCE_IRQHandler</STRONG> (Thumb, 0 bytes, Stack size 0 bytes, startup_stm32f746xx.o(.text))
<BR>[Address Reference Count : 1]<UL><LI> startup_stm32f746xx.o(RESET)
</UL>
<P><STRONG><a name="[1d]"></a>CAN1_TX_IRQHandler</STRONG> (Thumb, 0 bytes, Stack size 0 bytes, startup_stm32f746xx.o(.text))
<BR>[Address Reference Count : 1]<UL><LI> startup_stm32f746xx.o(RESET)
</UL>
<P><STRONG><a name="[4a]"></a>CAN2_RX0_IRQHandler</STRONG> (Thumb, 0 bytes, Stack size 0 bytes, startup_stm32f746xx.o(.text))
<BR>[Address Reference Count : 1]<UL><LI> startup_stm32f746xx.o(RESET)
</UL>
<P><STRONG><a name="[4b]"></a>CAN2_RX1_IRQHandler</STRONG> (Thumb, 0 bytes, Stack size 0 bytes, startup_stm32f746xx.o(.text))
<BR>[Address Reference Count : 1]<UL><LI> startup_stm32f746xx.o(RESET)
</UL>
<P><STRONG><a name="[4c]"></a>CAN2_SCE_IRQHandler</STRONG> (Thumb, 0 bytes, Stack size 0 bytes, startup_stm32f746xx.o(.text))
<BR>[Address Reference Count : 1]<UL><LI> startup_stm32f746xx.o(RESET)
</UL>
<P><STRONG><a name="[49]"></a>CAN2_TX_IRQHandler</STRONG> (Thumb, 0 bytes, Stack size 0 bytes, startup_stm32f746xx.o(.text))
<BR>[Address Reference Count : 1]<UL><LI> startup_stm32f746xx.o(RESET)
</UL>
<P><STRONG><a name="[67]"></a>CEC_IRQHandler</STRONG> (Thumb, 0 bytes, Stack size 0 bytes, startup_stm32f746xx.o(.text))
<BR>[Address Reference Count : 1]<UL><LI> startup_stm32f746xx.o(RESET)
</UL>
<P><STRONG><a name="[58]"></a>DCMI_IRQHandler</STRONG> (Thumb, 0 bytes, Stack size 0 bytes, startup_stm32f746xx.o(.text))
<BR>[Address Reference Count : 1]<UL><LI> startup_stm32f746xx.o(RESET)
</UL>
<P><STRONG><a name="[15]"></a>DMA1_Stream0_IRQHandler</STRONG> (Thumb, 0 bytes, Stack size 0 bytes, startup_stm32f746xx.o(.text))
<BR>[Address Reference Count : 1]<UL><LI> startup_stm32f746xx.o(RESET)
</UL>
<P><STRONG><a name="[16]"></a>DMA1_Stream1_IRQHandler</STRONG> (Thumb, 0 bytes, Stack size 0 bytes, startup_stm32f746xx.o(.text))
<BR>[Address Reference Count : 1]<UL><LI> startup_stm32f746xx.o(RESET)
</UL>
<P><STRONG><a name="[17]"></a>DMA1_Stream2_IRQHandler</STRONG> (Thumb, 0 bytes, Stack size 0 bytes, startup_stm32f746xx.o(.text))
<BR>[Address Reference Count : 1]<UL><LI> startup_stm32f746xx.o(RESET)
</UL>
<P><STRONG><a name="[18]"></a>DMA1_Stream3_IRQHandler</STRONG> (Thumb, 0 bytes, Stack size 0 bytes, startup_stm32f746xx.o(.text))
<BR>[Address Reference Count : 1]<UL><LI> startup_stm32f746xx.o(RESET)
</UL>
<P><STRONG><a name="[19]"></a>DMA1_Stream4_IRQHandler</STRONG> (Thumb, 0 bytes, Stack size 0 bytes, startup_stm32f746xx.o(.text))
<BR>[Address Reference Count : 1]<UL><LI> startup_stm32f746xx.o(RESET)
</UL>
<P><STRONG><a name="[1a]"></a>DMA1_Stream5_IRQHandler</STRONG> (Thumb, 0 bytes, Stack size 0 bytes, startup_stm32f746xx.o(.text))
<BR>[Address Reference Count : 1]<UL><LI> startup_stm32f746xx.o(RESET)
</UL>
<P><STRONG><a name="[1b]"></a>DMA1_Stream6_IRQHandler</STRONG> (Thumb, 0 bytes, Stack size 0 bytes, startup_stm32f746xx.o(.text))
<BR>[Address Reference Count : 1]<UL><LI> startup_stm32f746xx.o(RESET)
</UL>
<P><STRONG><a name="[39]"></a>DMA1_Stream7_IRQHandler</STRONG> (Thumb, 0 bytes, Stack size 0 bytes, startup_stm32f746xx.o(.text))
<BR>[Address Reference Count : 1]<UL><LI> startup_stm32f746xx.o(RESET)
</UL>
<P><STRONG><a name="[63]"></a>DMA2D_IRQHandler</STRONG> (Thumb, 0 bytes, Stack size 0 bytes, startup_stm32f746xx.o(.text))
<BR>[Address Reference Count : 1]<UL><LI> startup_stm32f746xx.o(RESET)
</UL>
<P><STRONG><a name="[42]"></a>DMA2_Stream0_IRQHandler</STRONG> (Thumb, 0 bytes, Stack size 0 bytes, startup_stm32f746xx.o(.text))
<BR>[Address Reference Count : 1]<UL><LI> startup_stm32f746xx.o(RESET)
</UL>
<P><STRONG><a name="[43]"></a>DMA2_Stream1_IRQHandler</STRONG> (Thumb, 0 bytes, Stack size 0 bytes, startup_stm32f746xx.o(.text))
<BR>[Address Reference Count : 1]<UL><LI> startup_stm32f746xx.o(RESET)
</UL>
<P><STRONG><a name="[44]"></a>DMA2_Stream2_IRQHandler</STRONG> (Thumb, 0 bytes, Stack size 0 bytes, startup_stm32f746xx.o(.text))
<BR>[Address Reference Count : 1]<UL><LI> startup_stm32f746xx.o(RESET)
</UL>
<P><STRONG><a name="[45]"></a>DMA2_Stream3_IRQHandler</STRONG> (Thumb, 0 bytes, Stack size 0 bytes, startup_stm32f746xx.o(.text))
<BR>[Address Reference Count : 1]<UL><LI> startup_stm32f746xx.o(RESET)
</UL>
<P><STRONG><a name="[4e]"></a>DMA2_Stream5_IRQHandler</STRONG> (Thumb, 0 bytes, Stack size 0 bytes, startup_stm32f746xx.o(.text))
<BR>[Address Reference Count : 1]<UL><LI> startup_stm32f746xx.o(RESET)
</UL>
<P><STRONG><a name="[4f]"></a>DMA2_Stream6_IRQHandler</STRONG> (Thumb, 0 bytes, Stack size 0 bytes, startup_stm32f746xx.o(.text))
<BR>[Address Reference Count : 1]<UL><LI> startup_stm32f746xx.o(RESET)
</UL>
<P><STRONG><a name="[47]"></a>ETH_IRQHandler</STRONG> (Thumb, 0 bytes, Stack size 0 bytes, startup_stm32f746xx.o(.text))
<BR>[Address Reference Count : 1]<UL><LI> startup_stm32f746xx.o(RESET)
</UL>
<P><STRONG><a name="[48]"></a>ETH_WKUP_IRQHandler</STRONG> (Thumb, 0 bytes, Stack size 0 bytes, startup_stm32f746xx.o(.text))
<BR>[Address Reference Count : 1]<UL><LI> startup_stm32f746xx.o(RESET)
</UL>
<P><STRONG><a name="[10]"></a>EXTI0_IRQHandler</STRONG> (Thumb, 0 bytes, Stack size 0 bytes, startup_stm32f746xx.o(.text))
<BR>[Address Reference Count : 1]<UL><LI> startup_stm32f746xx.o(RESET)
</UL>
<P><STRONG><a name="[32]"></a>EXTI15_10_IRQHandler</STRONG> (Thumb, 0 bytes, Stack size 0 bytes, startup_stm32f746xx.o(.text))
<BR>[Address Reference Count : 1]<UL><LI> startup_stm32f746xx.o(RESET)
</UL>
<P><STRONG><a name="[11]"></a>EXTI1_IRQHandler</STRONG> (Thumb, 0 bytes, Stack size 0 bytes, startup_stm32f746xx.o(.text))
<BR>[Address Reference Count : 1]<UL><LI> startup_stm32f746xx.o(RESET)
</UL>
<P><STRONG><a name="[12]"></a>EXTI2_IRQHandler</STRONG> (Thumb, 0 bytes, Stack size 0 bytes, startup_stm32f746xx.o(.text))
<BR>[Address Reference Count : 1]<UL><LI> startup_stm32f746xx.o(RESET)
</UL>
<P><STRONG><a name="[13]"></a>EXTI3_IRQHandler</STRONG> (Thumb, 0 bytes, Stack size 0 bytes, startup_stm32f746xx.o(.text))
<BR>[Address Reference Count : 1]<UL><LI> startup_stm32f746xx.o(RESET)
</UL>
<P><STRONG><a name="[14]"></a>EXTI4_IRQHandler</STRONG> (Thumb, 0 bytes, Stack size 0 bytes, startup_stm32f746xx.o(.text))
<BR>[Address Reference Count : 1]<UL><LI> startup_stm32f746xx.o(RESET)
</UL>
<P><STRONG><a name="[21]"></a>EXTI9_5_IRQHandler</STRONG> (Thumb, 0 bytes, Stack size 0 bytes, startup_stm32f746xx.o(.text))
<BR>[Address Reference Count : 1]<UL><LI> startup_stm32f746xx.o(RESET)
</UL>
<P><STRONG><a name="[e]"></a>FLASH_IRQHandler</STRONG> (Thumb, 0 bytes, Stack size 0 bytes, startup_stm32f746xx.o(.text))
<BR>[Address Reference Count : 1]<UL><LI> startup_stm32f746xx.o(RESET)
</UL>
<P><STRONG><a name="[3a]"></a>FMC_IRQHandler</STRONG> (Thumb, 0 bytes, Stack size 0 bytes, startup_stm32f746xx.o(.text))
<BR>[Address Reference Count : 1]<UL><LI> startup_stm32f746xx.o(RESET)
</UL>
<P><STRONG><a name="[5a]"></a>FPU_IRQHandler</STRONG> (Thumb, 0 bytes, Stack size 0 bytes, startup_stm32f746xx.o(.text))
<BR>[Address Reference Count : 1]<UL><LI> startup_stm32f746xx.o(RESET)
</UL>
<P><STRONG><a name="[2a]"></a>I2C1_ER_IRQHandler</STRONG> (Thumb, 0 bytes, Stack size 0 bytes, startup_stm32f746xx.o(.text))
<BR>[Address Reference Count : 1]<UL><LI> startup_stm32f746xx.o(RESET)
</UL>
<P><STRONG><a name="[29]"></a>I2C1_EV_IRQHandler</STRONG> (Thumb, 0 bytes, Stack size 0 bytes, startup_stm32f746xx.o(.text))
<BR>[Address Reference Count : 1]<UL><LI> startup_stm32f746xx.o(RESET)
</UL>
<P><STRONG><a name="[2c]"></a>I2C2_ER_IRQHandler</STRONG> (Thumb, 0 bytes, Stack size 0 bytes, startup_stm32f746xx.o(.text))
<BR>[Address Reference Count : 1]<UL><LI> startup_stm32f746xx.o(RESET)
</UL>
<P><STRONG><a name="[2b]"></a>I2C2_EV_IRQHandler</STRONG> (Thumb, 0 bytes, Stack size 0 bytes, startup_stm32f746xx.o(.text))
<BR>[Address Reference Count : 1]<UL><LI> startup_stm32f746xx.o(RESET)
</UL>
<P><STRONG><a name="[53]"></a>I2C3_ER_IRQHandler</STRONG> (Thumb, 0 bytes, Stack size 0 bytes, startup_stm32f746xx.o(.text))
<BR>[Address Reference Count : 1]<UL><LI> startup_stm32f746xx.o(RESET)
</UL>
<P><STRONG><a name="[52]"></a>I2C3_EV_IRQHandler</STRONG> (Thumb, 0 bytes, Stack size 0 bytes, startup_stm32f746xx.o(.text))
<BR>[Address Reference Count : 1]<UL><LI> startup_stm32f746xx.o(RESET)
</UL>
<P><STRONG><a name="[69]"></a>I2C4_ER_IRQHandler</STRONG> (Thumb, 0 bytes, Stack size 0 bytes, startup_stm32f746xx.o(.text))
<BR>[Address Reference Count : 1]<UL><LI> startup_stm32f746xx.o(RESET)
</UL>
<P><STRONG><a name="[68]"></a>I2C4_EV_IRQHandler</STRONG> (Thumb, 0 bytes, Stack size 0 bytes, startup_stm32f746xx.o(.text))
<BR>[Address Reference Count : 1]<UL><LI> startup_stm32f746xx.o(RESET)
</UL>
<P><STRONG><a name="[66]"></a>LPTIM1_IRQHandler</STRONG> (Thumb, 0 bytes, Stack size 0 bytes, startup_stm32f746xx.o(.text))
<BR>[Address Reference Count : 1]<UL><LI> startup_stm32f746xx.o(RESET)
</UL>
<P><STRONG><a name="[62]"></a>LTDC_ER_IRQHandler</STRONG> (Thumb, 0 bytes, Stack size 0 bytes, startup_stm32f746xx.o(.text))
<BR>[Address Reference Count : 1]<UL><LI> startup_stm32f746xx.o(RESET)
</UL>
<P><STRONG><a name="[61]"></a>LTDC_IRQHandler</STRONG> (Thumb, 0 bytes, Stack size 0 bytes, startup_stm32f746xx.o(.text))
<BR>[Address Reference Count : 1]<UL><LI> startup_stm32f746xx.o(RESET)
</UL>
<P><STRONG><a name="[4d]"></a>OTG_FS_IRQHandler</STRONG> (Thumb, 0 bytes, Stack size 0 bytes, startup_stm32f746xx.o(.text))
<BR>[Address Reference Count : 1]<UL><LI> startup_stm32f746xx.o(RESET)
</UL>
<P><STRONG><a name="[34]"></a>OTG_FS_WKUP_IRQHandler</STRONG> (Thumb, 0 bytes, Stack size 0 bytes, startup_stm32f746xx.o(.text))
<BR>[Address Reference Count : 1]<UL><LI> startup_stm32f746xx.o(RESET)
</UL>
<P><STRONG><a name="[55]"></a>OTG_HS_EP1_IN_IRQHandler</STRONG> (Thumb, 0 bytes, Stack size 0 bytes, startup_stm32f746xx.o(.text))
<BR>[Address Reference Count : 1]<UL><LI> startup_stm32f746xx.o(RESET)
</UL>
<P><STRONG><a name="[54]"></a>OTG_HS_EP1_OUT_IRQHandler</STRONG> (Thumb, 0 bytes, Stack size 0 bytes, startup_stm32f746xx.o(.text))
<BR>[Address Reference Count : 1]<UL><LI> startup_stm32f746xx.o(RESET)
</UL>
<P><STRONG><a name="[57]"></a>OTG_HS_IRQHandler</STRONG> (Thumb, 0 bytes, Stack size 0 bytes, startup_stm32f746xx.o(.text))
<BR>[Address Reference Count : 1]<UL><LI> startup_stm32f746xx.o(RESET)
</UL>
<P><STRONG><a name="[56]"></a>OTG_HS_WKUP_IRQHandler</STRONG> (Thumb, 0 bytes, Stack size 0 bytes, startup_stm32f746xx.o(.text))
<BR>[Address Reference Count : 1]<UL><LI> startup_stm32f746xx.o(RESET)
</UL>
<P><STRONG><a name="[b]"></a>PVD_IRQHandler</STRONG> (Thumb, 0 bytes, Stack size 0 bytes, startup_stm32f746xx.o(.text))
<BR>[Address Reference Count : 1]<UL><LI> startup_stm32f746xx.o(RESET)
</UL>
<P><STRONG><a name="[65]"></a>QUADSPI_IRQHandler</STRONG> (Thumb, 0 bytes, Stack size 0 bytes, startup_stm32f746xx.o(.text))
<BR>[Address Reference Count : 1]<UL><LI> startup_stm32f746xx.o(RESET)
</UL>
<P><STRONG><a name="[f]"></a>RCC_IRQHandler</STRONG> (Thumb, 0 bytes, Stack size 0 bytes, startup_stm32f746xx.o(.text))
<BR>[Address Reference Count : 1]<UL><LI> startup_stm32f746xx.o(RESET)
</UL>
<P><STRONG><a name="[59]"></a>RNG_IRQHandler</STRONG> (Thumb, 0 bytes, Stack size 0 bytes, startup_stm32f746xx.o(.text))
<BR>[Address Reference Count : 1]<UL><LI> startup_stm32f746xx.o(RESET)
</UL>
<P><STRONG><a name="[33]"></a>RTC_Alarm_IRQHandler</STRONG> (Thumb, 0 bytes, Stack size 0 bytes, startup_stm32f746xx.o(.text))
<BR>[Address Reference Count : 1]<UL><LI> startup_stm32f746xx.o(RESET)
</UL>
<P><STRONG><a name="[d]"></a>RTC_WKUP_IRQHandler</STRONG> (Thumb, 0 bytes, Stack size 0 bytes, startup_stm32f746xx.o(.text))
<BR>[Address Reference Count : 1]<UL><LI> startup_stm32f746xx.o(RESET)
</UL>
<P><STRONG><a name="[60]"></a>SAI1_IRQHandler</STRONG> (Thumb, 0 bytes, Stack size 0 bytes, startup_stm32f746xx.o(.text))
<BR>[Address Reference Count : 1]<UL><LI> startup_stm32f746xx.o(RESET)
</UL>
<P><STRONG><a name="[64]"></a>SAI2_IRQHandler</STRONG> (Thumb, 0 bytes, Stack size 0 bytes, startup_stm32f746xx.o(.text))
<BR>[Address Reference Count : 1]<UL><LI> startup_stm32f746xx.o(RESET)
</UL>
<P><STRONG><a name="[3b]"></a>SDMMC1_IRQHandler</STRONG> (Thumb, 0 bytes, Stack size 0 bytes, startup_stm32f746xx.o(.text))
<BR>[Address Reference Count : 1]<UL><LI> startup_stm32f746xx.o(RESET)
</UL>
<P><STRONG><a name="[6a]"></a>SPDIF_RX_IRQHandler</STRONG> (Thumb, 0 bytes, Stack size 0 bytes, startup_stm32f746xx.o(.text))
<BR>[Address Reference Count : 1]<UL><LI> startup_stm32f746xx.o(RESET)
</UL>
<P><STRONG><a name="[2d]"></a>SPI1_IRQHandler</STRONG> (Thumb, 0 bytes, Stack size 0 bytes, startup_stm32f746xx.o(.text))
<BR>[Address Reference Count : 1]<UL><LI> startup_stm32f746xx.o(RESET)
</UL>
<P><STRONG><a name="[2e]"></a>SPI2_IRQHandler</STRONG> (Thumb, 0 bytes, Stack size 0 bytes, startup_stm32f746xx.o(.text))
<BR>[Address Reference Count : 1]<UL><LI> startup_stm32f746xx.o(RESET)
</UL>
<P><STRONG><a name="[3d]"></a>SPI3_IRQHandler</STRONG> (Thumb, 0 bytes, Stack size 0 bytes, startup_stm32f746xx.o(.text))
<BR>[Address Reference Count : 1]<UL><LI> startup_stm32f746xx.o(RESET)
</UL>
<P><STRONG><a name="[5d]"></a>SPI4_IRQHandler</STRONG> (Thumb, 0 bytes, Stack size 0 bytes, startup_stm32f746xx.o(.text))
<BR>[Address Reference Count : 1]<UL><LI> startup_stm32f746xx.o(RESET)
</UL>
<P><STRONG><a name="[5e]"></a>SPI5_IRQHandler</STRONG> (Thumb, 0 bytes, Stack size 0 bytes, startup_stm32f746xx.o(.text))
<BR>[Address Reference Count : 1]<UL><LI> startup_stm32f746xx.o(RESET)
</UL>
<P><STRONG><a name="[5f]"></a>SPI6_IRQHandler</STRONG> (Thumb, 0 bytes, Stack size 0 bytes, startup_stm32f746xx.o(.text))
<BR>[Address Reference Count : 1]<UL><LI> startup_stm32f746xx.o(RESET)
</UL>
<P><STRONG><a name="[c]"></a>TAMP_STAMP_IRQHandler</STRONG> (Thumb, 0 bytes, Stack size 0 bytes, startup_stm32f746xx.o(.text))
<BR>[Address Reference Count : 1]<UL><LI> startup_stm32f746xx.o(RESET)
</UL>
<P><STRONG><a name="[22]"></a>TIM1_BRK_TIM9_IRQHandler</STRONG> (Thumb, 0 bytes, Stack size 0 bytes, startup_stm32f746xx.o(.text))
<BR>[Address Reference Count : 1]<UL><LI> startup_stm32f746xx.o(RESET)
</UL>
<P><STRONG><a name="[25]"></a>TIM1_CC_IRQHandler</STRONG> (Thumb, 0 bytes, Stack size 0 bytes, startup_stm32f746xx.o(.text))
<BR>[Address Reference Count : 1]<UL><LI> startup_stm32f746xx.o(RESET)
</UL>
<P><STRONG><a name="[24]"></a>TIM1_TRG_COM_TIM11_IRQHandler</STRONG> (Thumb, 0 bytes, Stack size 0 bytes, startup_stm32f746xx.o(.text))
<BR>[Address Reference Count : 1]<UL><LI> startup_stm32f746xx.o(RESET)
</UL>
<P><STRONG><a name="[23]"></a>TIM1_UP_TIM10_IRQHandler</STRONG> (Thumb, 0 bytes, Stack size 0 bytes, startup_stm32f746xx.o(.text))
<BR>[Address Reference Count : 1]<UL><LI> startup_stm32f746xx.o(RESET)
</UL>
<P><STRONG><a name="[26]"></a>TIM2_IRQHandler</STRONG> (Thumb, 0 bytes, Stack size 0 bytes, startup_stm32f746xx.o(.text))
<BR>[Address Reference Count : 1]<UL><LI> startup_stm32f746xx.o(RESET)
</UL>
<P><STRONG><a name="[27]"></a>TIM3_IRQHandler</STRONG> (Thumb, 0 bytes, Stack size 0 bytes, startup_stm32f746xx.o(.text))
<BR>[Address Reference Count : 1]<UL><LI> startup_stm32f746xx.o(RESET)
</UL>
<P><STRONG><a name="[28]"></a>TIM4_IRQHandler</STRONG> (Thumb, 0 bytes, Stack size 0 bytes, startup_stm32f746xx.o(.text))
<BR>[Address Reference Count : 1]<UL><LI> startup_stm32f746xx.o(RESET)
</UL>
<P><STRONG><a name="[3c]"></a>TIM5_IRQHandler</STRONG> (Thumb, 0 bytes, Stack size 0 bytes, startup_stm32f746xx.o(.text))
<BR>[Address Reference Count : 1]<UL><LI> startup_stm32f746xx.o(RESET)
</UL>
<P><STRONG><a name="[40]"></a>TIM6_DAC_IRQHandler</STRONG> (Thumb, 0 bytes, Stack size 0 bytes, startup_stm32f746xx.o(.text))
<BR>[Address Reference Count : 1]<UL><LI> startup_stm32f746xx.o(RESET)
</UL>
<P><STRONG><a name="[41]"></a>TIM7_IRQHandler</STRONG> (Thumb, 0 bytes, Stack size 0 bytes, startup_stm32f746xx.o(.text))
<BR>[Address Reference Count : 1]<UL><LI> startup_stm32f746xx.o(RESET)
</UL>
<P><STRONG><a name="[35]"></a>TIM8_BRK_TIM12_IRQHandler</STRONG> (Thumb, 0 bytes, Stack size 0 bytes, startup_stm32f746xx.o(.text))
<BR>[Address Reference Count : 1]<UL><LI> startup_stm32f746xx.o(RESET)
</UL>
<P><STRONG><a name="[38]"></a>TIM8_CC_IRQHandler</STRONG> (Thumb, 0 bytes, Stack size 0 bytes, startup_stm32f746xx.o(.text))
<BR>[Address Reference Count : 1]<UL><LI> startup_stm32f746xx.o(RESET)
</UL>
<P><STRONG><a name="[37]"></a>TIM8_TRG_COM_TIM14_IRQHandler</STRONG> (Thumb, 0 bytes, Stack size 0 bytes, startup_stm32f746xx.o(.text))
<BR>[Address Reference Count : 1]<UL><LI> startup_stm32f746xx.o(RESET)
</UL>
<P><STRONG><a name="[36]"></a>TIM8_UP_TIM13_IRQHandler</STRONG> (Thumb, 0 bytes, Stack size 0 bytes, startup_stm32f746xx.o(.text))
<BR>[Address Reference Count : 1]<UL><LI> startup_stm32f746xx.o(RESET)
</UL>
<P><STRONG><a name="[3e]"></a>UART4_IRQHandler</STRONG> (Thumb, 0 bytes, Stack size 0 bytes, startup_stm32f746xx.o(.text))
<BR>[Address Reference Count : 1]<UL><LI> startup_stm32f746xx.o(RESET)
</UL>
<P><STRONG><a name="[3f]"></a>UART5_IRQHandler</STRONG> (Thumb, 0 bytes, Stack size 0 bytes, startup_stm32f746xx.o(.text))
<BR>[Address Reference Count : 1]<UL><LI> startup_stm32f746xx.o(RESET)
</UL>
<P><STRONG><a name="[5b]"></a>UART7_IRQHandler</STRONG> (Thumb, 0 bytes, Stack size 0 bytes, startup_stm32f746xx.o(.text))
<BR>[Address Reference Count : 1]<UL><LI> startup_stm32f746xx.o(RESET)
</UL>
<P><STRONG><a name="[5c]"></a>UART8_IRQHandler</STRONG> (Thumb, 0 bytes, Stack size 0 bytes, startup_stm32f746xx.o(.text))
<BR>[Address Reference Count : 1]<UL><LI> startup_stm32f746xx.o(RESET)
</UL>
<P><STRONG><a name="[2f]"></a>USART1_IRQHandler</STRONG> (Thumb, 0 bytes, Stack size 0 bytes, startup_stm32f746xx.o(.text))
<BR>[Address Reference Count : 1]<UL><LI> startup_stm32f746xx.o(RESET)
</UL>
<P><STRONG><a name="[30]"></a>USART2_IRQHandler</STRONG> (Thumb, 0 bytes, Stack size 0 bytes, startup_stm32f746xx.o(.text))
<BR>[Address Reference Count : 1]<UL><LI> startup_stm32f746xx.o(RESET)
</UL>
<P><STRONG><a name="[31]"></a>USART3_IRQHandler</STRONG> (Thumb, 0 bytes, Stack size 0 bytes, startup_stm32f746xx.o(.text))
<BR>[Address Reference Count : 1]<UL><LI> startup_stm32f746xx.o(RESET)
</UL>
<P><STRONG><a name="[51]"></a>USART6_IRQHandler</STRONG> (Thumb, 0 bytes, Stack size 0 bytes, startup_stm32f746xx.o(.text))
<BR>[Address Reference Count : 1]<UL><LI> startup_stm32f746xx.o(RESET)
</UL>
<P><STRONG><a name="[a]"></a>WWDG_IRQHandler</STRONG> (Thumb, 0 bytes, Stack size 0 bytes, startup_stm32f746xx.o(.text))
<BR>[Address Reference Count : 1]<UL><LI> startup_stm32f746xx.o(RESET)
</UL>
<P><STRONG><a name="[1af]"></a>__aeabi_memcpy</STRONG> (Thumb, 36 bytes, Stack size 0 bytes, memcpya.o(.text))
<BR><BR>[Called By]<UL><LI><a href="#[18c]">&gt;&gt;</a>&nbsp;&nbsp;&nbsp;collectAtoms
<LI><a href="#[1ea]">&gt;&gt;</a>&nbsp;&nbsp;&nbsp;jcopy_sample_rows
<LI><a href="#[1fa]">&gt;&gt;</a>&nbsp;&nbsp;&nbsp;master_selection
<LI><a href="#[1e4]">&gt;&gt;</a>&nbsp;&nbsp;&nbsp;get_dht
</UL>

<P><STRONG><a name="[154]"></a>__aeabi_memcpy4</STRONG> (Thumb, 0 bytes, Stack size 0 bytes, memcpya.o(.text))
<BR><BR>[Called By]<UL><LI><a href="#[11d]">&gt;&gt;</a>&nbsp;&nbsp;&nbsp;HAL_LTDC_ConfigLayer
<LI><a href="#[18c]">&gt;&gt;</a>&nbsp;&nbsp;&nbsp;collectAtoms
<LI><a href="#[190]">&gt;&gt;</a>&nbsp;&nbsp;&nbsp;getVideoSampleTime
<LI><a href="#[18a]">&gt;&gt;</a>&nbsp;&nbsp;&nbsp;Play_MOV
<LI><a href="#[8a]">&gt;&gt;</a>&nbsp;&nbsp;&nbsp;start_input_pass
<LI><a href="#[1e4]">&gt;&gt;</a>&nbsp;&nbsp;&nbsp;get_dht
<LI><a href="#[cf]">&gt;&gt;</a>&nbsp;&nbsp;&nbsp;decode_mcu_sub
<LI><a href="#[cd]">&gt;&gt;</a>&nbsp;&nbsp;&nbsp;decode_mcu_DC_first
<LI><a href="#[d0]">&gt;&gt;</a>&nbsp;&nbsp;&nbsp;decode_mcu
</UL>

<P><STRONG><a name="[231]"></a>__aeabi_memcpy8</STRONG> (Thumb, 0 bytes, Stack size 0 bytes, memcpya.o(.text), UNUSED)

<P><STRONG><a name="[e8]"></a>__aeabi_memset</STRONG> (Thumb, 14 bytes, Stack size 0 bytes, memseta.o(.text))
<BR><BR>[Called By]<UL><LI><a href="#[e9]">&gt;&gt;</a>&nbsp;&nbsp;&nbsp;_memset$wrapper
<LI><a href="#[e7]">&gt;&gt;</a>&nbsp;&nbsp;&nbsp;__aeabi_memclr
</UL>

<P><STRONG><a name="[232]"></a>__aeabi_memset4</STRONG> (Thumb, 0 bytes, Stack size 0 bytes, memseta.o(.text), UNUSED)

<P><STRONG><a name="[233]"></a>__aeabi_memset8</STRONG> (Thumb, 0 bytes, Stack size 0 bytes, memseta.o(.text), UNUSED)

<P><STRONG><a name="[e7]"></a>__aeabi_memclr</STRONG> (Thumb, 4 bytes, Stack size 0 bytes, memseta.o(.text))
<BR><BR>[Calls]<UL><LI><a href="#[e8]">&gt;&gt;</a>&nbsp;&nbsp;&nbsp;__aeabi_memset
</UL>
<BR>[Called By]<UL><LI><a href="#[18c]">&gt;&gt;</a>&nbsp;&nbsp;&nbsp;collectAtoms
<LI><a href="#[18a]">&gt;&gt;</a>&nbsp;&nbsp;&nbsp;Play_MOV
<LI><a href="#[77]">&gt;&gt;</a>&nbsp;&nbsp;&nbsp;start_pass_2_quant
<LI><a href="#[9b]">&gt;&gt;</a>&nbsp;&nbsp;&nbsp;access_virt_sarray
<LI><a href="#[9c]">&gt;&gt;</a>&nbsp;&nbsp;&nbsp;access_virt_barray
<LI><a href="#[85]">&gt;&gt;</a>&nbsp;&nbsp;&nbsp;decompress_onepass
<LI><a href="#[1fa]">&gt;&gt;</a>&nbsp;&nbsp;&nbsp;master_selection
<LI><a href="#[1f7]">&gt;&gt;</a>&nbsp;&nbsp;&nbsp;jinit_inverse_dct
<LI><a href="#[1f2]">&gt;&gt;</a>&nbsp;&nbsp;&nbsp;jinit_d_coef_controller
<LI><a href="#[79]">&gt;&gt;</a>&nbsp;&nbsp;&nbsp;start_pass
<LI><a href="#[1bb]">&gt;&gt;</a>&nbsp;&nbsp;&nbsp;process_restart
<LI><a href="#[74]">&gt;&gt;</a>&nbsp;&nbsp;&nbsp;start_pass_1_quant
<LI><a href="#[c0]">&gt;&gt;</a>&nbsp;&nbsp;&nbsp;quantize_ord_dither
<LI><a href="#[c2]">&gt;&gt;</a>&nbsp;&nbsp;&nbsp;quantize_fs_dither
</UL>

<P><STRONG><a name="[1ac]"></a>__aeabi_memclr4</STRONG> (Thumb, 0 bytes, Stack size 0 bytes, memseta.o(.text))
<BR><BR>[Called By]<UL><LI><a href="#[18c]">&gt;&gt;</a>&nbsp;&nbsp;&nbsp;collectAtoms
<LI><a href="#[201]">&gt;&gt;</a>&nbsp;&nbsp;&nbsp;jpeg_CreateDecompress
<LI><a href="#[213]">&gt;&gt;</a>&nbsp;&nbsp;&nbsp;jpeg_make_d_derived_tbl
</UL>

<P><STRONG><a name="[234]"></a>__aeabi_memclr8</STRONG> (Thumb, 0 bytes, Stack size 0 bytes, memseta.o(.text), UNUSED)

<P><STRONG><a name="[e9]"></a>_memset$wrapper</STRONG> (Thumb, 18 bytes, Stack size 8 bytes, memseta.o(.text), UNUSED)
<BR><BR>[Calls]<UL><LI><a href="#[e8]">&gt;&gt;</a>&nbsp;&nbsp;&nbsp;__aeabi_memset
</UL>

<P><STRONG><a name="[1ad]"></a>strncmp</STRONG> (Thumb, 30 bytes, Stack size 12 bytes, strncmp.o(.text))
<BR><BR>[Stack]<UL><LI>Max Depth = 12<LI>Call Chain = strncmp
</UL>
<BR>[Called By]<UL><LI><a href="#[18c]">&gt;&gt;</a>&nbsp;&nbsp;&nbsp;collectAtoms
</UL>

<P><STRONG><a name="[ea]"></a>__aeabi_dmul</STRONG> (Thumb, 228 bytes, Stack size 48 bytes, dmul.o(.text))
<BR><BR>[Stack]<UL><LI>Max Depth = 88<LI>Call Chain = __aeabi_dmul &rArr; _double_epilogue &rArr; _double_round
</UL>
<BR>[Calls]<UL><LI><a href="#[eb]">&gt;&gt;</a>&nbsp;&nbsp;&nbsp;_double_epilogue
</UL>
<BR>[Called By]<UL><LI><a href="#[8c]">&gt;&gt;</a>&nbsp;&nbsp;&nbsp;start_pass
</UL>

<P><STRONG><a name="[ec]"></a>__aeabi_ui2d</STRONG> (Thumb, 26 bytes, Stack size 16 bytes, dfltui.o(.text))
<BR><BR>[Stack]<UL><LI>Max Depth = 56<LI>Call Chain = __aeabi_ui2d &rArr; _double_epilogue &rArr; _double_round
</UL>
<BR>[Calls]<UL><LI><a href="#[eb]">&gt;&gt;</a>&nbsp;&nbsp;&nbsp;_double_epilogue
</UL>
<BR>[Called By]<UL><LI><a href="#[8c]">&gt;&gt;</a>&nbsp;&nbsp;&nbsp;start_pass
</UL>

<P><STRONG><a name="[ed]"></a>__aeabi_d2f</STRONG> (Thumb, 56 bytes, Stack size 8 bytes, d2f.o(.text))
<BR><BR>[Stack]<UL><LI>Max Depth = 8<LI>Call Chain = __aeabi_d2f
</UL>
<BR>[Calls]<UL><LI><a href="#[ee]">&gt;&gt;</a>&nbsp;&nbsp;&nbsp;_float_round
</UL>
<BR>[Called By]<UL><LI><a href="#[8c]">&gt;&gt;</a>&nbsp;&nbsp;&nbsp;start_pass
</UL>

<P><STRONG><a name="[ef]"></a>__aeabi_uldivmod</STRONG> (Thumb, 98 bytes, Stack size 40 bytes, uldiv.o(.text), UNUSED)
<BR><BR>[Calls]<UL><LI><a href="#[f0]">&gt;&gt;</a>&nbsp;&nbsp;&nbsp;__aeabi_llsr
<LI><a href="#[f1]">&gt;&gt;</a>&nbsp;&nbsp;&nbsp;__aeabi_llsl
</UL>
<BR>[Called By]<UL><LI><a href="#[19f]">&gt;&gt;</a>&nbsp;&nbsp;&nbsp;_printf_core
</UL>

<P><STRONG><a name="[235]"></a>__I$use$fp</STRONG> (Thumb, 0 bytes, Stack size 0 bytes, iusefp.o(.text), UNUSED)

<P><STRONG><a name="[ee]"></a>_float_round</STRONG> (Thumb, 18 bytes, Stack size 0 bytes, fepilogue.o(.text))
<BR><BR>[Called By]<UL><LI><a href="#[ed]">&gt;&gt;</a>&nbsp;&nbsp;&nbsp;__aeabi_d2f
</UL>

<P><STRONG><a name="[236]"></a>_float_epilogue</STRONG> (Thumb, 92 bytes, Stack size 4 bytes, fepilogue.o(.text), UNUSED)

<P><STRONG><a name="[f2]"></a>_double_round</STRONG> (Thumb, 30 bytes, Stack size 8 bytes, depilogue.o(.text))
<BR><BR>[Stack]<UL><LI>Max Depth = 8<LI>Call Chain = _double_round
</UL>
<BR>[Called By]<UL><LI><a href="#[eb]">&gt;&gt;</a>&nbsp;&nbsp;&nbsp;_double_epilogue
</UL>

<P><STRONG><a name="[eb]"></a>_double_epilogue</STRONG> (Thumb, 156 bytes, Stack size 32 bytes, depilogue.o(.text))
<BR><BR>[Stack]<UL><LI>Max Depth = 40<LI>Call Chain = _double_epilogue &rArr; _double_round
</UL>
<BR>[Calls]<UL><LI><a href="#[f0]">&gt;&gt;</a>&nbsp;&nbsp;&nbsp;__aeabi_llsr
<LI><a href="#[f1]">&gt;&gt;</a>&nbsp;&nbsp;&nbsp;__aeabi_llsl
<LI><a href="#[f2]">&gt;&gt;</a>&nbsp;&nbsp;&nbsp;_double_round
</UL>
<BR>[Called By]<UL><LI><a href="#[ec]">&gt;&gt;</a>&nbsp;&nbsp;&nbsp;__aeabi_ui2d
<LI><a href="#[ea]">&gt;&gt;</a>&nbsp;&nbsp;&nbsp;__aeabi_dmul
</UL>

<P><STRONG><a name="[e6]"></a>__scatterload</STRONG> (Thumb, 28 bytes, Stack size 0 bytes, init.o(.text))
<BR><BR>[Calls]<UL><LI><a href="#[f3]">&gt;&gt;</a>&nbsp;&nbsp;&nbsp;__main_after_scatterload
</UL>
<BR>[Called By]<UL><LI><a href="#[e5]">&gt;&gt;</a>&nbsp;&nbsp;&nbsp;_main_scatterload
</UL>

<P><STRONG><a name="[237]"></a>__scatterload_rt2</STRONG> (Thumb, 0 bytes, Stack size 0 bytes, init.o(.text), UNUSED)

<P><STRONG><a name="[f1]"></a>__aeabi_llsl</STRONG> (Thumb, 30 bytes, Stack size 0 bytes, llshl.o(.text))
<BR><BR>[Called By]<UL><LI><a href="#[ef]">&gt;&gt;</a>&nbsp;&nbsp;&nbsp;__aeabi_uldivmod
<LI><a href="#[eb]">&gt;&gt;</a>&nbsp;&nbsp;&nbsp;_double_epilogue
</UL>

<P><STRONG><a name="[238]"></a>_ll_shift_l</STRONG> (Thumb, 0 bytes, Stack size 0 bytes, llshl.o(.text), UNUSED)

<P><STRONG><a name="[f0]"></a>__aeabi_llsr</STRONG> (Thumb, 32 bytes, Stack size 0 bytes, llushr.o(.text))
<BR><BR>[Called By]<UL><LI><a href="#[ef]">&gt;&gt;</a>&nbsp;&nbsp;&nbsp;__aeabi_uldivmod
<LI><a href="#[eb]">&gt;&gt;</a>&nbsp;&nbsp;&nbsp;_double_epilogue
</UL>

<P><STRONG><a name="[239]"></a>_ll_ushift_r</STRONG> (Thumb, 0 bytes, Stack size 0 bytes, llushr.o(.text), UNUSED)

<P><STRONG><a name="[22a]"></a>AUDIO_IO_DeInit</STRONG> (Thumb, 2 bytes, Stack size 0 bytes, stm32746g_discovery.o(i.AUDIO_IO_DeInit))
<BR><BR>[Called By]<UL><LI><a href="#[da]">&gt;&gt;</a>&nbsp;&nbsp;&nbsp;wm8994_DeInit
</UL>

<P><STRONG><a name="[f4]"></a>AUDIO_IO_Delay</STRONG> (Thumb, 4 bytes, Stack size 0 bytes, stm32746g_discovery.o(i.AUDIO_IO_Delay))
<BR><BR>[Stack]<UL><LI>Max Depth = 16<LI>Call Chain = AUDIO_IO_Delay &rArr; HAL_Delay
</UL>
<BR>[Calls]<UL><LI><a href="#[f5]">&gt;&gt;</a>&nbsp;&nbsp;&nbsp;HAL_Delay
</UL>
<BR>[Called By]<UL><LI><a href="#[d9]">&gt;&gt;</a>&nbsp;&nbsp;&nbsp;wm8994_Init
</UL>

<P><STRONG><a name="[f6]"></a>AUDIO_IO_Init</STRONG> (Thumb, 6 bytes, Stack size 0 bytes, stm32746g_discovery.o(i.AUDIO_IO_Init))
<BR><BR>[Stack]<UL><LI>Max Depth = 96<LI>Call Chain = AUDIO_IO_Init &rArr; I2Cx_Init &rArr; I2Cx_MspInit &rArr; HAL_GPIO_Init
</UL>
<BR>[Calls]<UL><LI><a href="#[f7]">&gt;&gt;</a>&nbsp;&nbsp;&nbsp;I2Cx_Init
</UL>
<BR>[Called By]<UL><LI><a href="#[db]">&gt;&gt;</a>&nbsp;&nbsp;&nbsp;wm8994_ReadID
<LI><a href="#[d9]">&gt;&gt;</a>&nbsp;&nbsp;&nbsp;wm8994_Init
</UL>

<P><STRONG><a name="[f8]"></a>AUDIO_IO_Read</STRONG> (Thumb, 46 bytes, Stack size 24 bytes, stm32746g_discovery.o(i.AUDIO_IO_Read))
<BR><BR>[Stack]<UL><LI>Max Depth = 184<LI>Call Chain = AUDIO_IO_Read &rArr; I2Cx_ReadMultiple &rArr; HAL_I2C_Mem_Read &rArr; I2C_RequestMemoryRead &rArr; I2C_WaitOnTXISFlagUntilTimeout &rArr; I2C_IsAcknowledgeFailed
</UL>
<BR>[Calls]<UL><LI><a href="#[f9]">&gt;&gt;</a>&nbsp;&nbsp;&nbsp;I2Cx_ReadMultiple
</UL>
<BR>[Called By]<UL><LI><a href="#[db]">&gt;&gt;</a>&nbsp;&nbsp;&nbsp;wm8994_ReadID
</UL>

<P><STRONG><a name="[fa]"></a>AUDIO_IO_Write</STRONG> (Thumb, 46 bytes, Stack size 32 bytes, stm32746g_discovery.o(i.AUDIO_IO_Write))
<BR><BR>[Stack]<UL><LI>Max Depth = 192<LI>Call Chain = AUDIO_IO_Write &rArr; I2Cx_WriteMultiple &rArr; HAL_I2C_Mem_Write &rArr; I2C_RequestMemoryWrite &rArr; I2C_WaitOnTXISFlagUntilTimeout &rArr; I2C_IsAcknowledgeFailed
</UL>
<BR>[Calls]<UL><LI><a href="#[fb]">&gt;&gt;</a>&nbsp;&nbsp;&nbsp;I2Cx_WriteMultiple
</UL>
<BR>[Called By]<UL><LI><a href="#[135]">&gt;&gt;</a>&nbsp;&nbsp;&nbsp;CODEC_IO_Write
</UL>

<P><STRONG><a name="[163]"></a>BSP_AUDIO_IN_Error_CallBack</STRONG> (Thumb, 2 bytes, Stack size 0 bytes, stm32746g_discovery_audio.o(i.BSP_AUDIO_IN_Error_CallBack))
<BR><BR>[Called By]<UL><LI><a href="#[161]">&gt;&gt;</a>&nbsp;&nbsp;&nbsp;HAL_SAI_ErrorCallback
</UL>

<P><STRONG><a name="[fc]"></a>BSP_AUDIO_OUT_ClockConfig</STRONG> (Thumb, 98 bytes, Stack size 144 bytes, my_waveplayer.o(i.BSP_AUDIO_OUT_ClockConfig))
<BR><BR>[Stack]<UL><LI>Max Depth = 184<LI>Call Chain = BSP_AUDIO_OUT_ClockConfig &rArr; HAL_RCCEx_PeriphCLKConfig
</UL>
<BR>[Calls]<UL><LI><a href="#[fe]">&gt;&gt;</a>&nbsp;&nbsp;&nbsp;HAL_RCCEx_PeriphCLKConfig
<LI><a href="#[fd]">&gt;&gt;</a>&nbsp;&nbsp;&nbsp;HAL_RCCEx_GetPeriphCLKConfig
</UL>
<BR>[Called By]<UL><LI><a href="#[ff]">&gt;&gt;</a>&nbsp;&nbsp;&nbsp;BSP_AUDIO_OUT_Init
</UL>

<P><STRONG><a name="[162]"></a>BSP_AUDIO_OUT_Error_CallBack</STRONG> (Thumb, 2 bytes, Stack size 0 bytes, stm32746g_discovery_audio.o(i.BSP_AUDIO_OUT_Error_CallBack))
<BR><BR>[Called By]<UL><LI><a href="#[161]">&gt;&gt;</a>&nbsp;&nbsp;&nbsp;HAL_SAI_ErrorCallback
</UL>

<P><STRONG><a name="[16b]"></a>BSP_AUDIO_OUT_HalfTransfer_CallBack</STRONG> (Thumb, 16 bytes, Stack size 0 bytes, my_waveplayer.o(i.BSP_AUDIO_OUT_HalfTransfer_CallBack))
<BR><BR>[Called By]<UL><LI><a href="#[16a]">&gt;&gt;</a>&nbsp;&nbsp;&nbsp;HAL_SAI_TxHalfCpltCallback
</UL>

<P><STRONG><a name="[ff]"></a>BSP_AUDIO_OUT_Init</STRONG> (Thumb, 100 bytes, Stack size 24 bytes, stm32746g_discovery_audio.o(i.BSP_AUDIO_OUT_Init))
<BR><BR>[Stack]<UL><LI>Max Depth = 208<LI>Call Chain = BSP_AUDIO_OUT_Init &rArr; BSP_AUDIO_OUT_ClockConfig &rArr; HAL_RCCEx_PeriphCLKConfig
</UL>
<BR>[Calls]<UL><LI><a href="#[101]">&gt;&gt;</a>&nbsp;&nbsp;&nbsp;HAL_SAI_GetState
<LI><a href="#[fc]">&gt;&gt;</a>&nbsp;&nbsp;&nbsp;BSP_AUDIO_OUT_ClockConfig
<LI><a href="#[102]">&gt;&gt;</a>&nbsp;&nbsp;&nbsp;BSP_AUDIO_OUT_MspInit
<LI><a href="#[103]">&gt;&gt;</a>&nbsp;&nbsp;&nbsp;SAIx_Out_Init
<LI><a href="#[100]">&gt;&gt;</a>&nbsp;&nbsp;&nbsp;SAIx_Out_DeInit
</UL>
<BR>[Called By]<UL><LI><a href="#[193]">&gt;&gt;</a>&nbsp;&nbsp;&nbsp;PlayerInit
<LI><a href="#[18a]">&gt;&gt;</a>&nbsp;&nbsp;&nbsp;Play_MOV
</UL>

<P><STRONG><a name="[102]"></a>BSP_AUDIO_OUT_MspInit</STRONG> (Thumb, 288 bytes, Stack size 64 bytes, stm32746g_discovery_audio.o(i.BSP_AUDIO_OUT_MspInit))
<BR><BR>[Stack]<UL><LI>Max Depth = 104<LI>Call Chain = BSP_AUDIO_OUT_MspInit &rArr; HAL_GPIO_Init
</UL>
<BR>[Calls]<UL><LI><a href="#[107]">&gt;&gt;</a>&nbsp;&nbsp;&nbsp;HAL_NVIC_SetPriority
<LI><a href="#[108]">&gt;&gt;</a>&nbsp;&nbsp;&nbsp;HAL_NVIC_EnableIRQ
<LI><a href="#[104]">&gt;&gt;</a>&nbsp;&nbsp;&nbsp;HAL_GPIO_Init
<LI><a href="#[106]">&gt;&gt;</a>&nbsp;&nbsp;&nbsp;HAL_DMA_Init
<LI><a href="#[105]">&gt;&gt;</a>&nbsp;&nbsp;&nbsp;HAL_DMA_DeInit
</UL>
<BR>[Called By]<UL><LI><a href="#[ff]">&gt;&gt;</a>&nbsp;&nbsp;&nbsp;BSP_AUDIO_OUT_Init
</UL>

<P><STRONG><a name="[109]"></a>BSP_AUDIO_OUT_Play</STRONG> (Thumb, 54 bytes, Stack size 16 bytes, stm32746g_discovery_audio.o(i.BSP_AUDIO_OUT_Play))
<BR><BR>[Stack]<UL><LI>Max Depth = 60<LI>Call Chain = BSP_AUDIO_OUT_Play &rArr; HAL_SAI_Transmit_DMA &rArr; HAL_DMA_Start_IT &rArr; DMA_SetConfig
</UL>
<BR>[Calls]<UL><LI><a href="#[10a]">&gt;&gt;</a>&nbsp;&nbsp;&nbsp;HAL_SAI_Transmit_DMA
</UL>
<BR>[Called By]<UL><LI><a href="#[192]">&gt;&gt;</a>&nbsp;&nbsp;&nbsp;Play_WAV
<LI><a href="#[18a]">&gt;&gt;</a>&nbsp;&nbsp;&nbsp;Play_MOV
</UL>

<P><STRONG><a name="[10b]"></a>BSP_AUDIO_OUT_SetAudioFrameSlot</STRONG> (Thumb, 34 bytes, Stack size 8 bytes, stm32746g_discovery_audio.o(i.BSP_AUDIO_OUT_SetAudioFrameSlot))
<BR><BR>[Stack]<UL><LI>Max Depth = 60<LI>Call Chain = BSP_AUDIO_OUT_SetAudioFrameSlot &rArr; HAL_SAI_Init &rArr; SAI_GetInputClock &rArr; HAL_RCCEx_GetPeriphCLKFreq
</UL>
<BR>[Calls]<UL><LI><a href="#[10c]">&gt;&gt;</a>&nbsp;&nbsp;&nbsp;HAL_SAI_Init
</UL>
<BR>[Called By]<UL><LI><a href="#[193]">&gt;&gt;</a>&nbsp;&nbsp;&nbsp;PlayerInit
</UL>

<P><STRONG><a name="[10d]"></a>BSP_AUDIO_OUT_Stop</STRONG> (Thumb, 42 bytes, Stack size 8 bytes, stm32746g_discovery_audio.o(i.BSP_AUDIO_OUT_Stop))
<BR><BR>[Stack]<UL><LI>Max Depth = 48<LI>Call Chain = BSP_AUDIO_OUT_Stop &rArr; HAL_SAI_DMAStop &rArr; HAL_DMA_Abort
</UL>
<BR>[Calls]<UL><LI><a href="#[f5]">&gt;&gt;</a>&nbsp;&nbsp;&nbsp;HAL_Delay
<LI><a href="#[10e]">&gt;&gt;</a>&nbsp;&nbsp;&nbsp;HAL_SAI_DMAStop
</UL>
<BR>[Called By]<UL><LI><a href="#[192]">&gt;&gt;</a>&nbsp;&nbsp;&nbsp;Play_WAV
</UL>

<P><STRONG><a name="[169]"></a>BSP_AUDIO_OUT_TransferComplete_CallBack</STRONG> (Thumb, 16 bytes, Stack size 0 bytes, my_waveplayer.o(i.BSP_AUDIO_OUT_TransferComplete_CallBack))
<BR><BR>[Called By]<UL><LI><a href="#[168]">&gt;&gt;</a>&nbsp;&nbsp;&nbsp;HAL_SAI_TxCpltCallback
</UL>

<P><STRONG><a name="[10f]"></a>BSP_LCD_Clear</STRONG> (Thumb, 48 bytes, Stack size 16 bytes, stm32746g_discovery_lcd.o(i.BSP_LCD_Clear))
<BR><BR>[Stack]<UL><LI>Max Depth = 92<LI>Call Chain = BSP_LCD_Clear &rArr; LL_FillBuffer &rArr; HAL_DMA2D_Start &rArr; DMA2D_SetConfig
</UL>
<BR>[Calls]<UL><LI><a href="#[110]">&gt;&gt;</a>&nbsp;&nbsp;&nbsp;BSP_LCD_GetYSize
<LI><a href="#[111]">&gt;&gt;</a>&nbsp;&nbsp;&nbsp;BSP_LCD_GetXSize
<LI><a href="#[112]">&gt;&gt;</a>&nbsp;&nbsp;&nbsp;LL_FillBuffer
</UL>
<BR>[Called By]<UL><LI><a href="#[6b]">&gt;&gt;</a>&nbsp;&nbsp;&nbsp;main
</UL>

<P><STRONG><a name="[113]"></a>BSP_LCD_ClockConfig</STRONG> (Thumb, 26 bytes, Stack size 8 bytes, stm32746g_discovery_lcd.o(i.BSP_LCD_ClockConfig))
<BR><BR>[Stack]<UL><LI>Max Depth = 48<LI>Call Chain = BSP_LCD_ClockConfig &rArr; HAL_RCCEx_PeriphCLKConfig
</UL>
<BR>[Calls]<UL><LI><a href="#[fe]">&gt;&gt;</a>&nbsp;&nbsp;&nbsp;HAL_RCCEx_PeriphCLKConfig
</UL>
<BR>[Called By]<UL><LI><a href="#[116]">&gt;&gt;</a>&nbsp;&nbsp;&nbsp;BSP_LCD_Init
</UL>

<P><STRONG><a name="[114]"></a>BSP_LCD_DisplayOn</STRONG> (Thumb, 38 bytes, Stack size 8 bytes, stm32746g_discovery_lcd.o(i.BSP_LCD_DisplayOn))
<BR><BR>[Stack]<UL><LI>Max Depth = 8<LI>Call Chain = BSP_LCD_DisplayOn
</UL>
<BR>[Calls]<UL><LI><a href="#[115]">&gt;&gt;</a>&nbsp;&nbsp;&nbsp;HAL_GPIO_WritePin
</UL>
<BR>[Called By]<UL><LI><a href="#[6b]">&gt;&gt;</a>&nbsp;&nbsp;&nbsp;main
</UL>

<P><STRONG><a name="[111]"></a>BSP_LCD_GetXSize</STRONG> (Thumb, 22 bytes, Stack size 0 bytes, stm32746g_discovery_lcd.o(i.BSP_LCD_GetXSize))
<BR><BR>[Called By]<UL><LI><a href="#[11c]">&gt;&gt;</a>&nbsp;&nbsp;&nbsp;BSP_LCD_LayerDefaultInit
<LI><a href="#[10f]">&gt;&gt;</a>&nbsp;&nbsp;&nbsp;BSP_LCD_Clear
</UL>

<P><STRONG><a name="[110]"></a>BSP_LCD_GetYSize</STRONG> (Thumb, 22 bytes, Stack size 0 bytes, stm32746g_discovery_lcd.o(i.BSP_LCD_GetYSize))
<BR><BR>[Called By]<UL><LI><a href="#[11c]">&gt;&gt;</a>&nbsp;&nbsp;&nbsp;BSP_LCD_LayerDefaultInit
<LI><a href="#[10f]">&gt;&gt;</a>&nbsp;&nbsp;&nbsp;BSP_LCD_Clear
</UL>

<P><STRONG><a name="[116]"></a>BSP_LCD_Init</STRONG> (Thumb, 142 bytes, Stack size 24 bytes, stm32746g_discovery_lcd.o(i.BSP_LCD_Init))
<BR><BR>[Stack]<UL><LI>Max Depth = 136<LI>Call Chain = BSP_LCD_Init &rArr; BSP_SDRAM_Init &rArr; BSP_SDRAM_MspInit &rArr; HAL_GPIO_Init
</UL>
<BR>[Calls]<UL><LI><a href="#[115]">&gt;&gt;</a>&nbsp;&nbsp;&nbsp;HAL_GPIO_WritePin
<LI><a href="#[119]">&gt;&gt;</a>&nbsp;&nbsp;&nbsp;HAL_LTDC_Init
<LI><a href="#[117]">&gt;&gt;</a>&nbsp;&nbsp;&nbsp;HAL_LTDC_GetState
<LI><a href="#[118]">&gt;&gt;</a>&nbsp;&nbsp;&nbsp;BSP_LCD_MspInit
<LI><a href="#[113]">&gt;&gt;</a>&nbsp;&nbsp;&nbsp;BSP_LCD_ClockConfig
<LI><a href="#[11b]">&gt;&gt;</a>&nbsp;&nbsp;&nbsp;BSP_LCD_SetFont
<LI><a href="#[11a]">&gt;&gt;</a>&nbsp;&nbsp;&nbsp;BSP_SDRAM_Init
</UL>
<BR>[Called By]<UL><LI><a href="#[6b]">&gt;&gt;</a>&nbsp;&nbsp;&nbsp;main
</UL>

<P><STRONG><a name="[11c]"></a>BSP_LCD_LayerDefaultInit</STRONG> (Thumb, 112 bytes, Stack size 64 bytes, stm32746g_discovery_lcd.o(i.BSP_LCD_LayerDefaultInit))
<BR><BR>[Stack]<UL><LI>Max Depth = 136<LI>Call Chain = BSP_LCD_LayerDefaultInit &rArr; HAL_LTDC_ConfigLayer &rArr; LTDC_SetConfig
</UL>
<BR>[Calls]<UL><LI><a href="#[11d]">&gt;&gt;</a>&nbsp;&nbsp;&nbsp;HAL_LTDC_ConfigLayer
<LI><a href="#[110]">&gt;&gt;</a>&nbsp;&nbsp;&nbsp;BSP_LCD_GetYSize
<LI><a href="#[111]">&gt;&gt;</a>&nbsp;&nbsp;&nbsp;BSP_LCD_GetXSize
</UL>
<BR>[Called By]<UL><LI><a href="#[6b]">&gt;&gt;</a>&nbsp;&nbsp;&nbsp;main
</UL>

<P><STRONG><a name="[118]"></a>BSP_LCD_MspInit</STRONG> (Thumb, 286 bytes, Stack size 48 bytes, stm32746g_discovery_lcd.o(i.BSP_LCD_MspInit))
<BR><BR>[Stack]<UL><LI>Max Depth = 88<LI>Call Chain = BSP_LCD_MspInit &rArr; HAL_GPIO_Init
</UL>
<BR>[Calls]<UL><LI><a href="#[104]">&gt;&gt;</a>&nbsp;&nbsp;&nbsp;HAL_GPIO_Init
</UL>
<BR>[Called By]<UL><LI><a href="#[116]">&gt;&gt;</a>&nbsp;&nbsp;&nbsp;BSP_LCD_Init
</UL>

<P><STRONG><a name="[217]"></a>BSP_LCD_SelectLayer</STRONG> (Thumb, 6 bytes, Stack size 0 bytes, stm32746g_discovery_lcd.o(i.BSP_LCD_SelectLayer))
<BR><BR>[Called By]<UL><LI><a href="#[6b]">&gt;&gt;</a>&nbsp;&nbsp;&nbsp;main
</UL>

<P><STRONG><a name="[11b]"></a>BSP_LCD_SetFont</STRONG> (Thumb, 18 bytes, Stack size 0 bytes, stm32746g_discovery_lcd.o(i.BSP_LCD_SetFont))
<BR><BR>[Called By]<UL><LI><a href="#[116]">&gt;&gt;</a>&nbsp;&nbsp;&nbsp;BSP_LCD_Init
</UL>

<P><STRONG><a name="[11e]"></a>BSP_LCD_SetLayerWindow</STRONG> (Thumb, 40 bytes, Stack size 24 bytes, stm32746g_discovery_lcd.o(i.BSP_LCD_SetLayerWindow))
<BR><BR>[Stack]<UL><LI>Max Depth = 96<LI>Call Chain = BSP_LCD_SetLayerWindow &rArr; HAL_LTDC_SetWindowSize &rArr; LTDC_SetConfig
</UL>
<BR>[Calls]<UL><LI><a href="#[11f]">&gt;&gt;</a>&nbsp;&nbsp;&nbsp;HAL_LTDC_SetWindowSize
<LI><a href="#[120]">&gt;&gt;</a>&nbsp;&nbsp;&nbsp;HAL_LTDC_SetWindowPosition
</UL>
<BR>[Called By]<UL><LI><a href="#[6b]">&gt;&gt;</a>&nbsp;&nbsp;&nbsp;main
</UL>

<P><STRONG><a name="[11a]"></a>BSP_SDRAM_Init</STRONG> (Thumb, 108 bytes, Stack size 24 bytes, stm32746g_discovery_sdram.o(i.BSP_SDRAM_Init))
<BR><BR>[Stack]<UL><LI>Max Depth = 112<LI>Call Chain = BSP_SDRAM_Init &rArr; BSP_SDRAM_MspInit &rArr; HAL_GPIO_Init
</UL>
<BR>[Calls]<UL><LI><a href="#[122]">&gt;&gt;</a>&nbsp;&nbsp;&nbsp;HAL_SDRAM_Init
<LI><a href="#[121]">&gt;&gt;</a>&nbsp;&nbsp;&nbsp;BSP_SDRAM_MspInit
<LI><a href="#[123]">&gt;&gt;</a>&nbsp;&nbsp;&nbsp;BSP_SDRAM_Initialization_sequence
</UL>
<BR>[Called By]<UL><LI><a href="#[116]">&gt;&gt;</a>&nbsp;&nbsp;&nbsp;BSP_LCD_Init
</UL>

<P><STRONG><a name="[123]"></a>BSP_SDRAM_Initialization_sequence</STRONG> (Thumb, 134 bytes, Stack size 32 bytes, stm32746g_discovery_sdram.o(i.BSP_SDRAM_Initialization_sequence))
<BR><BR>[Stack]<UL><LI>Max Depth = 72<LI>Call Chain = BSP_SDRAM_Initialization_sequence &rArr; HAL_SDRAM_SendCommand &rArr; FMC_SDRAM_SendCommand
</UL>
<BR>[Calls]<UL><LI><a href="#[124]">&gt;&gt;</a>&nbsp;&nbsp;&nbsp;HAL_SDRAM_SendCommand
<LI><a href="#[125]">&gt;&gt;</a>&nbsp;&nbsp;&nbsp;HAL_SDRAM_ProgramRefreshRate
<LI><a href="#[f5]">&gt;&gt;</a>&nbsp;&nbsp;&nbsp;HAL_Delay
</UL>
<BR>[Called By]<UL><LI><a href="#[11a]">&gt;&gt;</a>&nbsp;&nbsp;&nbsp;BSP_SDRAM_Init
</UL>

<P><STRONG><a name="[121]"></a>BSP_SDRAM_MspInit</STRONG> (Thumb, 320 bytes, Stack size 48 bytes, stm32746g_discovery_sdram.o(i.BSP_SDRAM_MspInit))
<BR><BR>[Stack]<UL><LI>Max Depth = 88<LI>Call Chain = BSP_SDRAM_MspInit &rArr; HAL_GPIO_Init
</UL>
<BR>[Calls]<UL><LI><a href="#[107]">&gt;&gt;</a>&nbsp;&nbsp;&nbsp;HAL_NVIC_SetPriority
<LI><a href="#[108]">&gt;&gt;</a>&nbsp;&nbsp;&nbsp;HAL_NVIC_EnableIRQ
<LI><a href="#[104]">&gt;&gt;</a>&nbsp;&nbsp;&nbsp;HAL_GPIO_Init
<LI><a href="#[106]">&gt;&gt;</a>&nbsp;&nbsp;&nbsp;HAL_DMA_Init
<LI><a href="#[105]">&gt;&gt;</a>&nbsp;&nbsp;&nbsp;HAL_DMA_DeInit
</UL>
<BR>[Called By]<UL><LI><a href="#[11a]">&gt;&gt;</a>&nbsp;&nbsp;&nbsp;BSP_SDRAM_Init
</UL>

<P><STRONG><a name="[126]"></a>BSP_SD_Detect_MspInit</STRONG> (Thumb, 48 bytes, Stack size 32 bytes, stm32746g_discovery_sd.o(i.BSP_SD_Detect_MspInit))
<BR><BR>[Stack]<UL><LI>Max Depth = 72<LI>Call Chain = BSP_SD_Detect_MspInit &rArr; HAL_GPIO_Init
</UL>
<BR>[Calls]<UL><LI><a href="#[104]">&gt;&gt;</a>&nbsp;&nbsp;&nbsp;HAL_GPIO_Init
</UL>
<BR>[Called By]<UL><LI><a href="#[12b]">&gt;&gt;</a>&nbsp;&nbsp;&nbsp;BSP_SD_Init
</UL>

<P><STRONG><a name="[127]"></a>BSP_SD_GetCardInfo</STRONG> (Thumb, 8 bytes, Stack size 0 bytes, stm32746g_discovery_sd.o(i.BSP_SD_GetCardInfo))
<BR><BR>[Stack]<UL><LI>Max Depth = 36<LI>Call Chain = BSP_SD_GetCardInfo &rArr; HAL_SD_Get_CardInfo
</UL>
<BR>[Calls]<UL><LI><a href="#[128]">&gt;&gt;</a>&nbsp;&nbsp;&nbsp;HAL_SD_Get_CardInfo
</UL>
<BR>[Called By]<UL><LI><a href="#[d8]">&gt;&gt;</a>&nbsp;&nbsp;&nbsp;SD_ioctl
</UL>

<P><STRONG><a name="[129]"></a>BSP_SD_GetStatus</STRONG> (Thumb, 6 bytes, Stack size 0 bytes, stm32746g_discovery_sd.o(i.BSP_SD_GetStatus))
<BR><BR>[Stack]<UL><LI>Max Depth = 56<LI>Call Chain = BSP_SD_GetStatus &rArr; HAL_SD_GetStatus &rArr; SD_CmdResp1Error &rArr; SDMMC_GetResponse
</UL>
<BR>[Calls]<UL><LI><a href="#[12a]">&gt;&gt;</a>&nbsp;&nbsp;&nbsp;HAL_SD_GetStatus
</UL>
<BR>[Called By]<UL><LI><a href="#[d5]">&gt;&gt;</a>&nbsp;&nbsp;&nbsp;SD_status
</UL>

<P><STRONG><a name="[12b]"></a>BSP_SD_Init</STRONG> (Thumb, 82 bytes, Stack size 8 bytes, stm32746g_discovery_sd.o(i.BSP_SD_Init))
<BR><BR>[Stack]<UL><LI>Max Depth = 200<LI>Call Chain = BSP_SD_Init &rArr; HAL_SD_WideBusOperation_Config &rArr; SD_WideBus_Enable &rArr; SD_FindSCR &rArr; SD_CmdResp1Error &rArr; SDMMC_GetResponse
</UL>
<BR>[Calls]<UL><LI><a href="#[12f]">&gt;&gt;</a>&nbsp;&nbsp;&nbsp;HAL_SD_WideBusOperation_Config
<LI><a href="#[12e]">&gt;&gt;</a>&nbsp;&nbsp;&nbsp;HAL_SD_Init
<LI><a href="#[12d]">&gt;&gt;</a>&nbsp;&nbsp;&nbsp;BSP_SD_MspInit
<LI><a href="#[126]">&gt;&gt;</a>&nbsp;&nbsp;&nbsp;BSP_SD_Detect_MspInit
<LI><a href="#[12c]">&gt;&gt;</a>&nbsp;&nbsp;&nbsp;BSP_SD_IsDetected
</UL>
<BR>[Called By]<UL><LI><a href="#[d4]">&gt;&gt;</a>&nbsp;&nbsp;&nbsp;SD_initialize
</UL>

<P><STRONG><a name="[12c]"></a>BSP_SD_IsDetected</STRONG> (Thumb, 32 bytes, Stack size 8 bytes, stm32746g_discovery_sd.o(i.BSP_SD_IsDetected))
<BR><BR>[Stack]<UL><LI>Max Depth = 8<LI>Call Chain = BSP_SD_IsDetected
</UL>
<BR>[Calls]<UL><LI><a href="#[130]">&gt;&gt;</a>&nbsp;&nbsp;&nbsp;HAL_GPIO_ReadPin
</UL>
<BR>[Called By]<UL><LI><a href="#[12b]">&gt;&gt;</a>&nbsp;&nbsp;&nbsp;BSP_SD_Init
</UL>

<P><STRONG><a name="[12d]"></a>BSP_SD_MspInit</STRONG> (Thumb, 308 bytes, Stack size 64 bytes, stm32746g_discovery_sd.o(i.BSP_SD_MspInit))
<BR><BR>[Stack]<UL><LI>Max Depth = 104<LI>Call Chain = BSP_SD_MspInit &rArr; HAL_GPIO_Init
</UL>
<BR>[Calls]<UL><LI><a href="#[107]">&gt;&gt;</a>&nbsp;&nbsp;&nbsp;HAL_NVIC_SetPriority
<LI><a href="#[108]">&gt;&gt;</a>&nbsp;&nbsp;&nbsp;HAL_NVIC_EnableIRQ
<LI><a href="#[104]">&gt;&gt;</a>&nbsp;&nbsp;&nbsp;HAL_GPIO_Init
<LI><a href="#[106]">&gt;&gt;</a>&nbsp;&nbsp;&nbsp;HAL_DMA_Init
<LI><a href="#[105]">&gt;&gt;</a>&nbsp;&nbsp;&nbsp;HAL_DMA_DeInit
</UL>
<BR>[Called By]<UL><LI><a href="#[12b]">&gt;&gt;</a>&nbsp;&nbsp;&nbsp;BSP_SD_Init
</UL>

<P><STRONG><a name="[131]"></a>BSP_SD_ReadBlocks</STRONG> (Thumb, 26 bytes, Stack size 16 bytes, stm32746g_discovery_sd.o(i.BSP_SD_ReadBlocks))
<BR><BR>[Stack]<UL><LI>Max Depth = 152<LI>Call Chain = BSP_SD_ReadBlocks &rArr; HAL_SD_ReadBlocks &rArr; HAL_SD_StopTransfer &rArr; SD_CmdResp1Error &rArr; SDMMC_GetResponse
</UL>
<BR>[Calls]<UL><LI><a href="#[132]">&gt;&gt;</a>&nbsp;&nbsp;&nbsp;HAL_SD_ReadBlocks
</UL>
<BR>[Called By]<UL><LI><a href="#[d6]">&gt;&gt;</a>&nbsp;&nbsp;&nbsp;SD_read
</UL>

<P><STRONG><a name="[133]"></a>BSP_SD_WriteBlocks</STRONG> (Thumb, 26 bytes, Stack size 16 bytes, stm32746g_discovery_sd.o(i.BSP_SD_WriteBlocks))
<BR><BR>[Stack]<UL><LI>Max Depth = 192<LI>Call Chain = BSP_SD_WriteBlocks &rArr; HAL_SD_WriteBlocks &rArr; SD_IsCardProgramming &rArr; SDMMC_SendCommand
</UL>
<BR>[Calls]<UL><LI><a href="#[134]">&gt;&gt;</a>&nbsp;&nbsp;&nbsp;HAL_SD_WriteBlocks
</UL>
<BR>[Called By]<UL><LI><a href="#[d7]">&gt;&gt;</a>&nbsp;&nbsp;&nbsp;SD_write
</UL>

<P><STRONG><a name="[4]"></a>BusFault_Handler</STRONG> (Thumb, 2 bytes, Stack size 0 bytes, stm32f7xx_it.o(i.BusFault_Handler))
<BR><BR>[Calls]<UL><LI><a href="#[4]">&gt;&gt;</a>&nbsp;&nbsp;&nbsp;BusFault_Handler
</UL>
<BR>[Called By]<UL><LI><a href="#[4]">&gt;&gt;</a>&nbsp;&nbsp;&nbsp;BusFault_Handler
</UL>
<BR>[Address Reference Count : 1]<UL><LI> startup_stm32f746xx.o(RESET)
</UL>
<P><STRONG><a name="[46]"></a>DMA2_Stream4_IRQHandler</STRONG> (Thumb, 8 bytes, Stack size 0 bytes, stm32f7xx_it.o(i.DMA2_Stream4_IRQHandler))
<BR><BR>[Stack]<UL><LI>Max Depth = 24<LI>Call Chain = DMA2_Stream4_IRQHandler &rArr; HAL_DMA_IRQHandler
</UL>
<BR>[Calls]<UL><LI><a href="#[136]">&gt;&gt;</a>&nbsp;&nbsp;&nbsp;HAL_DMA_IRQHandler
</UL>
<BR>[Address Reference Count : 1]<UL><LI> startup_stm32f746xx.o(RESET)
</UL>
<P><STRONG><a name="[50]"></a>DMA2_Stream7_IRQHandler</STRONG> (Thumb, 8 bytes, Stack size 0 bytes, stm32f7xx_it.o(i.DMA2_Stream7_IRQHandler))
<BR><BR>[Stack]<UL><LI>Max Depth = 24<LI>Call Chain = DMA2_Stream7_IRQHandler &rArr; HAL_DMA_IRQHandler
</UL>
<BR>[Calls]<UL><LI><a href="#[136]">&gt;&gt;</a>&nbsp;&nbsp;&nbsp;HAL_DMA_IRQHandler
</UL>
<BR>[Address Reference Count : 1]<UL><LI> startup_stm32f746xx.o(RESET)
</UL>
<P><STRONG><a name="[7]"></a>DebugMon_Handler</STRONG> (Thumb, 2 bytes, Stack size 0 bytes, stm32f7xx_it.o(i.DebugMon_Handler))
<BR>[Address Reference Count : 1]<UL><LI> startup_stm32f746xx.o(RESET)
</UL>
<P><STRONG><a name="[218]"></a>FATFS_LinkDriver</STRONG> (Thumb, 6 bytes, Stack size 0 bytes, ff_gen_drv.o(i.FATFS_LinkDriver))
<BR><BR>[Called By]<UL><LI><a href="#[6b]">&gt;&gt;</a>&nbsp;&nbsp;&nbsp;main
</UL>

<P><STRONG><a name="[23a]"></a>FATFS_LinkDriverEx</STRONG> (Thumb, 60 bytes, Stack size 16 bytes, ff_gen_drv.o(i.FATFS_LinkDriverEx), UNUSED)

<P><STRONG><a name="[16d]"></a>FMC_SDRAM_Init</STRONG> (Thumb, 94 bytes, Stack size 20 bytes, stm32f7xx_ll_fmc.o(i.FMC_SDRAM_Init))
<BR><BR>[Stack]<UL><LI>Max Depth = 20<LI>Call Chain = FMC_SDRAM_Init
</UL>
<BR>[Called By]<UL><LI><a href="#[122]">&gt;&gt;</a>&nbsp;&nbsp;&nbsp;HAL_SDRAM_Init
</UL>

<P><STRONG><a name="[16f]"></a>FMC_SDRAM_ProgramRefreshRate</STRONG> (Thumb, 12 bytes, Stack size 0 bytes, stm32f7xx_ll_fmc.o(i.FMC_SDRAM_ProgramRefreshRate))
<BR><BR>[Called By]<UL><LI><a href="#[125]">&gt;&gt;</a>&nbsp;&nbsp;&nbsp;HAL_SDRAM_ProgramRefreshRate
</UL>

<P><STRONG><a name="[137]"></a>FMC_SDRAM_SendCommand</STRONG> (Thumb, 72 bytes, Stack size 24 bytes, stm32f7xx_ll_fmc.o(i.FMC_SDRAM_SendCommand))
<BR><BR>[Stack]<UL><LI>Max Depth = 24<LI>Call Chain = FMC_SDRAM_SendCommand
</UL>
<BR>[Calls]<UL><LI><a href="#[138]">&gt;&gt;</a>&nbsp;&nbsp;&nbsp;HAL_GetTick
</UL>
<BR>[Called By]<UL><LI><a href="#[124]">&gt;&gt;</a>&nbsp;&nbsp;&nbsp;HAL_SDRAM_SendCommand
</UL>

<P><STRONG><a name="[16e]"></a>FMC_SDRAM_Timing_Init</STRONG> (Thumb, 130 bytes, Stack size 28 bytes, stm32f7xx_ll_fmc.o(i.FMC_SDRAM_Timing_Init))
<BR><BR>[Stack]<UL><LI>Max Depth = 28<LI>Call Chain = FMC_SDRAM_Timing_Init
</UL>
<BR>[Called By]<UL><LI><a href="#[122]">&gt;&gt;</a>&nbsp;&nbsp;&nbsp;HAL_SDRAM_Init
</UL>

[...]
<BR>[Called By]<UL><LI><a href="#[8f]">&gt;&gt;</a>&nbsp;&nbsp;&nbsp;read_markers
</UL>

<P><STRONG><a name="[21f]"></a>get_soi</STRONG> (Thumb, 124 bytes, Stack size 16 bytes, jdmarker.o(i.get_soi))
<BR><BR>[Stack]<UL><LI>Max Depth = 16<LI>Call Chain = get_soi
</UL>
<BR>[Called By]<UL><LI><a href="#[8f]">&gt;&gt;</a>&nbsp;&nbsp;&nbsp;read_markers
</UL>

<P><STRONG><a name="[221]"></a>get_sos</STRONG> (Thumb, 506 bytes, Stack size 40 bytes, jdmarker.o(i.get_sos))
<BR><BR>[Stack]<UL><LI>Max Depth = 40<LI>Call Chain = get_sos
</UL>
<BR>[Called By]<UL><LI><a href="#[8f]">&gt;&gt;</a>&nbsp;&nbsp;&nbsp;read_markers
</UL>

<P><STRONG><a name="[214]"></a>next_marker</STRONG> (Thumb, 170 bytes, Stack size 24 bytes, jdmarker.o(i.next_marker))
<BR><BR>[Stack]<UL><LI>Max Depth = 24<LI>Call Chain = next_marker
</UL>
<BR>[Called By]<UL><LI><a href="#[b3]">&gt;&gt;</a>&nbsp;&nbsp;&nbsp;jpeg_resync_to_restart
<LI><a href="#[90]">&gt;&gt;</a>&nbsp;&nbsp;&nbsp;read_restart_marker
<LI><a href="#[8f]">&gt;&gt;</a>&nbsp;&nbsp;&nbsp;read_markers
</UL>

<P><STRONG><a name="[8f]"></a>read_markers</STRONG> (Thumb, 402 bytes, Stack size 16 bytes, jdmarker.o(i.read_markers))
<BR><BR>[Stack]<UL><LI>Max Depth = 368<LI>Call Chain = read_markers &rArr; get_dht &rArr; jpeg_alloc_huff_table
</UL>
<BR>[Calls]<UL><LI><a href="#[8d]">&gt;&gt;</a>&nbsp;&nbsp;&nbsp;skip_variable
<LI><a href="#[214]">&gt;&gt;</a>&nbsp;&nbsp;&nbsp;next_marker
<LI><a href="#[221]">&gt;&gt;</a>&nbsp;&nbsp;&nbsp;get_sos
<LI><a href="#[21f]">&gt;&gt;</a>&nbsp;&nbsp;&nbsp;get_soi
<LI><a href="#[220]">&gt;&gt;</a>&nbsp;&nbsp;&nbsp;get_sof
<LI><a href="#[223]">&gt;&gt;</a>&nbsp;&nbsp;&nbsp;get_dri
<LI><a href="#[1e6]">&gt;&gt;</a>&nbsp;&nbsp;&nbsp;get_dqt
<LI><a href="#[1e4]">&gt;&gt;</a>&nbsp;&nbsp;&nbsp;get_dht
<LI><a href="#[222]">&gt;&gt;</a>&nbsp;&nbsp;&nbsp;get_dac
<LI><a href="#[21e]">&gt;&gt;</a>&nbsp;&nbsp;&nbsp;first_marker
</UL>
<BR>[Address Reference Count : 1]<UL><LI> jdmarker.o(i.jinit_marker_reader)
</UL>
<P><STRONG><a name="[90]"></a>read_restart_marker</STRONG> (Thumb, 102 bytes, Stack size 8 bytes, jdmarker.o(i.read_restart_marker))
<BR><BR>[Stack]<UL><LI>Max Depth = 32<LI>Call Chain = read_restart_marker &rArr; next_marker
</UL>
<BR>[Calls]<UL><LI><a href="#[214]">&gt;&gt;</a>&nbsp;&nbsp;&nbsp;next_marker
</UL>
<BR>[Address Reference Count : 1]<UL><LI> jdmarker.o(i.jinit_marker_reader)
</UL>
<P><STRONG><a name="[8e]"></a>reset_marker_reader</STRONG> (Thumb, 30 bytes, Stack size 0 bytes, jdmarker.o(i.reset_marker_reader))
<BR><BR>[Called By]<UL><LI><a href="#[1f8]">&gt;&gt;</a>&nbsp;&nbsp;&nbsp;jinit_marker_reader
</UL>
<BR>[Address Reference Count : 1]<UL><LI> jdmarker.o(i.jinit_marker_reader)
</UL>
<P><STRONG><a name="[8d]"></a>skip_variable</STRONG> (Thumb, 118 bytes, Stack size 24 bytes, jdmarker.o(i.skip_variable))
<BR><BR>[Stack]<UL><LI>Max Depth = 24<LI>Call Chain = skip_variable
</UL>
<BR>[Called By]<UL><LI><a href="#[8f]">&gt;&gt;</a>&nbsp;&nbsp;&nbsp;read_markers
</UL>
<BR>[Address Reference Count : 1]<UL><LI> jdmarker.o(i.jinit_marker_reader)
</UL>
<P><STRONG><a name="[b1]"></a>fill_input_buffer</STRONG> (Thumb, 90 bytes, Stack size 16 bytes, jdatasrc.o(i.fill_input_buffer))
<BR><BR>[Stack]<UL><LI>Max Depth = 128<LI>Call Chain = fill_input_buffer &rArr; f_read &rArr; get_fat &rArr; move_window &rArr; sync_window &rArr; disk_write
</UL>
<BR>[Calls]<UL><LI><a href="#[191]">&gt;&gt;</a>&nbsp;&nbsp;&nbsp;f_read
</UL>
<BR>[Address Reference Count : 1]<UL><LI> jdatasrc.o(i.jpeg_stdio_src)
</UL>
<P><STRONG><a name="[b0]"></a>init_source</STRONG> (Thumb, 8 bytes, Stack size 0 bytes, jdatasrc.o(i.init_source))
<BR>[Address Reference Count : 1]<UL><LI> jdatasrc.o(i.jpeg_stdio_src)
</UL>
<P><STRONG><a name="[b2]"></a>skip_input_data</STRONG> (Thumb, 40 bytes, Stack size 16 bytes, jdatasrc.o(i.skip_input_data))
<BR><BR>[Stack]<UL><LI>Max Depth = 16<LI>Call Chain = skip_input_data
</UL>
<BR>[Address Reference Count : 1]<UL><LI> jdatasrc.o(i.jpeg_stdio_src)
</UL>
<P><STRONG><a name="[b4]"></a>term_source</STRONG> (Thumb, 2 bytes, Stack size 0 bytes, jdatasrc.o(i.term_source))
<BR>[Address Reference Count : 1]<UL><LI> jdatasrc.o(i.jpeg_stdio_src)
</UL>
<P><STRONG><a name="[1ed]"></a>alloc_fs_workspace</STRONG> (Thumb, 50 bytes, Stack size 24 bytes, jquant1.o(i.alloc_fs_workspace))
<BR><BR>[Stack]<UL><LI>Max Depth = 24<LI>Call Chain = alloc_fs_workspace
</UL>
<BR>[Called By]<UL><LI><a href="#[1ec]">&gt;&gt;</a>&nbsp;&nbsp;&nbsp;jinit_1pass_quantizer
<LI><a href="#[74]">&gt;&gt;</a>&nbsp;&nbsp;&nbsp;start_pass_1_quant
</UL>

<P><STRONG><a name="[be]"></a>color_quantize</STRONG> (Thumb, 86 bytes, Stack size 36 bytes, jquant1.o(i.color_quantize))
<BR><BR>[Stack]<UL><LI>Max Depth = 36<LI>Call Chain = color_quantize
</UL>
<BR>[Address Reference Count : 1]<UL><LI> jquant1.o(i.start_pass_1_quant)
</UL>
<P><STRONG><a name="[bf]"></a>color_quantize3</STRONG> (Thumb, 92 bytes, Stack size 36 bytes, jquant1.o(i.color_quantize3))
<BR><BR>[Stack]<UL><LI>Max Depth = 36<LI>Call Chain = color_quantize3
</UL>
<BR>[Address Reference Count : 1]<UL><LI> jquant1.o(i.start_pass_1_quant)
</UL>
<P><STRONG><a name="[1b5]"></a>create_colorindex</STRONG> (Thumb, 208 bytes, Stack size 40 bytes, jquant1.o(i.create_colorindex))
<BR><BR>[Stack]<UL><LI>Max Depth = 40<LI>Call Chain = create_colorindex
</UL>
<BR>[Calls]<UL><LI><a href="#[1b6]">&gt;&gt;</a>&nbsp;&nbsp;&nbsp;largest_input_value
</UL>
<BR>[Called By]<UL><LI><a href="#[1ec]">&gt;&gt;</a>&nbsp;&nbsp;&nbsp;jinit_1pass_quantizer
<LI><a href="#[74]">&gt;&gt;</a>&nbsp;&nbsp;&nbsp;start_pass_1_quant
</UL>

<P><STRONG><a name="[1b7]"></a>create_colormap</STRONG> (Thumb, 198 bytes, Stack size 40 bytes, jquant1.o(i.create_colormap))
<BR><BR>[Stack]<UL><LI>Max Depth = 72<LI>Call Chain = create_colormap &rArr; select_ncolors
</UL>
<BR>[Calls]<UL><LI><a href="#[1b8]">&gt;&gt;</a>&nbsp;&nbsp;&nbsp;select_ncolors
</UL>
<BR>[Called By]<UL><LI><a href="#[1ec]">&gt;&gt;</a>&nbsp;&nbsp;&nbsp;jinit_1pass_quantizer
</UL>

<P><STRONG><a name="[227]"></a>create_odither_tables</STRONG> (Thumb, 156 bytes, Stack size 40 bytes, jquant1.o(i.create_odither_tables))
<BR><BR>[Stack]<UL><LI>Max Depth = 40<LI>Call Chain = create_odither_tables
</UL>
<BR>[Called By]<UL><LI><a href="#[74]">&gt;&gt;</a>&nbsp;&nbsp;&nbsp;start_pass_1_quant
</UL>

<P><STRONG><a name="[75]"></a>finish_pass_1_quant</STRONG> (Thumb, 2 bytes, Stack size 0 bytes, jquant1.o(i.finish_pass_1_quant))
<BR>[Address Reference Count : 1]<UL><LI> jquant1.o(i.jinit_1pass_quantizer)
</UL>
<P><STRONG><a name="[1b6]"></a>largest_input_value</STRONG> (Thumb, 20 bytes, Stack size 0 bytes, jquant1.o(i.largest_input_value))
<BR><BR>[Called By]<UL><LI><a href="#[1b5]">&gt;&gt;</a>&nbsp;&nbsp;&nbsp;create_colorindex
</UL>

<P><STRONG><a name="[76]"></a>new_color_map_1_quant</STRONG> (Thumb, 12 bytes, Stack size 0 bytes, jquant1.o(i.new_color_map_1_quant))
<BR>[Address Reference Count : 1]<UL><LI> jquant1.o(i.jinit_1pass_quantizer)
</UL>
<P><STRONG><a name="[c1]"></a>quantize3_ord_dither</STRONG> (Thumb, 176 bytes, Stack size 72 bytes, jquant1.o(i.quantize3_ord_dither))
<BR><BR>[Stack]<UL><LI>Max Depth = 72<LI>Call Chain = quantize3_ord_dither
</UL>
<BR>[Address Reference Count : 1]<UL><LI> jquant1.o(i.start_pass_1_quant)
</UL>
<P><STRONG><a name="[c2]"></a>quantize_fs_dither</STRONG> (Thumb, 282 bytes, Stack size 80 bytes, jquant1.o(i.quantize_fs_dither))
<BR><BR>[Stack]<UL><LI>Max Depth = 80<LI>Call Chain = quantize_fs_dither
</UL>
<BR>[Calls]<UL><LI><a href="#[e7]">&gt;&gt;</a>&nbsp;&nbsp;&nbsp;__aeabi_memclr
</UL>
<BR>[Address Reference Count : 1]<UL><LI> jquant1.o(i.start_pass_1_quant)
</UL>
<P><STRONG><a name="[c0]"></a>quantize_ord_dither</STRONG> (Thumb, 148 bytes, Stack size 56 bytes, jquant1.o(i.quantize_ord_dither))
<BR><BR>[Stack]<UL><LI>Max Depth = 56<LI>Call Chain = quantize_ord_dither
</UL>
<BR>[Calls]<UL><LI><a href="#[e7]">&gt;&gt;</a>&nbsp;&nbsp;&nbsp;__aeabi_memclr
</UL>
<BR>[Address Reference Count : 1]<UL><LI> jquant1.o(i.start_pass_1_quant)
</UL>
<P><STRONG><a name="[1b8]"></a>select_ncolors</STRONG> (Thumb, 148 bytes, Stack size 32 bytes, jquant1.o(i.select_ncolors))
<BR><BR>[Stack]<UL><LI>Max Depth = 32<LI>Call Chain = select_ncolors
</UL>
<BR>[Called By]<UL><LI><a href="#[1b7]">&gt;&gt;</a>&nbsp;&nbsp;&nbsp;create_colormap
</UL>

<P><STRONG><a name="[74]"></a>start_pass_1_quant</STRONG> (Thumb, 166 bytes, Stack size 24 bytes, jquant1.o(i.start_pass_1_quant))
<BR><BR>[Stack]<UL><LI>Max Depth = 64<LI>Call Chain = start_pass_1_quant &rArr; create_odither_tables
</UL>
<BR>[Calls]<UL><LI><a href="#[e7]">&gt;&gt;</a>&nbsp;&nbsp;&nbsp;__aeabi_memclr
<LI><a href="#[227]">&gt;&gt;</a>&nbsp;&nbsp;&nbsp;create_odither_tables
<LI><a href="#[1b5]">&gt;&gt;</a>&nbsp;&nbsp;&nbsp;create_colorindex
<LI><a href="#[1ed]">&gt;&gt;</a>&nbsp;&nbsp;&nbsp;alloc_fs_workspace
</UL>
<BR>[Address Reference Count : 1]<UL><LI> jquant1.o(i.jinit_1pass_quantizer)
</UL>
<P><STRONG><a name="[1ff]"></a>build_ycc_rgb_table</STRONG> (Thumb, 148 bytes, Stack size 24 bytes, jdmerge.o(i.build_ycc_rgb_table))
<BR><BR>[Stack]<UL><LI>Max Depth = 24<LI>Call Chain = build_ycc_rgb_table
</UL>
<BR>[Called By]<UL><LI><a href="#[1fe]">&gt;&gt;</a>&nbsp;&nbsp;&nbsp;jinit_merged_upsampler
</UL>

<P><STRONG><a name="[a1]"></a>h2v1_merged_upsample</STRONG> (Thumb, 240 bytes, Stack size 52 bytes, jdmerge.o(i.h2v1_merged_upsample))
<BR><BR>[Stack]<UL><LI>Max Depth = 52<LI>Call Chain = h2v1_merged_upsample
</UL>
<BR>[Address Reference Count : 1]<UL><LI> jdmerge.o(i.jinit_merged_upsampler)
</UL>
<P><STRONG><a name="[a3]"></a>h2v2_merged_upsample</STRONG> (Thumb, 374 bytes, Stack size 72 bytes, jdmerge.o(i.h2v2_merged_upsample))
<BR><BR>[Stack]<UL><LI>Max Depth = 72<LI>Call Chain = h2v2_merged_upsample
</UL>
<BR>[Address Reference Count : 1]<UL><LI> jdmerge.o(i.jinit_merged_upsampler)
</UL>
<P><STRONG><a name="[a0]"></a>merged_1v_upsample</STRONG> (Thumb, 42 bytes, Stack size 24 bytes, jdmerge.o(i.merged_1v_upsample))
<BR><BR>[Stack]<UL><LI>Max Depth = 24<LI>Call Chain = merged_1v_upsample
</UL>
<BR>[Address Reference Count : 1]<UL><LI> jdmerge.o(i.jinit_merged_upsampler)
</UL>
<P><STRONG><a name="[a2]"></a>merged_2v_upsample</STRONG> (Thumb, 146 bytes, Stack size 40 bytes, jdmerge.o(i.merged_2v_upsample))
<BR><BR>[Stack]<UL><LI>Max Depth = 64<LI>Call Chain = merged_2v_upsample &rArr; jcopy_sample_rows
</UL>
<BR>[Calls]<UL><LI><a href="#[1ea]">&gt;&gt;</a>&nbsp;&nbsp;&nbsp;jcopy_sample_rows
</UL>
<BR>[Address Reference Count : 1]<UL><LI> jdmerge.o(i.jinit_merged_upsampler)
</UL>
<P><STRONG><a name="[9f]"></a>start_pass_merged_upsample</STRONG> (Thumb, 14 bytes, Stack size 0 bytes, jdmerge.o(i.start_pass_merged_upsample))
<BR>[Address Reference Count : 1]<UL><LI> jdmerge.o(i.jinit_merged_upsampler)
</UL>
<P><STRONG><a name="[215]"></a>output_pass_setup</STRONG> (Thumb, 150 bytes, Stack size 24 bytes, jdapistd.o(i.output_pass_setup))
<BR><BR>[Stack]<UL><LI>Max Depth = 24<LI>Call Chain = output_pass_setup
</UL>
<BR>[Called By]<UL><LI><a href="#[20c]">&gt;&gt;</a>&nbsp;&nbsp;&nbsp;jpeg_start_decompress
</UL>

<P><STRONG><a name="[d0]"></a>decode_mcu</STRONG> (Thumb, 724 bytes, Stack size 136 bytes, jdhuff.o(i.decode_mcu))
<BR><BR>[Stack]<UL><LI>Max Depth = 192<LI>Call Chain = decode_mcu &rArr; jpeg_huff_decode &rArr; jpeg_fill_bit_buffer
</UL>
<BR>[Calls]<UL><LI><a href="#[154]">&gt;&gt;</a>&nbsp;&nbsp;&nbsp;__aeabi_memcpy4
<LI><a href="#[1bc]">&gt;&gt;</a>&nbsp;&nbsp;&nbsp;process_restart
<LI><a href="#[1be]">&gt;&gt;</a>&nbsp;&nbsp;&nbsp;jpeg_huff_decode
<LI><a href="#[1bd]">&gt;&gt;</a>&nbsp;&nbsp;&nbsp;jpeg_fill_bit_buffer
</UL>
<BR>[Address Reference Count : 1]<UL><LI> jdhuff.o(i.start_pass_huff_decoder)
</UL>
<P><STRONG><a name="[cc]"></a>decode_mcu_AC_first</STRONG> (Thumb, 358 bytes, Stack size 72 bytes, jdhuff.o(i.decode_mcu_AC_first))
<BR><BR>[Stack]<UL><LI>Max Depth = 128<LI>Call Chain = decode_mcu_AC_first &rArr; jpeg_huff_decode &rArr; jpeg_fill_bit_buffer
</UL>
<BR>[Calls]<UL><LI><a href="#[1bc]">&gt;&gt;</a>&nbsp;&nbsp;&nbsp;process_restart
<LI><a href="#[1be]">&gt;&gt;</a>&nbsp;&nbsp;&nbsp;jpeg_huff_decode
<LI><a href="#[1bd]">&gt;&gt;</a>&nbsp;&nbsp;&nbsp;jpeg_fill_bit_buffer
</UL>
<BR>[Address Reference Count : 1]<UL><LI> jdhuff.o(i.start_pass_huff_decoder)
</UL>
<P><STRONG><a name="[cb]"></a>decode_mcu_AC_refine</STRONG> (Thumb, 650 bytes, Stack size 376 bytes, jdhuff.o(i.decode_mcu_AC_refine))
<BR><BR>[Stack]<UL><LI>Max Depth = 432<LI>Call Chain = decode_mcu_AC_refine &rArr; jpeg_huff_decode &rArr; jpeg_fill_bit_buffer
</UL>
<BR>[Calls]<UL><LI><a href="#[1bc]">&gt;&gt;</a>&nbsp;&nbsp;&nbsp;process_restart
<LI><a href="#[1be]">&gt;&gt;</a>&nbsp;&nbsp;&nbsp;jpeg_huff_decode
<LI><a href="#[1bd]">&gt;&gt;</a>&nbsp;&nbsp;&nbsp;jpeg_fill_bit_buffer
</UL>
<BR>[Address Reference Count : 1]<UL><LI> jdhuff.o(i.start_pass_huff_decoder)
</UL>
<P><STRONG><a name="[cd]"></a>decode_mcu_DC_first</STRONG> (Thumb, 342 bytes, Stack size 96 bytes, jdhuff.o(i.decode_mcu_DC_first))
<BR><BR>[Stack]<UL><LI>Max Depth = 152<LI>Call Chain = decode_mcu_DC_first &rArr; jpeg_huff_decode &rArr; jpeg_fill_bit_buffer
</UL>
<BR>[Calls]<UL><LI><a href="#[154]">&gt;&gt;</a>&nbsp;&nbsp;&nbsp;__aeabi_memcpy4
<LI><a href="#[1bc]">&gt;&gt;</a>&nbsp;&nbsp;&nbsp;process_restart
<LI><a href="#[1be]">&gt;&gt;</a>&nbsp;&nbsp;&nbsp;jpeg_huff_decode
<LI><a href="#[1bd]">&gt;&gt;</a>&nbsp;&nbsp;&nbsp;jpeg_fill_bit_buffer
</UL>
<BR>[Address Reference Count : 1]<UL><LI> jdhuff.o(i.start_pass_huff_decoder)
</UL>
<P><STRONG><a name="[ce]"></a>decode_mcu_DC_refine</STRONG> (Thumb, 146 bytes, Stack size 48 bytes, jdhuff.o(i.decode_mcu_DC_refine))
<BR><BR>[Stack]<UL><LI>Max Depth = 80<LI>Call Chain = decode_mcu_DC_refine &rArr; jpeg_fill_bit_buffer
</UL>
<BR>[Calls]<UL><LI><a href="#[1bc]">&gt;&gt;</a>&nbsp;&nbsp;&nbsp;process_restart
<LI><a href="#[1bd]">&gt;&gt;</a>&nbsp;&nbsp;&nbsp;jpeg_fill_bit_buffer
</UL>
<BR>[Address Reference Count : 1]<UL><LI> jdhuff.o(i.start_pass_huff_decoder)
</UL>
<P><STRONG><a name="[cf]"></a>decode_mcu_sub</STRONG> (Thumb, 748 bytes, Stack size 144 bytes, jdhuff.o(i.decode_mcu_sub))
<BR><BR>[Stack]<UL><LI>Max Depth = 200<LI>Call Chain = decode_mcu_sub &rArr; jpeg_huff_decode &rArr; jpeg_fill_bit_buffer
</UL>
<BR>[Calls]<UL><LI><a href="#[154]">&gt;&gt;</a>&nbsp;&nbsp;&nbsp;__aeabi_memcpy4
<LI><a href="#[1bc]">&gt;&gt;</a>&nbsp;&nbsp;&nbsp;process_restart
<LI><a href="#[1be]">&gt;&gt;</a>&nbsp;&nbsp;&nbsp;jpeg_huff_decode
<LI><a href="#[1bd]">&gt;&gt;</a>&nbsp;&nbsp;&nbsp;jpeg_fill_bit_buffer
</UL>
<BR>[Address Reference Count : 1]<UL><LI> jdhuff.o(i.start_pass_huff_decoder)
</UL>
<P><STRONG><a name="[1bd]"></a>jpeg_fill_bit_buffer</STRONG> (Thumb, 170 bytes, Stack size 32 bytes, jdhuff.o(i.jpeg_fill_bit_buffer))
<BR><BR>[Stack]<UL><LI>Max Depth = 32<LI>Call Chain = jpeg_fill_bit_buffer
</UL>
<BR>[Called By]<UL><LI><a href="#[1be]">&gt;&gt;</a>&nbsp;&nbsp;&nbsp;jpeg_huff_decode
<LI><a href="#[cf]">&gt;&gt;</a>&nbsp;&nbsp;&nbsp;decode_mcu_sub
<LI><a href="#[ce]">&gt;&gt;</a>&nbsp;&nbsp;&nbsp;decode_mcu_DC_refine
<LI><a href="#[cd]">&gt;&gt;</a>&nbsp;&nbsp;&nbsp;decode_mcu_DC_first
<LI><a href="#[cb]">&gt;&gt;</a>&nbsp;&nbsp;&nbsp;decode_mcu_AC_refine
<LI><a href="#[cc]">&gt;&gt;</a>&nbsp;&nbsp;&nbsp;decode_mcu_AC_first
<LI><a href="#[d0]">&gt;&gt;</a>&nbsp;&nbsp;&nbsp;decode_mcu
</UL>

<P><STRONG><a name="[1be]"></a>jpeg_huff_decode</STRONG> (Thumb, 142 bytes, Stack size 24 bytes, jdhuff.o(i.jpeg_huff_decode))
<BR><BR>[Stack]<UL><LI>Max Depth = 56<LI>Call Chain = jpeg_huff_decode &rArr; jpeg_fill_bit_buffer
</UL>
<BR>[Calls]<UL><LI><a href="#[1bd]">&gt;&gt;</a>&nbsp;&nbsp;&nbsp;jpeg_fill_bit_buffer
</UL>
<BR>[Called By]<UL><LI><a href="#[cf]">&gt;&gt;</a>&nbsp;&nbsp;&nbsp;decode_mcu_sub
<LI><a href="#[cd]">&gt;&gt;</a>&nbsp;&nbsp;&nbsp;decode_mcu_DC_first
<LI><a href="#[cb]">&gt;&gt;</a>&nbsp;&nbsp;&nbsp;decode_mcu_AC_refine
<LI><a href="#[cc]">&gt;&gt;</a>&nbsp;&nbsp;&nbsp;decode_mcu_AC_first
<LI><a href="#[d0]">&gt;&gt;</a>&nbsp;&nbsp;&nbsp;decode_mcu
</UL>

<P><STRONG><a name="[213]"></a>jpeg_make_d_derived_tbl</STRONG> (Thumb, 470 bytes, Stack size 1384 bytes, jdhuff.o(i.jpeg_make_d_derived_tbl))
<BR><BR>[Stack]<UL><LI>Max Depth = 1384<LI>Call Chain = jpeg_make_d_derived_tbl
</UL>
<BR>[Calls]<UL><LI><a href="#[1ac]">&gt;&gt;</a>&nbsp;&nbsp;&nbsp;__aeabi_memclr4
</UL>
<BR>[Called By]<UL><LI><a href="#[88]">&gt;&gt;</a>&nbsp;&nbsp;&nbsp;start_pass_huff_decoder
</UL>

<P><STRONG><a name="[1bc]"></a>process_restart</STRONG> (Thumb, 88 bytes, Stack size 16 bytes, jdhuff.o(i.process_restart))
<BR><BR>[Stack]<UL><LI>Max Depth = 16<LI>Call Chain = process_restart
</UL>
<BR>[Called By]<UL><LI><a href="#[cf]">&gt;&gt;</a>&nbsp;&nbsp;&nbsp;decode_mcu_sub
<LI><a href="#[ce]">&gt;&gt;</a>&nbsp;&nbsp;&nbsp;decode_mcu_DC_refine
<LI><a href="#[cd]">&gt;&gt;</a>&nbsp;&nbsp;&nbsp;decode_mcu_DC_first
<LI><a href="#[cb]">&gt;&gt;</a>&nbsp;&nbsp;&nbsp;decode_mcu_AC_refine
<LI><a href="#[cc]">&gt;&gt;</a>&nbsp;&nbsp;&nbsp;decode_mcu_AC_first
<LI><a href="#[d0]">&gt;&gt;</a>&nbsp;&nbsp;&nbsp;decode_mcu
</UL>

<P><STRONG><a name="[88]"></a>start_pass_huff_decoder</STRONG> (Thumb, 972 bytes, Stack size 40 bytes, jdhuff.o(i.start_pass_huff_decoder))
<BR><BR>[Stack]<UL><LI>Max Depth = 1424<LI>Call Chain = start_pass_huff_decoder &rArr; jpeg_make_d_derived_tbl
</UL>
<BR>[Calls]<UL><LI><a href="#[213]">&gt;&gt;</a>&nbsp;&nbsp;&nbsp;jpeg_make_d_derived_tbl
</UL>
<BR>[Address Reference Count : 1]<UL><LI> jdhuff.o(i.jinit_huff_decoder)
</UL>
<P><STRONG><a name="[c8]"></a>post_process_1pass</STRONG> (Thumb, 88 bytes, Stack size 40 bytes, jdpostct.o(i.post_process_1pass))
<BR><BR>[Stack]<UL><LI>Max Depth = 40<LI>Call Chain = post_process_1pass
</UL>
<BR>[Address Reference Count : 1]<UL><LI> jdpostct.o(i.start_pass_dpost)
</UL>
<P><STRONG><a name="[ca]"></a>post_process_2pass</STRONG> (Thumb, 130 bytes, Stack size 40 bytes, jdpostct.o(i.post_process_2pass))
<BR><BR>[Stack]<UL><LI>Max Depth = 40<LI>Call Chain = post_process_2pass
</UL>
<BR>[Address Reference Count : 1]<UL><LI> jdpostct.o(i.start_pass_dpost)
</UL>
<P><STRONG><a name="[c9]"></a>post_process_prepass</STRONG> (Thumb, 138 bytes, Stack size 48 bytes, jdpostct.o(i.post_process_prepass))
<BR><BR>[Stack]<UL><LI>Max Depth = 48<LI>Call Chain = post_process_prepass
</UL>
<BR>[Address Reference Count : 1]<UL><LI> jdpostct.o(i.start_pass_dpost)
</UL>
<P><STRONG><a name="[87]"></a>start_pass_dpost</STRONG> (Thumb, 116 bytes, Stack size 16 bytes, jdpostct.o(i.start_pass_dpost))
<BR><BR>[Stack]<UL><LI>Max Depth = 16<LI>Call Chain = start_pass_dpost
</UL>
<BR>[Address Reference Count : 1]<UL><LI> jdpostct.o(i.jinit_d_post_controller)
</UL>
<P><STRONG><a name="[19f]"></a>_printf_core</STRONG> (Thumb, 996 bytes, Stack size 104 bytes, printf8.o(i._printf_core), UNUSED)
<BR><BR>[Calls]<UL><LI><a href="#[ef]">&gt;&gt;</a>&nbsp;&nbsp;&nbsp;__aeabi_uldivmod
<LI><a href="#[1a1]">&gt;&gt;</a>&nbsp;&nbsp;&nbsp;_printf_pre_padding
<LI><a href="#[1a2]">&gt;&gt;</a>&nbsp;&nbsp;&nbsp;_printf_post_padding
</UL>
<BR>[Called By]<UL><LI><a href="#[1a0]">&gt;&gt;</a>&nbsp;&nbsp;&nbsp;__0sprintf$8
<LI><a href="#[19e]">&gt;&gt;</a>&nbsp;&nbsp;&nbsp;__0printf$8
</UL>

<P><STRONG><a name="[1a2]"></a>_printf_post_padding</STRONG> (Thumb, 36 bytes, Stack size 24 bytes, printf8.o(i._printf_post_padding), UNUSED)
<BR><BR>[Called By]<UL><LI><a href="#[19f]">&gt;&gt;</a>&nbsp;&nbsp;&nbsp;_printf_core
</UL>

<P><STRONG><a name="[1a1]"></a>_printf_pre_padding</STRONG> (Thumb, 46 bytes, Stack size 24 bytes, printf8.o(i._printf_pre_padding), UNUSED)
<BR><BR>[Called By]<UL><LI><a href="#[19f]">&gt;&gt;</a>&nbsp;&nbsp;&nbsp;_printf_core
</UL>

<P><STRONG><a name="[72]"></a>_sputc</STRONG> (Thumb, 10 bytes, Stack size 0 bytes, printf8.o(i._sputc))
<BR><BR>[Called By]<UL><LI><a href="#[1a0]">&gt;&gt;</a>&nbsp;&nbsp;&nbsp;__0sprintf$8
</UL>
<BR>[Address Reference Count : 1]<UL><LI> printf8.o(i.__0sprintf$8)
</UL><P>
<H3>
Undefined Global Symbols
</H3><HR></body></html>
